BL51 BANKED LINKER/LOCATER V6.22.4.0                                                    04/17/2025  14:17:03  PAGE 1


BL51 BANKED LINKER/LOCATER V6.22.4.0, INVOKED BY:
C:\KEIL_V5\C51\BIN\BL51.EXE .\Release\Objects\STARTUP.obj, .\Release\Objects\system.obj, .\Release\Objects\main.obj, .\R
>> elease\Objects\pwm.obj, .\Release\Objects\adc.obj, .\Release\Objects\time0.obj, .\Release\Objects\debug.obj, .\Releas
>> e\Objects\timer1.obj TO .\Release\Objects\Demo PRINT (.\Release\Listings\Demo.m51) RAMSIZE (256) CODE (0X0000-0X3EEF)
>>  XDATA (0X6000-0X66FF)


MEMORY MODEL: LARGE WITH FLOATING POINT ARITHMETIC


INPUT MODULES INCLUDED:
  .\Release\Objects\STARTUP.obj (?C_STARTUP)
  .\Release\Objects\system.obj (SYSTEM)
  .\Release\Objects\main.obj (MAIN)
  .\Release\Objects\pwm.obj (PWM)
  .\Release\Objects\adc.obj (ADC)
  .\Release\Objects\time0.obj (TIME0)
  .\Release\Objects\debug.obj (DEBUG)
  .\Release\Objects\timer1.obj (TIMER1)
  C:\KEIL_V5\C51\LIB\C51FPL.LIB (?C?FPADD)
  C:\KEIL_V5\C51\LIB\C51FPL.LIB (?C?FPMUL)
  C:\KEIL_V5\C51\LIB\C51FPL.LIB (?C?FPDIV)
  C:\KEIL_V5\C51\LIB\C51FPL.LIB (?C?FPCMP)
  C:\KEIL_V5\C51\LIB\C51FPL.LIB (?C?FCAST)
  C:\KEIL_V5\C51\LIB\C51FPL.LIB (?C?CASTF)
  C:\KEIL_V5\C51\LIB\C51FPL.LIB (POW)
  C:\KEIL_V5\C51\LIB\C51FPL.LIB (?C?FPGETOPN)
  C:\KEIL_V5\C51\LIB\C51FPL.LIB (?C?CHKFLOAT)
  C:\KEIL_V5\C51\LIB\C51FPL.LIB (?C?FPNEG)
  C:\KEIL_V5\C51\LIB\C51FPL.LIB (EXP)
  C:\KEIL_V5\C51\LIB\C51FPL.LIB (LOG)
  C:\KEIL_V5\C51\LIB\C51FPL.LIB (?C?FPSERIES)
  C:\KEIL_V5\C51\LIB\C51L.LIB (?C_INIT)
  C:\KEIL_V5\C51\LIB\C51L.LIB (?C?CLDPTR)
  C:\KEIL_V5\C51\LIB\C51L.LIB (?C?ILDIX)
  C:\KEIL_V5\C51\LIB\C51L.LIB (?C?ILDOPTR)
  C:\KEIL_V5\C51\LIB\C51L.LIB (?C?ISTOPTR)
  C:\KEIL_V5\C51\LIB\C51L.LIB (?C?LMUL)
  C:\KEIL_V5\C51\LIB\C51L.LIB (?C?ULDIV)
  C:\KEIL_V5\C51\LIB\C51L.LIB (?C?LNEG)
  C:\KEIL_V5\C51\LIB\C51L.LIB (?C?ULCMP)
  C:\KEIL_V5\C51\LIB\C51L.LIB (?C?ULSHR)
  C:\KEIL_V5\C51\LIB\C51L.LIB (?C?LLDCODE)
  C:\KEIL_V5\C51\LIB\C51L.LIB (?C?LLDXDATA0)
  C:\KEIL_V5\C51\LIB\C51L.LIB (?C?LLDCODE0)
  C:\KEIL_V5\C51\LIB\C51L.LIB (?C?LSTXDATA)
  C:\KEIL_V5\C51\LIB\C51L.LIB (?C?LSTKXDATA)
  C:\KEIL_V5\C51\LIB\C51L.LIB (?C?MEMSET)


LINK MAP OF MODULE:  .\Release\Objects\Demo (?C_STARTUP)


            TYPE    BASE      LENGTH    RELOCATION   SEGMENT NAME
            -----------------------------------------------------

            * * * * * * *   D A T A   M E M O R Y   * * * * * * *
            REG     0000H     0008H     ABSOLUTE     "REG BANK 0"
BL51 BANKED LINKER/LOCATER V6.22.4.0                                                  04/17/2025  14:17:03  PAGE 2


                    0008H     0018H                  *** GAP ***
            BIT     0020H.0   0000H.3   UNIT         ?BI?ADC
            BIT     0020H.3   0000H.2   UNIT         ?BI?PWM
            BIT     0020H.5   0000H.1   UNIT         ?BI?TIME0
            BIT     0020H.6   0000H.1   UNIT         _BIT_GROUP_
                    0020H.7   0000H.1                *** GAP ***
            IDATA   0021H     0001H     UNIT         ?STACK

            * * * * * * *  X D A T A   M E M O R Y  * * * * * * *
                    0000H     6000H                  *** GAP ***
            XDATA   6000H     0033H     UNIT         ?XD?ADC
            XDATA   6033H     0010H     UNIT         ?XD?MAIN
            XDATA   6043H     000EH     UNIT         _XDATA_GROUP_
            XDATA   6051H     0004H     UNIT         ?XD?PWM
            XDATA   6055H     0004H     UNIT         ?XD?TIMER1
            XDATA   6059H     0003H     UNIT         ?XD?_USER_PRINTF?DEBUG
            XDATA   605CH     0001H     UNIT         ?XD?TIME0

            * * * * * * *   C O D E   M E M O R Y   * * * * * * *
            CODE    0000H     0003H     ABSOLUTE     
            CODE    0003H     000CH     ABSOLUTE     
            CODE    000FH     000DH     UNIT         ?PR?ADC_PIN_CONFIG?ADC
            CODE    001CH     0001H     UNIT         ?PR?DEBUG_INIT?DEBUG
                    001DH     0001H                  *** GAP ***
            CODE    001EH     0003H     ABSOLUTE     
            CODE    0021H     0003H     ABSOLUTE     
            CODE    0024H     06C6H     UNIT         ?C?LIB_CODE
            CODE    06EAH     02CFH     UNIT         ?PR?ADC_SCAN_ACCORDING_PIN9?ADC
            CODE    09B9H     0166H     UNIT         ?PR?_POW?POW
            CODE    0B1FH     0133H     UNIT         ?PR?_PUBBLE_SORT?ADC
            CODE    0C52H     0129H     UNIT         ?PR?LOG?LOG
            CODE    0D7BH     011AH     UNIT         ?PR?ADC_SCAN?ADC
            CODE    0E95H     00F1H     UNIT         ?PR?MAIN?MAIN
            CODE    0F86H     00CFH     UNIT         ?PR?SYSTEM_INIT?SYSTEM
            CODE    1055H     00BCH     UNIT         ?PR?__MY_ADJUST_PWM?PWM
            CODE    1111H     009DH     UNIT         ?PR?SET_DUTY?ADC
            CODE    11AEH     009AH     UNIT         ?PR?EXP?EXP
            CODE    1248H     0093H     UNIT         ?PR?GET_VOLTAGE_FROM_PIN?ADC
            CODE    12DBH     008CH     UNIT         ?C_C51STARTUP
            CODE    1367H     005CH     UNIT         ?PR?PWM_INIT?PWM
            CODE    13C3H     005CH     UNIT         ?PR?ACCORDING_PIN9_TO_ADJUST_PIN16?PWM
            CODE    141FH     0055H     UNIT         ?PR?TIMR1_IRQHANDLER?TIMER1
            CODE    1474H     0046H     UNIT         ?C_INITSEG
            CODE    14BAH     0046H     UNIT         ?PR?_ADC_SEL_PIN?ADC
            CODE    1500H     0040H     UNIT         ?PR?TMR1_CONFIG?TIMER1
            CODE    1540H     0033H     UNIT         ?PR?_USER_PRINTF?DEBUG
            CODE    1573H     0032H     UNIT         ?PR?TIMR0_IRQHANDLER?TIME0
            CODE    15A5H     002AH     UNIT         ?PR?ADC_SINGLE_GETVAL?ADC
            CODE    15CFH     0027H     UNIT         ?PR?__CLEAR_BUFF?ADC
            CODE    15F6H     001BH     UNIT         ?PR?TMR0_CONFIG?TIME0
            CODE    1611H     0018H     UNIT         ?PR?_DELAY_MS?SYSTEM
            CODE    1629H     0014H     UNIT         ?PR?TMR0_DISABLE?TIME0
            CODE    163DH     0014H     UNIT         ?PR?TMR1_DISABLE?TIMER1
            CODE    1651H     0012H     UNIT         ?PR?SET_PWM_DUTY?PWM
            CODE    1663H     0012H     UNIT         ?PR?ADAPTIVE_DUTY?PWM
            CODE    1675H     0010H     UNIT         ?PR?TMR0_ENABLE?TIME0
            CODE    1685H     0010H     UNIT         ?PR?TMR1_ENABLE?TIMER1
BL51 BANKED LINKER/LOCATER V6.22.4.0                                                  04/17/2025  14:17:03  PAGE 3


            CODE    1695H     000DH     UNIT         ?PR?_DEBUG_PUTCHAR?DEBUG
            CODE    16A2H     000BH     UNIT         ?PR?_DELAY?SYSTEM



OVERLAY MAP OF MODULE:   .\Release\Objects\Demo (?C_STARTUP)


SEGMENT                                           BIT_GROUP          XDATA_GROUP
  +--> CALLED SEGMENT                          START    LENGTH     START    LENGTH
----------------------------------------------------------------------------------
?C_C51STARTUP                                  -----    -----      -----    -----
  +--> ?PR?MAIN?MAIN
  +--> ?C_INITSEG

?PR?MAIN?MAIN                                  -----    -----      -----    -----
  +--> ?PR?SYSTEM_INIT?SYSTEM
  +--> ?PR?ADC_PIN_CONFIG?ADC
  +--> ?PR?TMR0_CONFIG?TIME0
  +--> ?PR?PWM_INIT?PWM
  +--> ?PR?TMR1_CONFIG?TIMER1
  +--> ?PR?_POW?POW
  +--> ?PR?SET_PWM_DUTY?PWM
  +--> ?PR?_DELAY_MS?SYSTEM
  +--> ?PR?ADC_SCAN?ADC
  +--> ?PR?SET_DUTY?ADC
  +--> ?PR?ACCORDING_PIN9_TO_ADJUST_PIN16?PWM

?PR?SYSTEM_INIT?SYSTEM                         -----    -----      -----    -----
  +--> ?PR?_DELAY?SYSTEM
  +--> ?PR?_DELAY_MS?SYSTEM

?PR?_DELAY_MS?SYSTEM                           -----    -----      -----    -----
  +--> ?PR?_DELAY?SYSTEM

?PR?_POW?POW                                   -----    -----      6043H    000AH
  +--> ?PR?LOG?LOG
  +--> ?PR?EXP?EXP

?PR?LOG?LOG                                    0020H.6  0000H.1    604DH    0004H

?PR?ADC_SCAN?ADC                               -----    -----      6043H    0005H
  +--> ?PR?_ADC_SEL_PIN?ADC
  +--> ?PR?GET_VOLTAGE_FROM_PIN?ADC
  +--> ?PR?__CLEAR_BUFF?ADC
  +--> ?PR?TMR1_ENABLE?TIMER1
  +--> ?PR?TMR1_DISABLE?TIMER1

?PR?_ADC_SEL_PIN?ADC                           -----    -----      -----    -----
  +--> ?PR?_DELAY_MS?SYSTEM

?PR?GET_VOLTAGE_FROM_PIN?ADC                   -----    -----      6049H    0005H
  +--> ?PR?ADC_SINGLE_GETVAL?ADC
  +--> ?PR?_DELAY_MS?SYSTEM

?PR?SET_DUTY?ADC                               -----    -----      -----    -----
  +--> ?PR?TMR0_ENABLE?TIME0
BL51 BANKED LINKER/LOCATER V6.22.4.0                                                  04/17/2025  14:17:03  PAGE 4


  +--> ?PR?_ADC_SEL_PIN?ADC
  +--> ?PR?ADC_SCAN_ACCORDING_PIN9?ADC
  +--> ?PR?ADAPTIVE_DUTY?PWM
  +--> ?PR?TMR0_DISABLE?TIME0

?PR?ADC_SCAN_ACCORDING_PIN9?ADC                -----    -----      6043H    0005H
  +--> ?PR?_PUBBLE_SORT?ADC
  +--> ?PR?__MY_ADJUST_PWM?PWM

?PR?_PUBBLE_SORT?ADC                           -----    -----      6048H    0007H

?PR?__MY_ADJUST_PWM?PWM                        -----    -----      6048H    0008H

?PR?ADAPTIVE_DUTY?PWM                          -----    -----      -----    -----
  +--> ?PR?SET_PWM_DUTY?PWM

?PR?ACCORDING_PIN9_TO_ADJUST_PIN16?PWM         -----    -----      6043H    0006H
  +--> ?PR?_ADC_SEL_PIN?ADC
  +--> ?PR?GET_VOLTAGE_FROM_PIN?ADC



SYMBOL TABLE OF MODULE:  .\Release\Objects\Demo (?C_STARTUP)

  VALUE           TYPE          NAME
  ----------------------------------

  -------         MODULE        ?C_STARTUP
  C:12DBH         SEGMENT       ?C_C51STARTUP
  I:0021H         SEGMENT       ?STACK
  C:0000H         PUBLIC        ?C_STARTUP
  D:00E0H         SYMBOL        ACC
  D:00F0H         SYMBOL        B
  D:0083H         SYMBOL        DPH
  D:0082H         SYMBOL        DPL
  N:0000H         SYMBOL        IBPSTACK
  N:0100H         SYMBOL        IBPSTACKTOP
  N:0080H         SYMBOL        IDATALEN
  C:12DEH         SYMBOL        IDATALOOP
  N:0000H         SYMBOL        PBPSTACK
  N:0100H         SYMBOL        PBPSTACKTOP
  N:0000H         SYMBOL        PDATALEN
  N:0000H         SYMBOL        PDATASTART
  N:0000H         SYMBOL        PPAGE
  N:0000H         SYMBOL        PPAGEENABLE
  D:00A0H         SYMBOL        PPAGE_SFR
  D:0081H         SYMBOL        SP
  C:12DBH         SYMBOL        STARTUP1
  N:0000H         SYMBOL        XBPSTACK
  N:0000H         SYMBOL        XBPSTACKTOP
  N:0000H         SYMBOL        XDATALEN
  N:0000H         SYMBOL        XDATASTART
  C:0000H         LINE#         126
  C:12DBH         LINE#         133
  C:12DDH         LINE#         134
  C:12DEH         LINE#         135
  C:12DFH         LINE#         136
BL51 BANKED LINKER/LOCATER V6.22.4.0                                                  04/17/2025  14:17:03  PAGE 5


  C:12E1H         LINE#         185
  C:12E4H         LINE#         196
  -------         ENDMOD        ?C_STARTUP

  -------         MODULE        SYSTEM
  C:0000H         SYMBOL        _ICE_DUMMY_
  D:00A7H         PUBLIC        FLASH_TIMEREG0
  C:16A2H         PUBLIC        _delay
  D:00ACH         PUBLIC        FLASH_TIMEREG1
  C:0F86H         PUBLIC        system_init
  C:1611H         PUBLIC        _delay_ms
  -------         PROC          _DELAY
  D:0006H         SYMBOL        cnt
  C:16A2H         LINE#         37
  C:16A2H         LINE#         38
  C:16A2H         LINE#         39
  C:16ACH         LINE#         40
  C:16ACH         LINE#         41
  C:16ACH         LINE#         42
  -------         ENDPROC       _DELAY
  -------         PROC          _DELAY_MS
  D:0002H         SYMBOL        ms
  C:1611H         LINE#         49
  C:1615H         LINE#         50
  C:1615H         LINE#         51
  C:161FH         LINE#         52
  C:161FH         LINE#         53
  C:1626H         LINE#         54
  C:1628H         LINE#         55
  -------         ENDPROC       _DELAY_MS
  -------         PROC          SYSTEM_INIT
  -------         DO            
  D:0007H         SYMBOL        i
  -------         ENDDO         
  C:0F86H         LINE#         62
  C:0F86H         LINE#         63
  C:0F86H         LINE#         66
  C:0F8DH         LINE#         67
  C:0F9AH         LINE#         68
  C:0F9DH         LINE#         69
  C:0FA0H         LINE#         70
  C:0FA6H         LINE#         71
  C:0FACH         LINE#         72
  C:0FB2H         LINE#         76
  C:0FB4H         LINE#         77
  C:0FB4H         LINE#         78
  C:0FC1H         LINE#         79
  C:0FC6H         LINE#         81
  C:1054H         LINE#         82
  -------         ENDPROC       SYSTEM_INIT
  -------         ENDMOD        SYSTEM

  -------         MODULE        MAIN
  C:0000H         SYMBOL        _ICE_DUMMY_
  C:0E95H         PUBLIC        main
  X:6033H         PUBLIC        r_ms
  B:0090H.4       PUBLIC        P14
BL51 BANKED LINKER/LOCATER V6.22.4.0                                                  04/17/2025  14:17:03  PAGE 6


  D:00D9H         PUBLIC        WDT_KEY
  X:6037H         PUBLIC        step
  X:603BH         PUBLIC        mi
  X:603FH         PUBLIC        rus
  -------         PROC          MAIN
  C:0E95H         LINE#         57
  C:0E95H         LINE#         58
  C:0E95H         LINE#         60
  C:0E98H         LINE#         62
  C:0E9BH         LINE#         77
  C:0E9EH         LINE#         79
  C:0EA1H         LINE#         80
  C:0EA4H         LINE#         81
  C:0EA7H         LINE#         86
  C:0EA9H         LINE#         87
  C:0EB0H         LINE#         88
  C:0EC3H         LINE#         89
  C:0EC3H         LINE#         90
  C:0EC9H         LINE#         91
  C:0EC9H         LINE#         92
  C:0EC9H         LINE#         93
  C:0EC9H         LINE#         94
  C:0ED5H         LINE#         95
  C:0ED5H         LINE#         96
  C:0F07H         LINE#         97
  C:0F24H         LINE#         98
  C:0F58H         LINE#         99
  C:0F58H         LINE#         100
  C:0F67H         LINE#         101
  C:0F67H         LINE#         102
  C:0F6EH         LINE#         103
  C:0F6EH         LINE#         105
  C:0F71H         LINE#         106
  C:0F78H         LINE#         108
  C:0F7BH         LINE#         112
  C:0F7BH         LINE#         113
  C:0F7BH         LINE#         114
  C:0F7EH         LINE#         115
  C:0F81H         LINE#         116
  C:0F84H         LINE#         118
  -------         ENDPROC       MAIN
  -------         ENDMOD        MAIN

  -------         MODULE        PWM
  C:0000H         SYMBOL        _ICE_DUMMY_
  C:1055H         PUBLIC        __My_Adjust_Pwm
  X:6051H         PUBLIC        c_duty
  C:1651H         PUBLIC        set_pwm_duty
  B:0090H.4       PUBLIC        P14
  X:6053H         PUBLIC        adjust_duty
  B:0020H.3       PUBLIC        jump_flag
  C:1663H         PUBLIC        Adaptive_Duty
  B:0020H.4       PUBLIC        max_flag
  C:13C3H         PUBLIC        according_pin9_to_adjust_pin16
  C:1367H         PUBLIC        pwm_init
  -------         PROC          PWM_INIT
  C:1367H         LINE#         11
BL51 BANKED LINKER/LOCATER V6.22.4.0                                                  04/17/2025  14:17:03  PAGE 7


  C:1367H         LINE#         12
  C:1367H         LINE#         13
  C:136DH         LINE#         15
  C:1372H         LINE#         16
  C:1377H         LINE#         17
  C:137BH         LINE#         18
  C:137FH         LINE#         19
  C:1381H         LINE#         20
  C:1387H         LINE#         22
  C:138DH         LINE#         23
  C:1393H         LINE#         24
  C:1399H         LINE#         25
  C:139FH         LINE#         26
  C:13A5H         LINE#         27
  C:13ABH         LINE#         28
  C:13AFH         LINE#         29
  C:13B3H         LINE#         30
  C:13B7H         LINE#         31
  C:13BCH         LINE#         32
  C:13C2H         LINE#         33
  -------         ENDPROC       PWM_INIT
  -------         PROC          SET_PWM_DUTY
  C:1651H         LINE#         36
  C:1651H         LINE#         37
  C:1651H         LINE#         38
  C:1658H         LINE#         39
  C:165CH         LINE#         40
  C:1662H         LINE#         41
  -------         ENDPROC       SET_PWM_DUTY
  -------         PROC          __MY_ADJUST_PWM
  X:6048H         SYMBOL        Val
  -------         DO            
  X:604CH         SYMBOL        P9_Vol
  -------         ENDDO         
  C:1055H         LINE#         44
  C:105BH         LINE#         45
  C:105BH         LINE#         46
  C:107AH         LINE#         60
  C:1096H         LINE#         61
  C:1096H         LINE#         64
  C:109CH         LINE#         65
  C:109CH         LINE#         66
  C:10A3H         LINE#         67
  C:10A5H         LINE#         68
  C:10A7H         LINE#         70
  C:10A7H         LINE#         71
  C:10AEH         LINE#         72
  C:10B0H         LINE#         73
  C:10B0H         LINE#         74
  C:10B2H         LINE#         96
  C:10CCH         LINE#         97
  C:10CCH         LINE#         100
  C:10D6H         LINE#         101
  C:10D8H         LINE#         102
  C:10EDH         LINE#         103
  C:10EFH         LINE#         104
  C:10EFH         LINE#         109
BL51 BANKED LINKER/LOCATER V6.22.4.0                                                  04/17/2025  14:17:03  PAGE 8


  C:110BH         LINE#         110
  C:110BH         LINE#         111
  C:110DH         LINE#         112
  C:110EH         LINE#         114
  C:110EH         LINE#         115
  C:1110H         LINE#         116
  C:1110H         LINE#         117
  -------         ENDPROC       __MY_ADJUST_PWM
  -------         PROC          ACCORDING_PIN9_TO_ADJUST_PIN16
  -------         DO            
  X:6043H         SYMBOL        i
  X:6044H         SYMBOL        cnt
  X:6045H         SYMBOL        adc_aver_val
  -------         ENDDO         
  C:13C3H         LINE#         120
  C:13C3H         LINE#         121
  C:13C3H         LINE#         122
  C:13C8H         LINE#         123
  C:13CAH         LINE#         124
  C:13D2H         LINE#         125
  C:13D7H         LINE#         153
  C:13DCH         LINE#         154
  C:13DCH         LINE#         155
  C:13E5H         LINE#         156
  C:1400H         LINE#         157
  C:1400H         LINE#         159
  C:1406H         LINE#         160
  C:1406H         LINE#         161
  C:1412H         LINE#         164
  C:1419H         LINE#         165
  C:1419H         LINE#         167
  C:141BH         LINE#         168
  C:141CH         LINE#         170
  C:141CH         LINE#         171
  C:141EH         LINE#         172
  C:141EH         LINE#         174
  -------         ENDPROC       ACCORDING_PIN9_TO_ADJUST_PIN16
  -------         PROC          ADAPTIVE_DUTY
  C:1663H         LINE#         177
  C:1663H         LINE#         178
  C:1663H         LINE#         205
  C:1672H         LINE#         206
  -------         ENDPROC       ADAPTIVE_DUTY
  -------         ENDMOD        PWM

  -------         MODULE        ADC
  C:0000H         SYMBOL        _ICE_DUMMY_
  X:6002H         PUBLIC        adc0_val
  X:6004H         PUBLIC        index
  C:06EAH         PUBLIC        adc_scan_according_pin9
  C:000FH         PUBLIC        adc_pin_config
  B:0020H.2       PUBLIC        flag_is_pin_9_vol_bounce
  C:0D7BH         PUBLIC        adc_scan
  D:0099H         PUBLIC        ADC_CHS0
  X:6005H         PUBLIC        index_jump
  D:0093H         PUBLIC        ADC_DATAH0
  X:6006H         PUBLIC        temp_status
BL51 BANKED LINKER/LOCATER V6.22.4.0                                                  04/17/2025  14:17:03  PAGE 9


  D:0094H         PUBLIC        ADC_DATAL0
  C:15CFH         PUBLIC        __clear_buff
  X:6007H         PUBLIC        Vol_val
  C:1248H         PUBLIC        get_voltage_from_pin
  C:0B1FH         PUBLIC        _Pubble_Sort
  X:600BH         PUBLIC        Vol_val_all
  X:601FH         PUBLIC        Vol_val_jump
  C:1111H         PUBLIC        set_duty
  C:15A5H         PUBLIC        adc_single_getval
  C:14BAH         PUBLIC        _adc_sel_pin
  -------         PROC          _PUBBLE_SORT
  D:0001H         SYMBOL        arr
  X:6048H         SYMBOL        length
  -------         DO            
  X:6049H         SYMBOL        i
  X:604BH         SYMBOL        j
  -------         DO            
  X:604DH         SYMBOL        temp
  -------         ENDDO         
  -------         ENDDO         
  C:0B1FH         LINE#         17
  C:0B24H         LINE#         18
  C:0B24H         LINE#         19
  C:0B29H         LINE#         20
  C:0B2DH         LINE#         21
  C:0B54H         LINE#         22
  C:0B54H         LINE#         23
  C:0B88H         LINE#         24
  C:0B88H         LINE#         25
  C:0BB9H         LINE#         26
  C:0BB9H         LINE#         27
  C:0BD7H         LINE#         28
  C:0C03H         LINE#         29
  C:0C29H         LINE#         30
  C:0C29H         LINE#         31
  C:0C3DH         LINE#         32
  C:0C51H         LINE#         33
  -------         ENDPROC       _PUBBLE_SORT
  -------         PROC          ADC_PIN_CONFIG
  C:000FH         LINE#         36
  C:000FH         LINE#         37
  C:000FH         LINE#         39
  C:0015H         LINE#         42
  C:001BH         LINE#         43
  -------         ENDPROC       ADC_PIN_CONFIG
  -------         PROC          _ADC_SEL_PIN
  D:0007H         SYMBOL        adc_sel
  C:14BAH         LINE#         49
  C:14BAH         LINE#         50
  C:14BAH         LINE#         52
  C:14C1H         LINE#         54
  C:14C9H         LINE#         55
  C:14C9H         LINE#         56
  C:14C9H         LINE#         59
  C:14D0H         LINE#         60
  C:14D4H         LINE#         62
  C:14DAH         LINE#         66
BL51 BANKED LINKER/LOCATER V6.22.4.0                                                  04/17/2025  14:17:03  PAGE 10


  C:14DDH         LINE#         68
  C:14DDH         LINE#         70
  C:14DFH         LINE#         72
  C:14DFH         LINE#         75
  C:14E6H         LINE#         76
  C:14EAH         LINE#         78
  C:14F0H         LINE#         81
  C:14F3H         LINE#         83
  C:14F9H         LINE#         85
  C:14F9H         LINE#         86
  C:14F9H         LINE#         88
  -------         ENDPROC       _ADC_SEL_PIN
  -------         PROC          ADC_SINGLE_GETVAL
  C:15A5H         LINE#         94
  C:15A5H         LINE#         95
  C:15A5H         LINE#         96
  C:15ABH         LINE#         97
  C:15B1H         LINE#         99
  C:15CBH         LINE#         100
  C:15CEH         LINE#         101
  -------         ENDPROC       ADC_SINGLE_GETVAL
  -------         PROC          __CLEAR_BUFF
  C:15CFH         LINE#         105
  C:15CFH         LINE#         106
  C:15CFH         LINE#         108
  C:15DEH         LINE#         109
  C:15E3H         LINE#         111
  C:15F0H         LINE#         112
  C:15F5H         LINE#         113
  -------         ENDPROC       __CLEAR_BUFF
  -------         PROC          ADC_SCAN_ACCORDING_PIN9
  -------         DO            
  X:6000H         SYMBOL        flag_filter
  X:6043H         SYMBOL        tmp
  X:6045H         SYMBOL        cnt
  X:6043H         SYMBOL        sum
  X:6047H         SYMBOL        i
  -------         DO            
  X:6046H         SYMBOL        i
  -------         ENDDO         
  -------         ENDDO         
  -------         DO            
  X:6043H         SYMBOL        sum
  X:6047H         SYMBOL        i
  -------         ENDDO         
  -------         DO            
  X:6043H         SYMBOL        sum
  X:6047H         SYMBOL        i
  -------         ENDDO         
  C:06EAH         LINE#         116
  C:06EAH         LINE#         117
  C:06EAH         LINE#         118
  C:06F0H         LINE#         119
  C:06F6H         LINE#         121
  C:06F9H         LINE#         122
  C:0713H         LINE#         128
  C:0713H         LINE#         130
BL51 BANKED LINKER/LOCATER V6.22.4.0                                                  04/17/2025  14:17:03  PAGE 11


  C:0722H         LINE#         131
  C:0725H         LINE#         132
  C:0732H         LINE#         135
  C:074BH         LINE#         136
  C:074BH         LINE#         137
  C:0752H         LINE#         138
  C:0752H         LINE#         140
  C:0752H         LINE#         141
  C:0752H         LINE#         143
  C:0752H         LINE#         145
  C:0761H         LINE#         146
  C:0761H         LINE#         147
  C:0777H         LINE#         148
  C:0777H         LINE#         149
  C:077DH         LINE#         150
  C:077DH         LINE#         151
  C:0785H         LINE#         152
  C:0785H         LINE#         154
  C:078FH         LINE#         155
  C:078FH         LINE#         156
  C:0791H         LINE#         157
  C:0793H         LINE#         158
  C:0796H         LINE#         159
  C:0796H         LINE#         160
  C:0798H         LINE#         161
  C:0798H         LINE#         162
  C:0798H         LINE#         165
  C:07F2H         LINE#         166
  C:07F2H         LINE#         167
  C:080EH         LINE#         168
  C:0814H         LINE#         169
  C:0816H         LINE#         171
  C:0816H         LINE#         172
  C:0832H         LINE#         173
  C:0838H         LINE#         176
  C:0847H         LINE#         177
  C:084CH         LINE#         178
  C:084CH         LINE#         181
  C:0858H         LINE#         182
  C:0858H         LINE#         183
  C:0862H         LINE#         184
  C:0867H         LINE#         186
  C:0874H         LINE#         187
  C:0879H         LINE#         189
  C:0884H         LINE#         198
  C:088AH         LINE#         199
  C:088AH         LINE#         200
  C:08BFH         LINE#         201
  C:08C9H         LINE#         203
  C:08E6H         LINE#         205
  C:08F0H         LINE#         206
  C:08F4H         LINE#         207
  C:08F4H         LINE#         208
  C:08F7H         LINE#         210
  C:08F7H         LINE#         211
  C:0903H         LINE#         212
  C:0903H         LINE#         213
BL51 BANKED LINKER/LOCATER V6.22.4.0                                                  04/17/2025  14:17:03  PAGE 12


  C:090DH         LINE#         214
  C:0912H         LINE#         216
  C:091FH         LINE#         217
  C:0924H         LINE#         219
  C:092FH         LINE#         221
  C:0935H         LINE#         222
  C:0935H         LINE#         223
  C:096AH         LINE#         224
  C:0974H         LINE#         226
  C:0991H         LINE#         228
  C:099BH         LINE#         229
  C:09A0H         LINE#         230
  C:09B1H         LINE#         231
  C:09B1H         LINE#         232
  C:09B1H         LINE#         234
  C:09B8H         LINE#         235
  -------         ENDPROC       ADC_SCAN_ACCORDING_PIN9
  -------         PROC          GET_VOLTAGE_FROM_PIN
  -------         DO            
  X:6049H         SYMBOL        i
  X:604AH         SYMBOL        adc_aver_val
  -------         ENDDO         
  C:1248H         LINE#         238
  C:1248H         LINE#         239
  C:1248H         LINE#         240
  C:124DH         LINE#         241
  C:1255H         LINE#         243
  C:125AH         LINE#         244
  C:125AH         LINE#         245
  C:125DH         LINE#         248
  C:1288H         LINE#         249
  C:1291H         LINE#         250
  C:1291H         LINE#         251
  C:12A8H         LINE#         252
  C:12A8H         LINE#         253
  C:12AFH         LINE#         254
  C:12BBH         LINE#         261
  -------         ENDPROC       GET_VOLTAGE_FROM_PIN
  -------         PROC          ADC_SCAN
  -------         DO            
  X:6043H         SYMBOL        voltage
  -------         DO            
  X:6047H         SYMBOL        i
  -------         ENDDO         
  -------         DO            
  B:0020H.0       SYMBOL        tmr1_is_open
  -------         DO            
  X:6047H         SYMBOL        i
  -------         ENDDO         
  -------         ENDDO         
  -------         ENDDO         
  C:0D7BH         LINE#         264
  C:0D7BH         LINE#         265
  C:0D7BH         LINE#         266
  C:0D85H         LINE#         271
  C:0D90H         LINE#         272
  C:0D90H         LINE#         274
BL51 BANKED LINKER/LOCATER V6.22.4.0                                                  04/17/2025  14:17:03  PAGE 13


  C:0D90H         LINE#         276
  C:0D97H         LINE#         277
  C:0D9CH         LINE#         278
  C:0DA5H         LINE#         285
  C:0DC5H         LINE#         286
  C:0DC5H         LINE#         290
  C:0DCAH         LINE#         291
  C:0DCBH         LINE#         292
  C:0DCBH         LINE#         293
  C:0DD4H         LINE#         294
  C:0DEFH         LINE#         295
  C:0DEFH         LINE#         297
  C:0DF5H         LINE#         299
  C:0DF5H         LINE#         300
  C:0E01H         LINE#         307
  C:0E07H         LINE#         308
  C:0E0AH         LINE#         310
  C:0E0AH         LINE#         311
  C:0E15H         LINE#         312
  C:0E15H         LINE#         316
  C:0E18H         LINE#         317
  C:0E18H         LINE#         318
  C:0E1AH         LINE#         319
  C:0E24H         LINE#         320
  C:0E27H         LINE#         321
  C:0E27H         LINE#         343
  C:0E42H         LINE#         344
  C:0E42H         LINE#         345
  C:0E47H         LINE#         351
  C:0E48H         LINE#         352
  C:0E48H         LINE#         353
  C:0E51H         LINE#         354
  C:0E6CH         LINE#         355
  C:0E6CH         LINE#         357
  C:0E73H         LINE#         359
  C:0E73H         LINE#         360
  C:0E7FH         LINE#         364
  C:0E85H         LINE#         365
  C:0E88H         LINE#         366
  C:0E92H         LINE#         367
  C:0E94H         LINE#         369
  C:0E94H         LINE#         371
  C:0E94H         LINE#         372
  -------         ENDPROC       ADC_SCAN
  -------         PROC          SET_DUTY
  -------         DO            
  B:0020H.1       SYMBOL        tmr0_is_open
  -------         ENDDO         
  C:1111H         LINE#         375
  C:1111H         LINE#         376
  C:1111H         LINE#         380
  C:1117H         LINE#         381
  C:1117H         LINE#         382
  C:111AH         LINE#         383
  C:111AH         LINE#         384
  C:111CH         LINE#         385
  C:111FH         LINE#         386
BL51 BANKED LINKER/LOCATER V6.22.4.0                                                  04/17/2025  14:17:03  PAGE 14


  C:111FH         LINE#         388
  C:1125H         LINE#         389
  C:1125H         LINE#         390
  C:1127H         LINE#         391
  C:112EH         LINE#         392
  C:1133H         LINE#         393
  C:1136H         LINE#         395
  C:114AH         LINE#         396
  C:114AH         LINE#         397
  C:114DH         LINE#         398
  C:114FH         LINE#         399
  C:114FH         LINE#         404
  C:114FH         LINE#         405
  C:1156H         LINE#         406
  C:1156H         LINE#         408
  C:1159H         LINE#         409
  C:115BH         LINE#         411
  C:1165H         LINE#         412
  C:1179H         LINE#         413
  C:1179H         LINE#         414
  C:117CH         LINE#         415
  C:117EH         LINE#         416
  C:117EH         LINE#         418
  C:1185H         LINE#         419
  C:1185H         LINE#         420
  C:1188H         LINE#         421
  C:118AH         LINE#         423
  C:1194H         LINE#         424
  C:11A8H         LINE#         425
  C:11A8H         LINE#         426
  C:11ABH         LINE#         427
  C:11ADH         LINE#         428
  C:11ADH         LINE#         429
  -------         ENDPROC       SET_DUTY
  -------         ENDMOD        ADC

  -------         MODULE        TIME0
  C:0000H         SYMBOL        _ICE_DUMMY_
  C:1573H         PUBLIC        TIMR0_IRQHandler
  B:0020H.5       PUBLIC        tmr0_flag
  X:605CH         PUBLIC        ms_cnt
  D:00D1H         PUBLIC        TMR_ALLCON
  C:1629H         PUBLIC        tmr0_disable
  D:00A8H         PUBLIC        IE0
  D:00A9H         PUBLIC        IE1
  D:00AAH         PUBLIC        IE2
  D:00ABH         PUBLIC        IE3
  D:00B8H         PUBLIC        IP0
  D:00B1H         PUBLIC        IP1
  D:00B2H         PUBLIC        IP2
  D:00B3H         PUBLIC        IP3
  D:00B4H         PUBLIC        IP4
  D:00B5H         PUBLIC        IP5
  D:00B6H         PUBLIC        IP6
  C:1675H         PUBLIC        tmr0_enable
  D:00B7H         PUBLIC        IP7
  C:15F6H         PUBLIC        tmr0_config
BL51 BANKED LINKER/LOCATER V6.22.4.0                                                  04/17/2025  14:17:03  PAGE 15


  B:00A8H.7       PUBLIC        IE_EA
  -------         PROC          TMR0_CONFIG
  C:15F6H         LINE#         10
  C:15F6H         LINE#         11
  C:15F6H         LINE#         12
  C:15F9H         LINE#         13
  C:15FBH         LINE#         17
  C:15FEH         LINE#         18
  C:1603H         LINE#         19
  C:1607H         LINE#         20
  C:160CH         LINE#         21
  C:1610H         LINE#         22
  -------         ENDPROC       TMR0_CONFIG
  -------         PROC          TMR0_ENABLE
  C:1675H         LINE#         27
  C:1675H         LINE#         28
  C:1675H         LINE#         30
  C:167BH         LINE#         31
  C:167FH         LINE#         33
  C:1682H         LINE#         34
  C:1684H         LINE#         35
  -------         ENDPROC       TMR0_ENABLE
  -------         PROC          TMR0_DISABLE
  C:1629H         LINE#         40
  C:1629H         LINE#         41
  C:1629H         LINE#         43
  C:162FH         LINE#         44
  C:1633H         LINE#         47
  C:1637H         LINE#         48
  C:1639H         LINE#         50
  C:163CH         LINE#         51
  -------         ENDPROC       TMR0_DISABLE
  -------         PROC          TIMR0_IRQHANDLER
  C:1573H         LINE#         54
  C:1580H         LINE#         57
  C:1580H         LINE#         62
  C:1586H         LINE#         63
  C:1586H         LINE#         64
  C:158AH         LINE#         66
  C:1590H         LINE#         68
  C:1596H         LINE#         69
  C:1596H         LINE#         71
  C:1598H         LINE#         72
  C:159AH         LINE#         73
  C:159AH         LINE#         74
  C:159AH         LINE#         77
  C:159AH         LINE#         78
  -------         ENDPROC       TIMR0_IRQHANDLER
  -------         ENDMOD        TIME0

  -------         MODULE        DEBUG
  C:0000H         SYMBOL        _ICE_DUMMY_
  C:001CH         PUBLIC        debug_init
  D:00F4H         PUBLIC        UART1_STA
  C:1540H         PUBLIC        _user_printf
  C:1695H         PUBLIC        _debug_putchar
  D:00F7H         PUBLIC        UART1_DATA
BL51 BANKED LINKER/LOCATER V6.22.4.0                                                  04/17/2025  14:17:03  PAGE 16


  -------         PROC          _DEBUG_PUTCHAR
  D:0007H         SYMBOL        uart_data
  C:1695H         LINE#         51
  C:1695H         LINE#         52
  C:1695H         LINE#         53
  C:169AH         LINE#         55
  C:169CH         LINE#         56
  C:16A1H         LINE#         58
  -------         ENDPROC       _DEBUG_PUTCHAR
  -------         PROC          DEBUG_INIT
  C:001CH         LINE#         65
  C:001CH         LINE#         66
  C:001CH         LINE#         78
  -------         ENDPROC       DEBUG_INIT
  -------         PROC          _USER_PRINTF
  X:6059H         SYMBOL        p_data
  C:1540H         LINE#         85
  C:154BH         LINE#         86
  C:154BH         LINE#         87
  C:155BH         LINE#         88
  C:155BH         LINE#         89
  C:1570H         LINE#         90
  C:1572H         LINE#         91
  -------         ENDPROC       _USER_PRINTF
  -------         ENDMOD        DEBUG

  -------         MODULE        TIMER1
  C:0000H         SYMBOL        _ICE_DUMMY_
  C:141FH         PUBLIC        TIMR1_IRQHandler
  X:6055H         PUBLIC        tmr1_cnt
  D:00A8H         PUBLIC        IE0
  C:163DH         PUBLIC        tmr1_disable
  D:00A9H         PUBLIC        IE1
  D:00AAH         PUBLIC        IE2
  D:00ABH         PUBLIC        IE3
  D:00B8H         PUBLIC        IP0
  D:00B1H         PUBLIC        IP1
  D:00B2H         PUBLIC        IP2
  D:00B3H         PUBLIC        IP3
  D:00B4H         PUBLIC        IP4
  D:00B5H         PUBLIC        IP5
  D:00B6H         PUBLIC        IP6
  D:00B7H         PUBLIC        IP7
  C:1685H         PUBLIC        tmr1_enable
  C:1500H         PUBLIC        tmr1_config
  B:00A8H.7       PUBLIC        IE_EA
  -------         PROC          TMR1_CONFIG
  C:1500H         LINE#         10
  C:1500H         LINE#         11
  C:1500H         LINE#         12
  C:1506H         LINE#         14
  C:150CH         LINE#         17
  C:1510H         LINE#         18
  C:1514H         LINE#         19
  C:1518H         LINE#         21
  C:151DH         LINE#         22
  C:1521H         LINE#         25
BL51 BANKED LINKER/LOCATER V6.22.4.0                                                  04/17/2025  14:17:03  PAGE 17


  C:1526H         LINE#         26
  C:152AH         LINE#         29
  C:152EH         LINE#         30
  C:1530H         LINE#         32
  C:1536H         LINE#         34
  C:153AH         LINE#         37
  C:153DH         LINE#         38
  C:153FH         LINE#         39
  -------         ENDPROC       TMR1_CONFIG
  -------         PROC          TMR1_ENABLE
  C:1685H         LINE#         44
  C:1685H         LINE#         45
  C:1685H         LINE#         47
  C:168BH         LINE#         48
  C:168FH         LINE#         50
  C:1692H         LINE#         51
  C:1694H         LINE#         52
  -------         ENDPROC       TMR1_ENABLE
  -------         PROC          TMR1_DISABLE
  C:163DH         LINE#         57
  C:163DH         LINE#         58
  C:163DH         LINE#         60
  C:1643H         LINE#         61
  C:1647H         LINE#         64
  C:164BH         LINE#         65
  C:164DH         LINE#         67
  C:1650H         LINE#         68
  -------         ENDPROC       TMR1_DISABLE
  -------         PROC          TIMR1_IRQHANDLER
  C:141FH         LINE#         71
  C:1436H         LINE#         74
  C:1436H         LINE#         79
  C:143CH         LINE#         80
  C:143CH         LINE#         81
  C:1440H         LINE#         83
  C:145FH         LINE#         84
  C:145FH         LINE#         87
  C:145FH         LINE#         88
  -------         ENDPROC       TIMR1_IRQHANDLER
  -------         ENDMOD        TIMER1

  -------         MODULE        ?C?FPADD
  C:002BH         PUBLIC        ?C?FPADD
  C:0027H         PUBLIC        ?C?FPSUB
  -------         ENDMOD        ?C?FPADD

  -------         MODULE        ?C?FPMUL
  C:011CH         PUBLIC        ?C?FPMUL
  -------         ENDMOD        ?C?FPMUL

  -------         MODULE        ?C?FPDIV
  C:0225H         PUBLIC        ?C?FPDIV
  -------         ENDMOD        ?C?FPDIV

  -------         MODULE        ?C?FPCMP
  C:02C4H         PUBLIC        ?C?FPCMP
  C:02C2H         PUBLIC        ?C?FPCMP3
BL51 BANKED LINKER/LOCATER V6.22.4.0                                                  04/17/2025  14:17:03  PAGE 18


  -------         ENDMOD        ?C?FPCMP

  -------         MODULE        ?C?FCAST
  C:0345H         PUBLIC        ?C?FCASTC
  C:0340H         PUBLIC        ?C?FCASTI
  C:033BH         PUBLIC        ?C?FCASTL
  -------         ENDMOD        ?C?FCAST

  -------         MODULE        ?C?CASTF
  C:0379H         PUBLIC        ?C?CASTF
  -------         ENDMOD        ?C?CASTF

  -------         MODULE        POW
  X:6043H         PUBLIC        ?_pow?BYTE
  C:09B9H         PUBLIC        _pow
  -------         ENDMOD        POW

  -------         MODULE        ?C?CHKFLOAT
  C:03FAH         PUBLIC        ?C?CHKFLOAT
  -------         ENDMOD        ?C?CHKFLOAT

  -------         MODULE        ?C?FPNEG
  C:0414H         PUBLIC        ?C?FPNEG
  -------         ENDMOD        ?C?FPNEG

  -------         MODULE        EXP
  C:11E6H         PUBLIC        _EXP
  -------         ENDMOD        EXP

  -------         MODULE        LOG
  C:0C86H         PUBLIC        _LOG
  C:0C82H         PUBLIC        _LOG10
  -------         ENDMOD        LOG

  -------         MODULE        ?C?CLDPTR
  C:0472H         PUBLIC        ?C?CLDPTR
  -------         ENDMOD        ?C?CLDPTR

  -------         MODULE        ?C?ILDIX
  C:048BH         PUBLIC        ?C?ILDIX
  -------         ENDMOD        ?C?ILDIX

  -------         MODULE        ?C?ILDOPTR
  C:04A1H         PUBLIC        ?C?ILDOPTR
  -------         ENDMOD        ?C?ILDOPTR

  -------         MODULE        ?C?ISTOPTR
  C:04D9H         PUBLIC        ?C?ISTOPTR
  -------         ENDMOD        ?C?ISTOPTR

  -------         MODULE        ?C?LMUL
  C:0506H         PUBLIC        ?C?LMUL
  -------         ENDMOD        ?C?LMUL

  -------         MODULE        ?C?ULDIV
  C:0591H         PUBLIC        ?C?ULDIV
  -------         ENDMOD        ?C?ULDIV
BL51 BANKED LINKER/LOCATER V6.22.4.0                                                  04/17/2025  14:17:03  PAGE 19



  -------         MODULE        ?C?LNEG
  C:0623H         PUBLIC        ?C?LNEG
  -------         ENDMOD        ?C?LNEG

  -------         MODULE        ?C?ULCMP
  C:0631H         PUBLIC        ?C?ULCMP
  -------         ENDMOD        ?C?ULCMP

  -------         MODULE        ?C?ULSHR
  C:0642H         PUBLIC        ?C?ULSHR
  -------         ENDMOD        ?C?ULSHR

  -------         MODULE        ?C?LLDCODE
  C:0655H         PUBLIC        ?C?LLDCODE
  -------         ENDMOD        ?C?LLDCODE

  -------         MODULE        ?C?LLDXDATA0
  C:0665H         PUBLIC        ?C?LLDXDATA0
  -------         ENDMOD        ?C?LLDXDATA0

  -------         MODULE        ?C?LLDCODE0
  C:0671H         PUBLIC        ?C?LLDCODE0
  -------         ENDMOD        ?C?LLDCODE0

  -------         MODULE        ?C?LSTXDATA
  C:0681H         PUBLIC        ?C?LSTXDATA
  -------         ENDMOD        ?C?LSTXDATA

  -------         MODULE        ?C?LSTKXDATA
  C:068DH         PUBLIC        ?C?LSTKXDATA
  -------         ENDMOD        ?C?LSTKXDATA

  -------         MODULE        ?C?MEMSET
  C:06BEH         PUBLIC        ?C?MEMSET
  -------         ENDMOD        ?C?MEMSET

*** WARNING L16: UNCALLED SEGMENT, IGNORED FOR OVERLAY PROCESS
    SEGMENT: ?PR?DEBUG_INIT?DEBUG

*** WARNING L16: UNCALLED SEGMENT, IGNORED FOR OVERLAY PROCESS
    SEGMENT: ?PR?_USER_PRINTF?DEBUG

Program Size: data=9.7 xdata=93 code=5804
LINK/LOCATE RUN COMPLETE.  2 WARNING(S),  0 ERROR(S)
