BL51 BANKED LINKER/LOCATER V6.22.4.0                                                    04/18/2025  17:13:03  PAGE 1


BL51 BANKED LINKER/LOCATER V6.22.4.0, INVOKED BY:
C:\KEIL_V5\C51\BIN\BL51.EXE .\Release\Objects\STARTUP.obj, .\Release\Objects\system.obj, .\Release\Objects\main.obj, .\R
>> elease\Objects\pwm.obj, .\Release\Objects\adc.obj, .\Release\Objects\time0.obj, .\Release\Objects\debug.obj, .\Releas
>> e\Objects\timer1.obj TO .\Release\Objects\Demo PRINT (.\Release\Listings\Demo.m51) RAMSIZE (256) CODE (0X0000-0X3EEF)
>>  XDATA (0X6000-0X66FF)


MEMORY MODEL: LARGE WITH FLOATING POINT ARITHMETIC


INPUT MODULES INCLUDED:
  .\Release\Objects\STARTUP.obj (?C_STARTUP)
  .\Release\Objects\system.obj (SYSTEM)
  .\Release\Objects\main.obj (MAIN)
  .\Release\Objects\pwm.obj (PWM)
  .\Release\Objects\adc.obj (ADC)
  .\Release\Objects\time0.obj (TIME0)
  .\Release\Objects\debug.obj (DEBUG)
  .\Release\Objects\timer1.obj (TIMER1)
  C:\KEIL_V5\C51\LIB\C51FPL.LIB (?C?FPADD)
  C:\KEIL_V5\C51\LIB\C51FPL.LIB (?C?FPMUL)
  C:\KEIL_V5\C51\LIB\C51FPL.LIB (?C?FPDIV)
  C:\KEIL_V5\C51\LIB\C51FPL.LIB (?C?FPCMP)
  C:\KEIL_V5\C51\LIB\C51FPL.LIB (?C?FCAST)
  C:\KEIL_V5\C51\LIB\C51FPL.LIB (?C?CASTF)
  C:\KEIL_V5\C51\LIB\C51FPL.LIB (POW)
  C:\KEIL_V5\C51\LIB\C51FPL.LIB (?C?FPGETOPN)
  C:\KEIL_V5\C51\LIB\C51FPL.LIB (?C?CHKFLOAT)
  C:\KEIL_V5\C51\LIB\C51FPL.LIB (?C?FPNEG)
  C:\KEIL_V5\C51\LIB\C51FPL.LIB (EXP)
  C:\KEIL_V5\C51\LIB\C51FPL.LIB (LOG)
  C:\KEIL_V5\C51\LIB\C51FPL.LIB (?C?FPSERIES)
  C:\KEIL_V5\C51\LIB\C51L.LIB (?C_INIT)
  C:\KEIL_V5\C51\LIB\C51L.LIB (?C?CLDPTR)
  C:\KEIL_V5\C51\LIB\C51L.LIB (?C?ILDIX)
  C:\KEIL_V5\C51\LIB\C51L.LIB (?C?ILDOPTR)
  C:\KEIL_V5\C51\LIB\C51L.LIB (?C?ISTOPTR)
  C:\KEIL_V5\C51\LIB\C51L.LIB (?C?LMUL)
  C:\KEIL_V5\C51\LIB\C51L.LIB (?C?ULDIV)
  C:\KEIL_V5\C51\LIB\C51L.LIB (?C?LNEG)
  C:\KEIL_V5\C51\LIB\C51L.LIB (?C?ULCMP)
  C:\KEIL_V5\C51\LIB\C51L.LIB (?C?ULSHR)
  C:\KEIL_V5\C51\LIB\C51L.LIB (?C?LLDCODE)
  C:\KEIL_V5\C51\LIB\C51L.LIB (?C?LLDXDATA0)
  C:\KEIL_V5\C51\LIB\C51L.LIB (?C?LLDCODE0)
  C:\KEIL_V5\C51\LIB\C51L.LIB (?C?LSTXDATA)
  C:\KEIL_V5\C51\LIB\C51L.LIB (?C?LSTKXDATA)
  C:\KEIL_V5\C51\LIB\C51L.LIB (?C?MEMSET)


LINK MAP OF MODULE:  .\Release\Objects\Demo (?C_STARTUP)


            TYPE    BASE      LENGTH    RELOCATION   SEGMENT NAME
            -----------------------------------------------------

            * * * * * * *   D A T A   M E M O R Y   * * * * * * *
            REG     0000H     0008H     ABSOLUTE     "REG BANK 0"
BL51 BANKED LINKER/LOCATER V6.22.4.0                                                  04/18/2025  17:13:03  PAGE 2


                    0008H     0018H                  *** GAP ***
            BIT     0020H.0   0000H.3   UNIT         ?BI?ADC
            BIT     0020H.3   0000H.2   UNIT         ?BI?PWM
            BIT     0020H.5   0000H.1   UNIT         ?BI?TIME0
            BIT     0020H.6   0000H.1   UNIT         _BIT_GROUP_
                    0020H.7   0000H.1                *** GAP ***
            IDATA   0021H     0001H     UNIT         ?STACK

            * * * * * * *  X D A T A   M E M O R Y  * * * * * * *
                    0000H     6000H                  *** GAP ***
            XDATA   6000H     0033H     UNIT         ?XD?ADC
            XDATA   6033H     0010H     UNIT         ?XD?MAIN
            XDATA   6043H     0010H     UNIT         _XDATA_GROUP_
            XDATA   6053H     0004H     UNIT         ?XD?PWM
            XDATA   6057H     0004H     UNIT         ?XD?TIMER1
            XDATA   605BH     0003H     UNIT         ?XD?_USER_PRINTF?DEBUG
            XDATA   605EH     0001H     UNIT         ?XD?TIME0

            * * * * * * *   C O D E   M E M O R Y   * * * * * * *
            CODE    0000H     0003H     ABSOLUTE     
            CODE    0003H     000CH     ABSOLUTE     
            CODE    000FH     000DH     UNIT         ?PR?ADC_PIN_CONFIG?ADC
            CODE    001CH     0001H     UNIT         ?PR?DEBUG_INIT?DEBUG
                    001DH     0001H                  *** GAP ***
            CODE    001EH     0003H     ABSOLUTE     
            CODE    0021H     0003H     ABSOLUTE     
            CODE    0024H     06C6H     UNIT         ?C?LIB_CODE
            CODE    06EAH     02B1H     UNIT         ?PR?ADC_SCAN_ACCORDING_PIN9?ADC
            CODE    099BH     0166H     UNIT         ?PR?_POW?POW
            CODE    0B01H     014CH     UNIT         ?PR?ADC_GET_VAL?ADC
            CODE    0C4DH     0133H     UNIT         ?PR?_PUBBLE_SORT?ADC
            CODE    0D80H     0129H     UNIT         ?PR?LOG?LOG
            CODE    0EA9H     011AH     UNIT         ?PR?ADC_SCAN?ADC
            CODE    0FC3H     00F1H     UNIT         ?PR?MAIN?MAIN
            CODE    10B4H     00CFH     UNIT         ?PR?SYSTEM_INIT?SYSTEM
            CODE    1183H     00BEH     UNIT         ?PR?__MY_ADJUST_PWM?PWM
            CODE    1241H     009DH     UNIT         ?PR?SET_DUTY?ADC
            CODE    12DEH     009AH     UNIT         ?PR?EXP?EXP
            CODE    1378H     0093H     UNIT         ?PR?GET_VOLTAGE_FROM_PIN?ADC
            CODE    140BH     008CH     UNIT         ?C_C51STARTUP
            CODE    1497H     005CH     UNIT         ?PR?PWM_INIT?PWM
            CODE    14F3H     005CH     UNIT         ?PR?ACCORDING_PIN9_TO_ADJUST_PIN16?PWM
            CODE    154FH     0055H     UNIT         ?PR?TIMR1_IRQHANDLER?TIMER1
            CODE    15A4H     0046H     UNIT         ?C_INITSEG
            CODE    15EAH     0046H     UNIT         ?PR?_ADC_SEL_PIN?ADC
            CODE    1630H     0040H     UNIT         ?PR?TMR1_CONFIG?TIMER1
            CODE    1670H     0033H     UNIT         ?PR?_USER_PRINTF?DEBUG
            CODE    16A3H     0032H     UNIT         ?PR?TIMR0_IRQHANDLER?TIME0
            CODE    16D5H     002AH     UNIT         ?PR?ADC_SINGLE_GETVAL?ADC
            CODE    16FFH     0027H     UNIT         ?PR?__CLEAR_BUFF?ADC
            CODE    1726H     001BH     UNIT         ?PR?TMR0_CONFIG?TIME0
            CODE    1741H     0018H     UNIT         ?PR?_DELAY_MS?SYSTEM
            CODE    1759H     0014H     UNIT         ?PR?TMR0_DISABLE?TIME0
            CODE    176DH     0014H     UNIT         ?PR?TMR1_DISABLE?TIMER1
            CODE    1781H     0012H     UNIT         ?PR?SET_PWM_DUTY?PWM
            CODE    1793H     0012H     UNIT         ?PR?ADAPTIVE_DUTY?PWM
            CODE    17A5H     0010H     UNIT         ?PR?TMR0_ENABLE?TIME0
BL51 BANKED LINKER/LOCATER V6.22.4.0                                                  04/18/2025  17:13:03  PAGE 3


            CODE    17B5H     0010H     UNIT         ?PR?TMR1_ENABLE?TIMER1
            CODE    17C5H     000DH     UNIT         ?PR?_DEBUG_PUTCHAR?DEBUG
            CODE    17D2H     000BH     UNIT         ?PR?_DELAY?SYSTEM



OVERLAY MAP OF MODULE:   .\Release\Objects\Demo (?C_STARTUP)


SEGMENT                                           BIT_GROUP          XDATA_GROUP
  +--> CALLED SEGMENT                          START    LENGTH     START    LENGTH
----------------------------------------------------------------------------------
?C_C51STARTUP                                  -----    -----      -----    -----
  +--> ?PR?MAIN?MAIN
  +--> ?C_INITSEG

?PR?MAIN?MAIN                                  -----    -----      -----    -----
  +--> ?PR?SYSTEM_INIT?SYSTEM
  +--> ?PR?ADC_PIN_CONFIG?ADC
  +--> ?PR?TMR0_CONFIG?TIME0
  +--> ?PR?PWM_INIT?PWM
  +--> ?PR?TMR1_CONFIG?TIMER1
  +--> ?PR?_POW?POW
  +--> ?PR?SET_PWM_DUTY?PWM
  +--> ?PR?_DELAY_MS?SYSTEM
  +--> ?PR?ADC_SCAN?ADC
  +--> ?PR?SET_DUTY?ADC
  +--> ?PR?ACCORDING_PIN9_TO_ADJUST_PIN16?PWM

?PR?SYSTEM_INIT?SYSTEM                         -----    -----      -----    -----
  +--> ?PR?_DELAY?SYSTEM
  +--> ?PR?_DELAY_MS?SYSTEM

?PR?_DELAY_MS?SYSTEM                           -----    -----      -----    -----
  +--> ?PR?_DELAY?SYSTEM

?PR?_POW?POW                                   -----    -----      6043H    000AH
  +--> ?PR?LOG?LOG
  +--> ?PR?EXP?EXP

?PR?LOG?LOG                                    0020H.6  0000H.1    604DH    0004H

?PR?ADC_SCAN?ADC                               -----    -----      6043H    0005H
  +--> ?PR?_ADC_SEL_PIN?ADC
  +--> ?PR?GET_VOLTAGE_FROM_PIN?ADC
  +--> ?PR?__CLEAR_BUFF?ADC
  +--> ?PR?TMR1_ENABLE?TIMER1
  +--> ?PR?TMR1_DISABLE?TIMER1

?PR?_ADC_SEL_PIN?ADC                           -----    -----      -----    -----
  +--> ?PR?_DELAY_MS?SYSTEM

?PR?GET_VOLTAGE_FROM_PIN?ADC                   -----    -----      6049H    0005H
  +--> ?PR?ADC_SINGLE_GETVAL?ADC
  +--> ?PR?_DELAY_MS?SYSTEM

?PR?SET_DUTY?ADC                               -----    -----      -----    -----
BL51 BANKED LINKER/LOCATER V6.22.4.0                                                  04/18/2025  17:13:03  PAGE 4


  +--> ?PR?TMR0_ENABLE?TIME0
  +--> ?PR?_ADC_SEL_PIN?ADC
  +--> ?PR?ADC_SCAN_ACCORDING_PIN9?ADC
  +--> ?PR?ADAPTIVE_DUTY?PWM
  +--> ?PR?TMR0_DISABLE?TIME0

?PR?ADC_SCAN_ACCORDING_PIN9?ADC                -----    -----      6043H    0005H
  +--> ?PR?ADC_GET_VAL?ADC
  +--> ?PR?_PUBBLE_SORT?ADC
  +--> ?PR?__MY_ADJUST_PWM?PWM

?PR?ADC_GET_VAL?ADC                            -----    -----      6048H    000BH

?PR?_PUBBLE_SORT?ADC                           -----    -----      6048H    0007H

?PR?__MY_ADJUST_PWM?PWM                        -----    -----      6048H    0008H

?PR?ADAPTIVE_DUTY?PWM                          -----    -----      -----    -----
  +--> ?PR?SET_PWM_DUTY?PWM

?PR?ACCORDING_PIN9_TO_ADJUST_PIN16?PWM         -----    -----      6043H    0006H
  +--> ?PR?_ADC_SEL_PIN?ADC
  +--> ?PR?GET_VOLTAGE_FROM_PIN?ADC



SYMBOL TABLE OF MODULE:  .\Release\Objects\Demo (?C_STARTUP)

  VALUE           TYPE          NAME
  ----------------------------------

  -------         MODULE        ?C_STARTUP
  C:140BH         SEGMENT       ?C_C51STARTUP
  I:0021H         SEGMENT       ?STACK
  C:0000H         PUBLIC        ?C_STARTUP
  D:00E0H         SYMBOL        ACC
  D:00F0H         SYMBOL        B
  D:0083H         SYMBOL        DPH
  D:0082H         SYMBOL        DPL
  N:0000H         SYMBOL        IBPSTACK
  N:0100H         SYMBOL        IBPSTACKTOP
  N:0080H         SYMBOL        IDATALEN
  C:140EH         SYMBOL        IDATALOOP
  N:0000H         SYMBOL        PBPSTACK
  N:0100H         SYMBOL        PBPSTACKTOP
  N:0000H         SYMBOL        PDATALEN
  N:0000H         SYMBOL        PDATASTART
  N:0000H         SYMBOL        PPAGE
  N:0000H         SYMBOL        PPAGEENABLE
  D:00A0H         SYMBOL        PPAGE_SFR
  D:0081H         SYMBOL        SP
  C:140BH         SYMBOL        STARTUP1
  N:0000H         SYMBOL        XBPSTACK
  N:0000H         SYMBOL        XBPSTACKTOP
  N:0000H         SYMBOL        XDATALEN
  N:0000H         SYMBOL        XDATASTART
  C:0000H         LINE#         126
BL51 BANKED LINKER/LOCATER V6.22.4.0                                                  04/18/2025  17:13:03  PAGE 5


  C:140BH         LINE#         133
  C:140DH         LINE#         134
  C:140EH         LINE#         135
  C:140FH         LINE#         136
  C:1411H         LINE#         185
  C:1414H         LINE#         196
  -------         ENDMOD        ?C_STARTUP

  -------         MODULE        SYSTEM
  C:0000H         SYMBOL        _ICE_DUMMY_
  D:00A7H         PUBLIC        FLASH_TIMEREG0
  C:17D2H         PUBLIC        _delay
  D:00ACH         PUBLIC        FLASH_TIMEREG1
  C:10B4H         PUBLIC        system_init
  C:1741H         PUBLIC        _delay_ms
  -------         PROC          _DELAY
  D:0006H         SYMBOL        cnt
  C:17D2H         LINE#         37
  C:17D2H         LINE#         38
  C:17D2H         LINE#         39
  C:17DCH         LINE#         40
  C:17DCH         LINE#         41
  C:17DCH         LINE#         42
  -------         ENDPROC       _DELAY
  -------         PROC          _DELAY_MS
  D:0002H         SYMBOL        ms
  C:1741H         LINE#         49
  C:1745H         LINE#         50
  C:1745H         LINE#         51
  C:174FH         LINE#         52
  C:174FH         LINE#         53
  C:1756H         LINE#         54
  C:1758H         LINE#         55
  -------         ENDPROC       _DELAY_MS
  -------         PROC          SYSTEM_INIT
  -------         DO            
  D:0007H         SYMBOL        i
  -------         ENDDO         
  C:10B4H         LINE#         62
  C:10B4H         LINE#         63
  C:10B4H         LINE#         66
  C:10BBH         LINE#         67
  C:10C8H         LINE#         68
  C:10CBH         LINE#         69
  C:10CEH         LINE#         70
  C:10D4H         LINE#         71
  C:10DAH         LINE#         72
  C:10E0H         LINE#         76
  C:10E2H         LINE#         77
  C:10E2H         LINE#         78
  C:10EFH         LINE#         79
  C:10F4H         LINE#         81
  C:1182H         LINE#         82
  -------         ENDPROC       SYSTEM_INIT
  -------         ENDMOD        SYSTEM

  -------         MODULE        MAIN
BL51 BANKED LINKER/LOCATER V6.22.4.0                                                  04/18/2025  17:13:03  PAGE 6


  C:0000H         SYMBOL        _ICE_DUMMY_
  C:0FC3H         PUBLIC        main
  X:6033H         PUBLIC        r_ms
  B:0090H.4       PUBLIC        P14
  D:00D9H         PUBLIC        WDT_KEY
  X:6037H         PUBLIC        step
  X:603BH         PUBLIC        mi
  X:603FH         PUBLIC        rus
  -------         PROC          MAIN
  C:0FC3H         LINE#         57
  C:0FC3H         LINE#         58
  C:0FC3H         LINE#         60
  C:0FC6H         LINE#         62
  C:0FC9H         LINE#         77
  C:0FCCH         LINE#         79
  C:0FCFH         LINE#         80
  C:0FD2H         LINE#         81
  C:0FD5H         LINE#         86
  C:0FD7H         LINE#         87
  C:0FDEH         LINE#         88
  C:0FF1H         LINE#         89
  C:0FF1H         LINE#         90
  C:0FF7H         LINE#         91
  C:0FF7H         LINE#         92
  C:0FF7H         LINE#         93
  C:0FF7H         LINE#         94
  C:1003H         LINE#         95
  C:1003H         LINE#         96
  C:1035H         LINE#         97
  C:1052H         LINE#         98
  C:1086H         LINE#         99
  C:1086H         LINE#         100
  C:1095H         LINE#         101
  C:1095H         LINE#         102
  C:109CH         LINE#         103
  C:109CH         LINE#         105
  C:109FH         LINE#         106
  C:10A6H         LINE#         108
  C:10A9H         LINE#         112
  C:10A9H         LINE#         113
  C:10A9H         LINE#         114
  C:10ACH         LINE#         115
  C:10AFH         LINE#         116
  C:10B2H         LINE#         118
  -------         ENDPROC       MAIN
  -------         ENDMOD        MAIN

  -------         MODULE        PWM
  C:0000H         SYMBOL        _ICE_DUMMY_
  C:1183H         PUBLIC        __My_Adjust_Pwm
  X:6053H         PUBLIC        c_duty
  C:1781H         PUBLIC        set_pwm_duty
  B:0090H.4       PUBLIC        P14
  X:6055H         PUBLIC        adjust_duty
  B:0020H.3       PUBLIC        jump_flag
  C:1793H         PUBLIC        Adaptive_Duty
  B:0020H.4       PUBLIC        max_flag
BL51 BANKED LINKER/LOCATER V6.22.4.0                                                  04/18/2025  17:13:03  PAGE 7


  C:14F3H         PUBLIC        according_pin9_to_adjust_pin16
  C:1497H         PUBLIC        pwm_init
  -------         PROC          PWM_INIT
  C:1497H         LINE#         11
  C:1497H         LINE#         12
  C:1497H         LINE#         13
  C:149DH         LINE#         15
  C:14A2H         LINE#         16
  C:14A7H         LINE#         17
  C:14ABH         LINE#         18
  C:14AFH         LINE#         19
  C:14B1H         LINE#         20
  C:14B7H         LINE#         22
  C:14BDH         LINE#         23
  C:14C3H         LINE#         24
  C:14C9H         LINE#         25
  C:14CFH         LINE#         26
  C:14D5H         LINE#         27
  C:14DBH         LINE#         28
  C:14DFH         LINE#         29
  C:14E3H         LINE#         30
  C:14E7H         LINE#         31
  C:14ECH         LINE#         32
  C:14F2H         LINE#         33
  -------         ENDPROC       PWM_INIT
  -------         PROC          SET_PWM_DUTY
  C:1781H         LINE#         36
  C:1781H         LINE#         37
  C:1781H         LINE#         38
  C:1788H         LINE#         39
  C:178CH         LINE#         40
  C:1792H         LINE#         41
  -------         ENDPROC       SET_PWM_DUTY
  -------         PROC          __MY_ADJUST_PWM
  X:6048H         SYMBOL        Val
  -------         DO            
  X:604CH         SYMBOL        P9_Vol
  -------         ENDDO         
  C:1183H         LINE#         44
  C:1189H         LINE#         45
  C:1189H         LINE#         46
  C:11A8H         LINE#         61
  C:11C5H         LINE#         62
  C:11C5H         LINE#         65
  C:11CBH         LINE#         66
  C:11CBH         LINE#         67
  C:11D2H         LINE#         68
  C:11D4H         LINE#         69
  C:11D6H         LINE#         71
  C:11D6H         LINE#         72
  C:11DDH         LINE#         73
  C:11DFH         LINE#         74
  C:11DFH         LINE#         75
  C:11E1H         LINE#         98
  C:11FCH         LINE#         99
  C:11FCH         LINE#         102
  C:1206H         LINE#         103
BL51 BANKED LINKER/LOCATER V6.22.4.0                                                  04/18/2025  17:13:03  PAGE 8


  C:1208H         LINE#         104
  C:121DH         LINE#         105
  C:121FH         LINE#         106
  C:121FH         LINE#         111
  C:123BH         LINE#         112
  C:123BH         LINE#         113
  C:123DH         LINE#         114
  C:123EH         LINE#         116
  C:123EH         LINE#         117
  C:1240H         LINE#         118
  C:1240H         LINE#         119
  -------         ENDPROC       __MY_ADJUST_PWM
  -------         PROC          ACCORDING_PIN9_TO_ADJUST_PIN16
  -------         DO            
  X:6043H         SYMBOL        i
  X:6044H         SYMBOL        cnt
  X:6045H         SYMBOL        adc_aver_val
  -------         ENDDO         
  C:14F3H         LINE#         122
  C:14F3H         LINE#         123
  C:14F3H         LINE#         124
  C:14F8H         LINE#         125
  C:14FAH         LINE#         126
  C:1502H         LINE#         127
  C:1507H         LINE#         155
  C:150CH         LINE#         156
  C:150CH         LINE#         157
  C:1515H         LINE#         158
  C:1530H         LINE#         159
  C:1530H         LINE#         161
  C:1536H         LINE#         162
  C:1536H         LINE#         163
  C:1542H         LINE#         166
  C:1549H         LINE#         167
  C:1549H         LINE#         169
  C:154BH         LINE#         170
  C:154CH         LINE#         172
  C:154CH         LINE#         173
  C:154EH         LINE#         174
  C:154EH         LINE#         176
  -------         ENDPROC       ACCORDING_PIN9_TO_ADJUST_PIN16
  -------         PROC          ADAPTIVE_DUTY
  C:1793H         LINE#         179
  C:1793H         LINE#         180
  C:1793H         LINE#         207
  C:17A2H         LINE#         208
  -------         ENDPROC       ADAPTIVE_DUTY
  -------         ENDMOD        PWM

  -------         MODULE        ADC
  C:0000H         SYMBOL        _ICE_DUMMY_
  X:6002H         PUBLIC        adc0_val
  X:6004H         PUBLIC        index
  C:06EAH         PUBLIC        adc_scan_according_pin9
  C:000FH         PUBLIC        adc_pin_config
  B:0020H.2       PUBLIC        flag_is_pin_9_vol_bounce
  C:0EA9H         PUBLIC        adc_scan
BL51 BANKED LINKER/LOCATER V6.22.4.0                                                  04/18/2025  17:13:03  PAGE 9


  D:0099H         PUBLIC        ADC_CHS0
  X:6005H         PUBLIC        index_jump
  D:0093H         PUBLIC        ADC_DATAH0
  X:6006H         PUBLIC        temp_status
  D:0094H         PUBLIC        ADC_DATAL0
  C:16FFH         PUBLIC        __clear_buff
  X:6007H         PUBLIC        Vol_val
  C:1378H         PUBLIC        get_voltage_from_pin
  C:0C4DH         PUBLIC        _Pubble_Sort
  C:0B01H         PUBLIC        adc_get_val
  X:600BH         PUBLIC        Vol_val_all
  X:601FH         PUBLIC        Vol_val_jump
  C:1241H         PUBLIC        set_duty
  C:16D5H         PUBLIC        adc_single_getval
  C:15EAH         PUBLIC        _adc_sel_pin
  -------         PROC          _PUBBLE_SORT
  D:0001H         SYMBOL        arr
  X:6048H         SYMBOL        length
  -------         DO            
  X:6049H         SYMBOL        i
  X:604BH         SYMBOL        j
  -------         DO            
  X:604DH         SYMBOL        temp
  -------         ENDDO         
  -------         ENDDO         
  C:0C4DH         LINE#         17
  C:0C52H         LINE#         18
  C:0C52H         LINE#         19
  C:0C57H         LINE#         20
  C:0C5BH         LINE#         21
  C:0C82H         LINE#         22
  C:0C82H         LINE#         23
  C:0CB6H         LINE#         24
  C:0CB6H         LINE#         25
  C:0CE7H         LINE#         26
  C:0CE7H         LINE#         27
  C:0D05H         LINE#         28
  C:0D31H         LINE#         29
  C:0D57H         LINE#         30
  C:0D57H         LINE#         31
  C:0D6BH         LINE#         32
  C:0D7FH         LINE#         33
  -------         ENDPROC       _PUBBLE_SORT
  -------         PROC          ADC_PIN_CONFIG
  C:000FH         LINE#         36
  C:000FH         LINE#         37
  C:000FH         LINE#         39
  C:0015H         LINE#         42
  C:001BH         LINE#         43
  -------         ENDPROC       ADC_PIN_CONFIG
  -------         PROC          _ADC_SEL_PIN
  D:0007H         SYMBOL        adc_sel
  C:15EAH         LINE#         50
  C:15EAH         LINE#         51
  C:15EAH         LINE#         53
  C:15F1H         LINE#         55
  C:15F9H         LINE#         56
BL51 BANKED LINKER/LOCATER V6.22.4.0                                                  04/18/2025  17:13:03  PAGE 10


  C:15F9H         LINE#         57
  C:15F9H         LINE#         60
  C:1600H         LINE#         61
  C:1604H         LINE#         63
  C:160AH         LINE#         67
  C:160DH         LINE#         69
  C:160DH         LINE#         71
  C:160FH         LINE#         73
  C:160FH         LINE#         76
  C:1616H         LINE#         77
  C:161AH         LINE#         79
  C:1620H         LINE#         82
  C:1623H         LINE#         84
  C:1629H         LINE#         86
  C:1629H         LINE#         87
  C:1629H         LINE#         89
  -------         ENDPROC       _ADC_SEL_PIN
  -------         PROC          ADC_SINGLE_GETVAL
  C:16D5H         LINE#         95
  C:16D5H         LINE#         96
  C:16D5H         LINE#         97
  C:16DBH         LINE#         98
  C:16E1H         LINE#         100
  C:16FBH         LINE#         101
  C:16FEH         LINE#         102
  -------         ENDPROC       ADC_SINGLE_GETVAL
  -------         PROC          ADC_GET_VAL
  -------         DO            
  X:6048H         SYMBOL        i
  X:6049H         SYMBOL        g_temp_value
  X:604BH         SYMBOL        g_tmpbuff
  X:604FH         SYMBOL        g_adcmax
  X:6051H         SYMBOL        g_adcmin
  -------         ENDDO         
  C:0B01H         LINE#         109
  C:0B01H         LINE#         110
  C:0B01H         LINE#         111
  C:0B06H         LINE#         112
  C:0B0AH         LINE#         113
  C:0B12H         LINE#         114
  C:0B19H         LINE#         115
  C:0B1FH         LINE#         118
  C:0B24H         LINE#         119
  C:0B24H         LINE#         120
  C:0B2AH         LINE#         121
  C:0B30H         LINE#         123
  C:0B4AH         LINE#         124
  C:0B4DH         LINE#         126
  C:0B56H         LINE#         127
  C:0B56H         LINE#         128
  C:0B6CH         LINE#         129
  C:0B74H         LINE#         130
  C:0B83H         LINE#         131
  C:0B92H         LINE#         132
  C:0BBBH         LINE#         133
  C:0BC9H         LINE#         135
  C:0BFCH         LINE#         136
BL51 BANKED LINKER/LOCATER V6.22.4.0                                                  04/18/2025  17:13:03  PAGE 11


  C:0C31H         LINE#         137
  C:0C4CH         LINE#         138
  C:0C4CH         LINE#         139
  -------         ENDPROC       ADC_GET_VAL
  -------         PROC          __CLEAR_BUFF
  C:16FFH         LINE#         143
  C:16FFH         LINE#         144
  C:16FFH         LINE#         146
  C:170EH         LINE#         147
  C:1713H         LINE#         149
  C:1720H         LINE#         150
  C:1725H         LINE#         151
  -------         ENDPROC       __CLEAR_BUFF
  -------         PROC          ADC_SCAN_ACCORDING_PIN9
  -------         DO            
  X:6000H         SYMBOL        flag_filter
  X:6043H         SYMBOL        tmp
  X:6045H         SYMBOL        cnt
  X:6043H         SYMBOL        sum
  X:6047H         SYMBOL        i
  -------         DO            
  X:6046H         SYMBOL        i
  -------         ENDDO         
  -------         ENDDO         
  -------         DO            
  X:6043H         SYMBOL        sum
  X:6047H         SYMBOL        i
  -------         ENDDO         
  -------         DO            
  X:6043H         SYMBOL        sum
  X:6047H         SYMBOL        i
  -------         ENDDO         
  C:06EAH         LINE#         154
  C:06EAH         LINE#         155
  C:06EAH         LINE#         161
  C:06F5H         LINE#         167
  C:06F5H         LINE#         169
  C:0704H         LINE#         170
  C:0707H         LINE#         171
  C:0714H         LINE#         176
  C:072DH         LINE#         177
  C:072DH         LINE#         178
  C:0734H         LINE#         179
  C:0734H         LINE#         181
  C:0734H         LINE#         182
  C:0734H         LINE#         184
  C:0734H         LINE#         186
  C:0743H         LINE#         187
  C:0743H         LINE#         188
  C:0759H         LINE#         189
  C:0759H         LINE#         190
  C:075FH         LINE#         191
  C:075FH         LINE#         192
  C:0767H         LINE#         193
  C:0767H         LINE#         195
  C:0771H         LINE#         196
  C:0771H         LINE#         197
BL51 BANKED LINKER/LOCATER V6.22.4.0                                                  04/18/2025  17:13:03  PAGE 12


  C:0773H         LINE#         198
  C:0775H         LINE#         199
  C:0778H         LINE#         200
  C:0778H         LINE#         201
  C:077AH         LINE#         202
  C:077AH         LINE#         203
  C:077AH         LINE#         206
  C:07D4H         LINE#         207
  C:07D4H         LINE#         208
  C:07F0H         LINE#         209
  C:07F6H         LINE#         210
  C:07F8H         LINE#         212
  C:07F8H         LINE#         213
  C:0814H         LINE#         214
  C:081AH         LINE#         217
  C:0829H         LINE#         218
  C:082EH         LINE#         219
  C:082EH         LINE#         222
  C:083AH         LINE#         223
  C:083AH         LINE#         224
  C:0844H         LINE#         225
  C:0849H         LINE#         227
  C:0856H         LINE#         228
  C:085BH         LINE#         230
  C:0866H         LINE#         239
  C:086CH         LINE#         240
  C:086CH         LINE#         241
  C:08A1H         LINE#         242
  C:08ABH         LINE#         244
  C:08C8H         LINE#         246
  C:08D2H         LINE#         247
  C:08D6H         LINE#         248
  C:08D6H         LINE#         249
  C:08D9H         LINE#         251
  C:08D9H         LINE#         252
  C:08E5H         LINE#         253
  C:08E5H         LINE#         254
  C:08EFH         LINE#         255
  C:08F4H         LINE#         257
  C:0901H         LINE#         258
  C:0906H         LINE#         260
  C:0911H         LINE#         262
  C:0917H         LINE#         263
  C:0917H         LINE#         264
  C:094CH         LINE#         265
  C:0956H         LINE#         267
  C:0973H         LINE#         269
  C:097DH         LINE#         270
  C:0982H         LINE#         271
  C:0993H         LINE#         272
  C:0993H         LINE#         273
  C:0993H         LINE#         275
  C:099AH         LINE#         276
  -------         ENDPROC       ADC_SCAN_ACCORDING_PIN9
  -------         PROC          GET_VOLTAGE_FROM_PIN
  -------         DO            
  X:6049H         SYMBOL        i
BL51 BANKED LINKER/LOCATER V6.22.4.0                                                  04/18/2025  17:13:03  PAGE 13


  X:604AH         SYMBOL        adc_aver_val
  -------         ENDDO         
  C:1378H         LINE#         279
  C:1378H         LINE#         280
  C:1378H         LINE#         281
  C:137DH         LINE#         282
  C:1385H         LINE#         284
  C:138AH         LINE#         285
  C:138AH         LINE#         286
  C:138DH         LINE#         289
  C:13B8H         LINE#         290
  C:13C1H         LINE#         291
  C:13C1H         LINE#         292
  C:13D8H         LINE#         293
  C:13D8H         LINE#         294
  C:13DFH         LINE#         295
  C:13EBH         LINE#         302
  -------         ENDPROC       GET_VOLTAGE_FROM_PIN
  -------         PROC          ADC_SCAN
  -------         DO            
  X:6043H         SYMBOL        voltage
  -------         DO            
  X:6047H         SYMBOL        i
  -------         ENDDO         
  -------         DO            
  B:0020H.0       SYMBOL        tmr1_is_open
  -------         DO            
  X:6047H         SYMBOL        i
  -------         ENDDO         
  -------         ENDDO         
  -------         ENDDO         
  C:0EA9H         LINE#         305
  C:0EA9H         LINE#         306
  C:0EA9H         LINE#         307
  C:0EB3H         LINE#         312
  C:0EBEH         LINE#         313
  C:0EBEH         LINE#         315
  C:0EBEH         LINE#         317
  C:0EC5H         LINE#         318
  C:0ECAH         LINE#         319
  C:0ED3H         LINE#         326
  C:0EF3H         LINE#         327
  C:0EF3H         LINE#         331
  C:0EF8H         LINE#         332
  C:0EF9H         LINE#         333
  C:0EF9H         LINE#         334
  C:0F02H         LINE#         335
  C:0F1DH         LINE#         336
  C:0F1DH         LINE#         338
  C:0F23H         LINE#         340
  C:0F23H         LINE#         341
  C:0F2FH         LINE#         348
  C:0F35H         LINE#         349
  C:0F38H         LINE#         351
  C:0F38H         LINE#         352
  C:0F43H         LINE#         353
  C:0F43H         LINE#         357
BL51 BANKED LINKER/LOCATER V6.22.4.0                                                  04/18/2025  17:13:03  PAGE 14


  C:0F46H         LINE#         358
  C:0F46H         LINE#         359
  C:0F48H         LINE#         360
  C:0F52H         LINE#         361
  C:0F55H         LINE#         362
  C:0F55H         LINE#         384
  C:0F70H         LINE#         385
  C:0F70H         LINE#         386
  C:0F75H         LINE#         392
  C:0F76H         LINE#         393
  C:0F76H         LINE#         394
  C:0F7FH         LINE#         395
  C:0F9AH         LINE#         396
  C:0F9AH         LINE#         398
  C:0FA1H         LINE#         400
  C:0FA1H         LINE#         401
  C:0FADH         LINE#         405
  C:0FB3H         LINE#         406
  C:0FB6H         LINE#         407
  C:0FC0H         LINE#         408
  C:0FC2H         LINE#         410
  C:0FC2H         LINE#         412
  C:0FC2H         LINE#         413
  -------         ENDPROC       ADC_SCAN
  -------         PROC          SET_DUTY
  -------         DO            
  B:0020H.1       SYMBOL        tmr0_is_open
  -------         ENDDO         
  C:1241H         LINE#         416
  C:1241H         LINE#         417
  C:1241H         LINE#         421
  C:1247H         LINE#         422
  C:1247H         LINE#         423
  C:124AH         LINE#         424
  C:124AH         LINE#         425
  C:124CH         LINE#         426
  C:124FH         LINE#         427
  C:124FH         LINE#         429
  C:1255H         LINE#         430
  C:1255H         LINE#         431
  C:1257H         LINE#         432
  C:125EH         LINE#         433
  C:1263H         LINE#         434
  C:1266H         LINE#         436
  C:127AH         LINE#         437
  C:127AH         LINE#         438
  C:127DH         LINE#         439
  C:127FH         LINE#         440
  C:127FH         LINE#         445
  C:127FH         LINE#         446
  C:1286H         LINE#         447
  C:1286H         LINE#         449
  C:1289H         LINE#         450
  C:128BH         LINE#         452
  C:1295H         LINE#         453
  C:12A9H         LINE#         454
  C:12A9H         LINE#         455
BL51 BANKED LINKER/LOCATER V6.22.4.0                                                  04/18/2025  17:13:03  PAGE 15


  C:12ACH         LINE#         456
  C:12AEH         LINE#         457
  C:12AEH         LINE#         459
  C:12B5H         LINE#         460
  C:12B5H         LINE#         461
  C:12B8H         LINE#         462
  C:12BAH         LINE#         464
  C:12C4H         LINE#         465
  C:12D8H         LINE#         466
  C:12D8H         LINE#         467
  C:12DBH         LINE#         468
  C:12DDH         LINE#         469
  C:12DDH         LINE#         470
  -------         ENDPROC       SET_DUTY
  -------         ENDMOD        ADC

  -------         MODULE        TIME0
  C:0000H         SYMBOL        _ICE_DUMMY_
  C:16A3H         PUBLIC        TIMR0_IRQHandler
  B:0020H.5       PUBLIC        tmr0_flag
  X:605EH         PUBLIC        ms_cnt
  D:00D1H         PUBLIC        TMR_ALLCON
  C:1759H         PUBLIC        tmr0_disable
  D:00A8H         PUBLIC        IE0
  D:00A9H         PUBLIC        IE1
  D:00AAH         PUBLIC        IE2
  D:00ABH         PUBLIC        IE3
  D:00B8H         PUBLIC        IP0
  D:00B1H         PUBLIC        IP1
  D:00B2H         PUBLIC        IP2
  D:00B3H         PUBLIC        IP3
  D:00B4H         PUBLIC        IP4
  D:00B5H         PUBLIC        IP5
  D:00B6H         PUBLIC        IP6
  C:17A5H         PUBLIC        tmr0_enable
  D:00B7H         PUBLIC        IP7
  C:1726H         PUBLIC        tmr0_config
  B:00A8H.7       PUBLIC        IE_EA
  -------         PROC          TMR0_CONFIG
  C:1726H         LINE#         10
  C:1726H         LINE#         11
  C:1726H         LINE#         12
  C:1729H         LINE#         13
  C:172BH         LINE#         17
  C:172EH         LINE#         18
  C:1733H         LINE#         19
  C:1737H         LINE#         20
  C:173CH         LINE#         21
  C:1740H         LINE#         22
  -------         ENDPROC       TMR0_CONFIG
  -------         PROC          TMR0_ENABLE
  C:17A5H         LINE#         27
  C:17A5H         LINE#         28
  C:17A5H         LINE#         30
  C:17ABH         LINE#         31
  C:17AFH         LINE#         33
  C:17B2H         LINE#         34
BL51 BANKED LINKER/LOCATER V6.22.4.0                                                  04/18/2025  17:13:03  PAGE 16


  C:17B4H         LINE#         35
  -------         ENDPROC       TMR0_ENABLE
  -------         PROC          TMR0_DISABLE
  C:1759H         LINE#         40
  C:1759H         LINE#         41
  C:1759H         LINE#         43
  C:175FH         LINE#         44
  C:1763H         LINE#         47
  C:1767H         LINE#         48
  C:1769H         LINE#         50
  C:176CH         LINE#         51
  -------         ENDPROC       TMR0_DISABLE
  -------         PROC          TIMR0_IRQHANDLER
  C:16A3H         LINE#         54
  C:16B0H         LINE#         57
  C:16B0H         LINE#         62
  C:16B6H         LINE#         63
  C:16B6H         LINE#         64
  C:16BAH         LINE#         66
  C:16C0H         LINE#         68
  C:16C6H         LINE#         69
  C:16C6H         LINE#         71
  C:16C8H         LINE#         72
  C:16CAH         LINE#         73
  C:16CAH         LINE#         74
  C:16CAH         LINE#         77
  C:16CAH         LINE#         78
  -------         ENDPROC       TIMR0_IRQHANDLER
  -------         ENDMOD        TIME0

  -------         MODULE        DEBUG
  C:0000H         SYMBOL        _ICE_DUMMY_
  C:001CH         PUBLIC        debug_init
  D:00F4H         PUBLIC        UART1_STA
  C:1670H         PUBLIC        _user_printf
  C:17C5H         PUBLIC        _debug_putchar
  D:00F7H         PUBLIC        UART1_DATA
  -------         PROC          _DEBUG_PUTCHAR
  D:0007H         SYMBOL        uart_data
  C:17C5H         LINE#         51
  C:17C5H         LINE#         52
  C:17C5H         LINE#         53
  C:17CAH         LINE#         55
  C:17CCH         LINE#         56
  C:17D1H         LINE#         58
  -------         ENDPROC       _DEBUG_PUTCHAR
  -------         PROC          DEBUG_INIT
  C:001CH         LINE#         65
  C:001CH         LINE#         66
  C:001CH         LINE#         78
  -------         ENDPROC       DEBUG_INIT
  -------         PROC          _USER_PRINTF
  X:605BH         SYMBOL        p_data
  C:1670H         LINE#         85
  C:167BH         LINE#         86
  C:167BH         LINE#         87
  C:168BH         LINE#         88
BL51 BANKED LINKER/LOCATER V6.22.4.0                                                  04/18/2025  17:13:03  PAGE 17


  C:168BH         LINE#         89
  C:16A0H         LINE#         90
  C:16A2H         LINE#         91
  -------         ENDPROC       _USER_PRINTF
  -------         ENDMOD        DEBUG

  -------         MODULE        TIMER1
  C:0000H         SYMBOL        _ICE_DUMMY_
  C:154FH         PUBLIC        TIMR1_IRQHandler
  X:6057H         PUBLIC        tmr1_cnt
  D:00A8H         PUBLIC        IE0
  C:176DH         PUBLIC        tmr1_disable
  D:00A9H         PUBLIC        IE1
  D:00AAH         PUBLIC        IE2
  D:00ABH         PUBLIC        IE3
  D:00B8H         PUBLIC        IP0
  D:00B1H         PUBLIC        IP1
  D:00B2H         PUBLIC        IP2
  D:00B3H         PUBLIC        IP3
  D:00B4H         PUBLIC        IP4
  D:00B5H         PUBLIC        IP5
  D:00B6H         PUBLIC        IP6
  D:00B7H         PUBLIC        IP7
  C:17B5H         PUBLIC        tmr1_enable
  C:1630H         PUBLIC        tmr1_config
  B:00A8H.7       PUBLIC        IE_EA
  -------         PROC          TMR1_CONFIG
  C:1630H         LINE#         10
  C:1630H         LINE#         11
  C:1630H         LINE#         12
  C:1636H         LINE#         14
  C:163CH         LINE#         17
  C:1640H         LINE#         18
  C:1644H         LINE#         19
  C:1648H         LINE#         21
  C:164DH         LINE#         22
  C:1651H         LINE#         25
  C:1656H         LINE#         26
  C:165AH         LINE#         29
  C:165EH         LINE#         30
  C:1660H         LINE#         32
  C:1666H         LINE#         34
  C:166AH         LINE#         37
  C:166DH         LINE#         38
  C:166FH         LINE#         39
  -------         ENDPROC       TMR1_CONFIG
  -------         PROC          TMR1_ENABLE
  C:17B5H         LINE#         44
  C:17B5H         LINE#         45
  C:17B5H         LINE#         47
  C:17BBH         LINE#         48
  C:17BFH         LINE#         50
  C:17C2H         LINE#         51
  C:17C4H         LINE#         52
  -------         ENDPROC       TMR1_ENABLE
  -------         PROC          TMR1_DISABLE
  C:176DH         LINE#         57
BL51 BANKED LINKER/LOCATER V6.22.4.0                                                  04/18/2025  17:13:03  PAGE 18


  C:176DH         LINE#         58
  C:176DH         LINE#         60
  C:1773H         LINE#         61
  C:1777H         LINE#         64
  C:177BH         LINE#         65
  C:177DH         LINE#         67
  C:1780H         LINE#         68
  -------         ENDPROC       TMR1_DISABLE
  -------         PROC          TIMR1_IRQHANDLER
  C:154FH         LINE#         71
  C:1566H         LINE#         74
  C:1566H         LINE#         79
  C:156CH         LINE#         80
  C:156CH         LINE#         81
  C:1570H         LINE#         83
  C:158FH         LINE#         84
  C:158FH         LINE#         87
  C:158FH         LINE#         88
  -------         ENDPROC       TIMR1_IRQHANDLER
  -------         ENDMOD        TIMER1

  -------         MODULE        ?C?FPADD
  C:002BH         PUBLIC        ?C?FPADD
  C:0027H         PUBLIC        ?C?FPSUB
  -------         ENDMOD        ?C?FPADD

  -------         MODULE        ?C?FPMUL
  C:011CH         PUBLIC        ?C?FPMUL
  -------         ENDMOD        ?C?FPMUL

  -------         MODULE        ?C?FPDIV
  C:0225H         PUBLIC        ?C?FPDIV
  -------         ENDMOD        ?C?FPDIV

  -------         MODULE        ?C?FPCMP
  C:02C4H         PUBLIC        ?C?FPCMP
  C:02C2H         PUBLIC        ?C?FPCMP3
  -------         ENDMOD        ?C?FPCMP

  -------         MODULE        ?C?FCAST
  C:0345H         PUBLIC        ?C?FCASTC
  C:0340H         PUBLIC        ?C?FCASTI
  C:033BH         PUBLIC        ?C?FCASTL
  -------         ENDMOD        ?C?FCAST

  -------         MODULE        ?C?CASTF
  C:0379H         PUBLIC        ?C?CASTF
  -------         ENDMOD        ?C?CASTF

  -------         MODULE        POW
  X:6043H         PUBLIC        ?_pow?BYTE
  C:099BH         PUBLIC        _pow
  -------         ENDMOD        POW

  -------         MODULE        ?C?CHKFLOAT
  C:03FAH         PUBLIC        ?C?CHKFLOAT
  -------         ENDMOD        ?C?CHKFLOAT
BL51 BANKED LINKER/LOCATER V6.22.4.0                                                  04/18/2025  17:13:03  PAGE 19



  -------         MODULE        ?C?FPNEG
  C:0414H         PUBLIC        ?C?FPNEG
  -------         ENDMOD        ?C?FPNEG

  -------         MODULE        EXP
  C:1316H         PUBLIC        _EXP
  -------         ENDMOD        EXP

  -------         MODULE        LOG
  C:0DB4H         PUBLIC        _LOG
  C:0DB0H         PUBLIC        _LOG10
  -------         ENDMOD        LOG

  -------         MODULE        ?C?CLDPTR
  C:0472H         PUBLIC        ?C?CLDPTR
  -------         ENDMOD        ?C?CLDPTR

  -------         MODULE        ?C?ILDIX
  C:048BH         PUBLIC        ?C?ILDIX
  -------         ENDMOD        ?C?ILDIX

  -------         MODULE        ?C?ILDOPTR
  C:04A1H         PUBLIC        ?C?ILDOPTR
  -------         ENDMOD        ?C?ILDOPTR

  -------         MODULE        ?C?ISTOPTR
  C:04D9H         PUBLIC        ?C?ISTOPTR
  -------         ENDMOD        ?C?ISTOPTR

  -------         MODULE        ?C?LMUL
  C:0506H         PUBLIC        ?C?LMUL
  -------         ENDMOD        ?C?LMUL

  -------         MODULE        ?C?ULDIV
  C:0591H         PUBLIC        ?C?ULDIV
  -------         ENDMOD        ?C?ULDIV

  -------         MODULE        ?C?LNEG
  C:0623H         PUBLIC        ?C?LNEG
  -------         ENDMOD        ?C?LNEG

  -------         MODULE        ?C?ULCMP
  C:0631H         PUBLIC        ?C?ULCMP
  -------         ENDMOD        ?C?ULCMP

  -------         MODULE        ?C?ULSHR
  C:0642H         PUBLIC        ?C?ULSHR
  -------         ENDMOD        ?C?ULSHR

  -------         MODULE        ?C?LLDCODE
  C:0655H         PUBLIC        ?C?LLDCODE
  -------         ENDMOD        ?C?LLDCODE

  -------         MODULE        ?C?LLDXDATA0
  C:0665H         PUBLIC        ?C?LLDXDATA0
  -------         ENDMOD        ?C?LLDXDATA0
BL51 BANKED LINKER/LOCATER V6.22.4.0                                                  04/18/2025  17:13:03  PAGE 20



  -------         MODULE        ?C?LLDCODE0
  C:0671H         PUBLIC        ?C?LLDCODE0
  -------         ENDMOD        ?C?LLDCODE0

  -------         MODULE        ?C?LSTXDATA
  C:0681H         PUBLIC        ?C?LSTXDATA
  -------         ENDMOD        ?C?LSTXDATA

  -------         MODULE        ?C?LSTKXDATA
  C:068DH         PUBLIC        ?C?LSTKXDATA
  -------         ENDMOD        ?C?LSTKXDATA

  -------         MODULE        ?C?MEMSET
  C:06BEH         PUBLIC        ?C?MEMSET
  -------         ENDMOD        ?C?MEMSET

*** WARNING L16: UNCALLED SEGMENT, IGNORED FOR OVERLAY PROCESS
    SEGMENT: ?PR?DEBUG_INIT?DEBUG

*** WARNING L16: UNCALLED SEGMENT, IGNORED FOR OVERLAY PROCESS
    SEGMENT: ?PR?_USER_PRINTF?DEBUG

Program Size: data=9.7 xdata=95 code=6108
LINK/LOCATE RUN COMPLETE.  2 WARNING(S),  0 ERROR(S)
