BL51 BANKED LINKER/LOCATER V6.22.4.0                                                    04/16/2025  11:22:41  PAGE 1


BL51 BANKED LINKER/LOCATER V6.22.4.0, INVOKED BY:
C:\KEIL_V5\C51\BIN\BL51.EXE .\Release\Objects\STARTUP.obj, .\Release\Objects\system.obj, .\Release\Objects\main.obj, .\R
>> elease\Objects\pwm.obj, .\Release\Objects\adc.obj, .\Release\Objects\time0.obj, .\Release\Objects\debug.obj, .\Releas
>> e\Objects\timer1.obj TO .\Release\Objects\Demo PRINT (.\Release\Listings\Demo.m51) RAMSIZE (256) CODE (0X0000-0X3EEF)
>>  XDATA (0X6000-0X66FF)


MEMORY MODEL: LARGE WITH FLOATING POINT ARITHMETIC


INPUT MODULES INCLUDED:
  .\Release\Objects\STARTUP.obj (?C_STARTUP)
  .\Release\Objects\system.obj (SYSTEM)
  .\Release\Objects\main.obj (MAIN)
  .\Release\Objects\pwm.obj (PWM)
  .\Release\Objects\adc.obj (ADC)
  .\Release\Objects\time0.obj (TIME0)
  .\Release\Objects\debug.obj (DEBUG)
  .\Release\Objects\timer1.obj (TIMER1)
  C:\KEIL_V5\C51\LIB\C51FPL.LIB (?C?FPADD)
  C:\KEIL_V5\C51\LIB\C51FPL.LIB (?C?FPMUL)
  C:\KEIL_V5\C51\LIB\C51FPL.LIB (?C?FPDIV)
  C:\KEIL_V5\C51\LIB\C51FPL.LIB (?C?FPCMP)
  C:\KEIL_V5\C51\LIB\C51FPL.LIB (?C?FCAST)
  C:\KEIL_V5\C51\LIB\C51FPL.LIB (?C?CASTF)
  C:\KEIL_V5\C51\LIB\C51FPL.LIB (POW)
  C:\KEIL_V5\C51\LIB\C51FPL.LIB (?C?FPGETOPN)
  C:\KEIL_V5\C51\LIB\C51FPL.LIB (?C?CHKFLOAT)
  C:\KEIL_V5\C51\LIB\C51FPL.LIB (?C?FPNEG)
  C:\KEIL_V5\C51\LIB\C51FPL.LIB (EXP)
  C:\KEIL_V5\C51\LIB\C51FPL.LIB (LOG)
  C:\KEIL_V5\C51\LIB\C51FPL.LIB (?C?FPSERIES)
  C:\KEIL_V5\C51\LIB\C51L.LIB (?C_INIT)
  C:\KEIL_V5\C51\LIB\C51L.LIB (?C?CLDPTR)
  C:\KEIL_V5\C51\LIB\C51L.LIB (?C?ILDIX)
  C:\KEIL_V5\C51\LIB\C51L.LIB (?C?ILDOPTR)
  C:\KEIL_V5\C51\LIB\C51L.LIB (?C?ISTOPTR)
  C:\KEIL_V5\C51\LIB\C51L.LIB (?C?LMUL)
  C:\KEIL_V5\C51\LIB\C51L.LIB (?C?ULDIV)
  C:\KEIL_V5\C51\LIB\C51L.LIB (?C?LNEG)
  C:\KEIL_V5\C51\LIB\C51L.LIB (?C?ULCMP)
  C:\KEIL_V5\C51\LIB\C51L.LIB (?C?ULSHR)
  C:\KEIL_V5\C51\LIB\C51L.LIB (?C?LLDCODE)
  C:\KEIL_V5\C51\LIB\C51L.LIB (?C?LLDXDATA0)
  C:\KEIL_V5\C51\LIB\C51L.LIB (?C?LLDCODE0)
  C:\KEIL_V5\C51\LIB\C51L.LIB (?C?LSTXDATA)
  C:\KEIL_V5\C51\LIB\C51L.LIB (?C?LSTKXDATA)
  C:\KEIL_V5\C51\LIB\C51L.LIB (?C?MEMSET)


LINK MAP OF MODULE:  .\Release\Objects\Demo (?C_STARTUP)


            TYPE    BASE      LENGTH    RELOCATION   SEGMENT NAME
            -----------------------------------------------------

            * * * * * * *   D A T A   M E M O R Y   * * * * * * *
            REG     0000H     0008H     ABSOLUTE     "REG BANK 0"
BL51 BANKED LINKER/LOCATER V6.22.4.0                                                  04/16/2025  11:22:41  PAGE 2


                    0008H     0018H                  *** GAP ***
            BIT     0020H.0   0000H.3   UNIT         ?BI?ADC
            BIT     0020H.3   0000H.2   UNIT         ?BI?PWM
            BIT     0020H.5   0000H.1   UNIT         ?BI?TIME0
            BIT     0020H.6   0000H.1   UNIT         _BIT_GROUP_
                    0020H.7   0000H.1                *** GAP ***
            IDATA   0021H     0001H     UNIT         ?STACK

            * * * * * * *  X D A T A   M E M O R Y  * * * * * * *
                    0000H     6000H                  *** GAP ***
            XDATA   6000H     0033H     UNIT         ?XD?ADC
            XDATA   6033H     0010H     UNIT         ?XD?MAIN
            XDATA   6043H     000EH     UNIT         _XDATA_GROUP_
            XDATA   6051H     0004H     UNIT         ?XD?PWM
            XDATA   6055H     0004H     UNIT         ?XD?TIMER1
            XDATA   6059H     0003H     UNIT         ?XD?_USER_PRINTF?DEBUG
            XDATA   605CH     0001H     UNIT         ?XD?TIME0

            * * * * * * *   C O D E   M E M O R Y   * * * * * * *
            CODE    0000H     0003H     ABSOLUTE     
            CODE    0003H     000CH     ABSOLUTE     
            CODE    000FH     000DH     UNIT         ?PR?ADC_PIN_CONFIG?ADC
            CODE    001CH     0001H     UNIT         ?PR?DEBUG_INIT?DEBUG
                    001DH     0001H                  *** GAP ***
            CODE    001EH     0003H     ABSOLUTE     
            CODE    0021H     0003H     ABSOLUTE     
            CODE    0024H     06C6H     UNIT         ?C?LIB_CODE
            CODE    06EAH     02CFH     UNIT         ?PR?ADC_SCAN_ACCORDING_PIN9?ADC
            CODE    09B9H     0166H     UNIT         ?PR?_POW?POW
            CODE    0B1FH     0133H     UNIT         ?PR?_PUBBLE_SORT?ADC
            CODE    0C52H     0129H     UNIT         ?PR?LOG?LOG
            CODE    0D7BH     011AH     UNIT         ?PR?ADC_SCAN?ADC
            CODE    0E95H     00F1H     UNIT         ?PR?MAIN?MAIN
            CODE    0F86H     00CFH     UNIT         ?PR?SYSTEM_INIT?SYSTEM
            CODE    1055H     00BEH     UNIT         ?PR?__MY_ADJUST_PWM?PWM
            CODE    1113H     009DH     UNIT         ?PR?SET_DUTY?ADC
            CODE    11B0H     009AH     UNIT         ?PR?EXP?EXP
            CODE    124AH     0093H     UNIT         ?PR?GET_VOLTAGE_FROM_PIN?ADC
            CODE    12DDH     008CH     UNIT         ?C_C51STARTUP
            CODE    1369H     005CH     UNIT         ?PR?PWM_INIT?PWM
            CODE    13C5H     005CH     UNIT         ?PR?ACCORDING_PIN9_TO_ADJUST_PIN16?PWM
            CODE    1421H     0055H     UNIT         ?PR?TIMR1_IRQHANDLER?TIMER1
            CODE    1476H     0046H     UNIT         ?C_INITSEG
            CODE    14BCH     0046H     UNIT         ?PR?_ADC_SEL_PIN?ADC
            CODE    1502H     0040H     UNIT         ?PR?TMR1_CONFIG?TIMER1
            CODE    1542H     0033H     UNIT         ?PR?_USER_PRINTF?DEBUG
            CODE    1575H     0032H     UNIT         ?PR?TIMR0_IRQHANDLER?TIME0
            CODE    15A7H     002AH     UNIT         ?PR?ADC_SINGLE_GETVAL?ADC
            CODE    15D1H     0027H     UNIT         ?PR?__CLEAR_BUFF?ADC
            CODE    15F8H     001BH     UNIT         ?PR?TMR0_CONFIG?TIME0
            CODE    1613H     0018H     UNIT         ?PR?_DELAY_MS?SYSTEM
            CODE    162BH     0014H     UNIT         ?PR?TMR0_DISABLE?TIME0
            CODE    163FH     0014H     UNIT         ?PR?TMR1_DISABLE?TIMER1
            CODE    1653H     0012H     UNIT         ?PR?SET_PWM_DUTY?PWM
            CODE    1665H     0012H     UNIT         ?PR?ADAPTIVE_DUTY?PWM
            CODE    1677H     0010H     UNIT         ?PR?TMR0_ENABLE?TIME0
            CODE    1687H     0010H     UNIT         ?PR?TMR1_ENABLE?TIMER1
BL51 BANKED LINKER/LOCATER V6.22.4.0                                                  04/16/2025  11:22:41  PAGE 3


            CODE    1697H     000DH     UNIT         ?PR?_DEBUG_PUTCHAR?DEBUG
            CODE    16A4H     000BH     UNIT         ?PR?_DELAY?SYSTEM



OVERLAY MAP OF MODULE:   .\Release\Objects\Demo (?C_STARTUP)


SEGMENT                                           BIT_GROUP          XDATA_GROUP
  +--> CALLED SEGMENT                          START    LENGTH     START    LENGTH
----------------------------------------------------------------------------------
?C_C51STARTUP                                  -----    -----      -----    -----
  +--> ?PR?MAIN?MAIN
  +--> ?C_INITSEG

?PR?MAIN?MAIN                                  -----    -----      -----    -----
  +--> ?PR?SYSTEM_INIT?SYSTEM
  +--> ?PR?ADC_PIN_CONFIG?ADC
  +--> ?PR?TMR0_CONFIG?TIME0
  +--> ?PR?PWM_INIT?PWM
  +--> ?PR?TMR1_CONFIG?TIMER1
  +--> ?PR?_POW?POW
  +--> ?PR?SET_PWM_DUTY?PWM
  +--> ?PR?_DELAY_MS?SYSTEM
  +--> ?PR?ADC_SCAN?ADC
  +--> ?PR?SET_DUTY?ADC
  +--> ?PR?ACCORDING_PIN9_TO_ADJUST_PIN16?PWM

?PR?SYSTEM_INIT?SYSTEM                         -----    -----      -----    -----
  +--> ?PR?_DELAY?SYSTEM
  +--> ?PR?_DELAY_MS?SYSTEM

?PR?_DELAY_MS?SYSTEM                           -----    -----      -----    -----
  +--> ?PR?_DELAY?SYSTEM

?PR?_POW?POW                                   -----    -----      6043H    000AH
  +--> ?PR?LOG?LOG
  +--> ?PR?EXP?EXP

?PR?LOG?LOG                                    0020H.6  0000H.1    604DH    0004H

?PR?ADC_SCAN?ADC                               -----    -----      6043H    0005H
  +--> ?PR?_ADC_SEL_PIN?ADC
  +--> ?PR?GET_VOLTAGE_FROM_PIN?ADC
  +--> ?PR?__CLEAR_BUFF?ADC
  +--> ?PR?TMR1_ENABLE?TIMER1
  +--> ?PR?TMR1_DISABLE?TIMER1

?PR?_ADC_SEL_PIN?ADC                           -----    -----      -----    -----
  +--> ?PR?_DELAY_MS?SYSTEM

?PR?GET_VOLTAGE_FROM_PIN?ADC                   -----    -----      6049H    0005H
  +--> ?PR?ADC_SINGLE_GETVAL?ADC
  +--> ?PR?_DELAY_MS?SYSTEM

?PR?SET_DUTY?ADC                               -----    -----      -----    -----
  +--> ?PR?TMR0_ENABLE?TIME0
BL51 BANKED LINKER/LOCATER V6.22.4.0                                                  04/16/2025  11:22:41  PAGE 4


  +--> ?PR?_ADC_SEL_PIN?ADC
  +--> ?PR?ADC_SCAN_ACCORDING_PIN9?ADC
  +--> ?PR?ADAPTIVE_DUTY?PWM
  +--> ?PR?TMR0_DISABLE?TIME0

?PR?ADC_SCAN_ACCORDING_PIN9?ADC                -----    -----      6043H    0005H
  +--> ?PR?_PUBBLE_SORT?ADC
  +--> ?PR?__MY_ADJUST_PWM?PWM

?PR?_PUBBLE_SORT?ADC                           -----    -----      6048H    0007H

?PR?__MY_ADJUST_PWM?PWM                        -----    -----      6048H    0008H

?PR?ADAPTIVE_DUTY?PWM                          -----    -----      -----    -----
  +--> ?PR?SET_PWM_DUTY?PWM

?PR?ACCORDING_PIN9_TO_ADJUST_PIN16?PWM         -----    -----      6043H    0006H
  +--> ?PR?_ADC_SEL_PIN?ADC
  +--> ?PR?GET_VOLTAGE_FROM_PIN?ADC



SYMBOL TABLE OF MODULE:  .\Release\Objects\Demo (?C_STARTUP)

  VALUE           TYPE          NAME
  ----------------------------------

  -------         MODULE        ?C_STARTUP
  C:12DDH         SEGMENT       ?C_C51STARTUP
  I:0021H         SEGMENT       ?STACK
  C:0000H         PUBLIC        ?C_STARTUP
  D:00E0H         SYMBOL        ACC
  D:00F0H         SYMBOL        B
  D:0083H         SYMBOL        DPH
  D:0082H         SYMBOL        DPL
  N:0000H         SYMBOL        IBPSTACK
  N:0100H         SYMBOL        IBPSTACKTOP
  N:0080H         SYMBOL        IDATALEN
  C:12E0H         SYMBOL        IDATALOOP
  N:0000H         SYMBOL        PBPSTACK
  N:0100H         SYMBOL        PBPSTACKTOP
  N:0000H         SYMBOL        PDATALEN
  N:0000H         SYMBOL        PDATASTART
  N:0000H         SYMBOL        PPAGE
  N:0000H         SYMBOL        PPAGEENABLE
  D:00A0H         SYMBOL        PPAGE_SFR
  D:0081H         SYMBOL        SP
  C:12DDH         SYMBOL        STARTUP1
  N:0000H         SYMBOL        XBPSTACK
  N:0000H         SYMBOL        XBPSTACKTOP
  N:0000H         SYMBOL        XDATALEN
  N:0000H         SYMBOL        XDATASTART
  C:0000H         LINE#         126
  C:12DDH         LINE#         133
  C:12DFH         LINE#         134
  C:12E0H         LINE#         135
  C:12E1H         LINE#         136
BL51 BANKED LINKER/LOCATER V6.22.4.0                                                  04/16/2025  11:22:41  PAGE 5


  C:12E3H         LINE#         185
  C:12E6H         LINE#         196
  -------         ENDMOD        ?C_STARTUP

  -------         MODULE        SYSTEM
  C:0000H         SYMBOL        _ICE_DUMMY_
  D:00A7H         PUBLIC        FLASH_TIMEREG0
  C:16A4H         PUBLIC        _delay
  D:00ACH         PUBLIC        FLASH_TIMEREG1
  C:0F86H         PUBLIC        system_init
  C:1613H         PUBLIC        _delay_ms
  -------         PROC          _DELAY
  D:0006H         SYMBOL        cnt
  C:16A4H         LINE#         37
  C:16A4H         LINE#         38
  C:16A4H         LINE#         39
  C:16AEH         LINE#         40
  C:16AEH         LINE#         41
  C:16AEH         LINE#         42
  -------         ENDPROC       _DELAY
  -------         PROC          _DELAY_MS
  D:0002H         SYMBOL        ms
  C:1613H         LINE#         49
  C:1617H         LINE#         50
  C:1617H         LINE#         51
  C:1621H         LINE#         52
  C:1621H         LINE#         53
  C:1628H         LINE#         54
  C:162AH         LINE#         55
  -------         ENDPROC       _DELAY_MS
  -------         PROC          SYSTEM_INIT
  -------         DO            
  D:0007H         SYMBOL        i
  -------         ENDDO         
  C:0F86H         LINE#         62
  C:0F86H         LINE#         63
  C:0F86H         LINE#         66
  C:0F8DH         LINE#         67
  C:0F9AH         LINE#         68
  C:0F9DH         LINE#         69
  C:0FA0H         LINE#         70
  C:0FA6H         LINE#         71
  C:0FACH         LINE#         72
  C:0FB2H         LINE#         76
  C:0FB4H         LINE#         77
  C:0FB4H         LINE#         78
  C:0FC1H         LINE#         79
  C:0FC6H         LINE#         81
  C:1054H         LINE#         82
  -------         ENDPROC       SYSTEM_INIT
  -------         ENDMOD        SYSTEM

  -------         MODULE        MAIN
  C:0000H         SYMBOL        _ICE_DUMMY_
  C:0E95H         PUBLIC        main
  X:6033H         PUBLIC        r_ms
  B:0090H.4       PUBLIC        P14
BL51 BANKED LINKER/LOCATER V6.22.4.0                                                  04/16/2025  11:22:41  PAGE 6


  D:00D9H         PUBLIC        WDT_KEY
  X:6037H         PUBLIC        step
  X:603BH         PUBLIC        mi
  X:603FH         PUBLIC        rus
  -------         PROC          MAIN
  C:0E95H         LINE#         57
  C:0E95H         LINE#         58
  C:0E95H         LINE#         60
  C:0E98H         LINE#         62
  C:0E9BH         LINE#         77
  C:0E9EH         LINE#         79
  C:0EA1H         LINE#         80
  C:0EA4H         LINE#         81
  C:0EA7H         LINE#         86
  C:0EA9H         LINE#         87
  C:0EB0H         LINE#         88
  C:0EC3H         LINE#         89
  C:0EC3H         LINE#         90
  C:0EC9H         LINE#         91
  C:0EC9H         LINE#         92
  C:0EC9H         LINE#         93
  C:0EC9H         LINE#         94
  C:0ED5H         LINE#         95
  C:0ED5H         LINE#         96
  C:0F07H         LINE#         97
  C:0F24H         LINE#         98
  C:0F58H         LINE#         99
  C:0F58H         LINE#         100
  C:0F67H         LINE#         101
  C:0F67H         LINE#         102
  C:0F6EH         LINE#         103
  C:0F6EH         LINE#         105
  C:0F71H         LINE#         107
  C:0F78H         LINE#         108
  C:0F7BH         LINE#         112
  C:0F7BH         LINE#         113
  C:0F7BH         LINE#         114
  C:0F7EH         LINE#         115
  C:0F81H         LINE#         116
  C:0F84H         LINE#         118
  -------         ENDPROC       MAIN
  -------         ENDMOD        MAIN

  -------         MODULE        PWM
  C:0000H         SYMBOL        _ICE_DUMMY_
  C:1055H         PUBLIC        __My_Adjust_Pwm
  X:6051H         PUBLIC        c_duty
  C:1653H         PUBLIC        set_pwm_duty
  B:0090H.4       PUBLIC        P14
  X:6053H         PUBLIC        adjust_duty
  B:0020H.3       PUBLIC        jump_flag
  C:1665H         PUBLIC        Adaptive_Duty
  B:0020H.4       PUBLIC        max_flag
  C:13C5H         PUBLIC        according_pin9_to_adjust_pin16
  C:1369H         PUBLIC        pwm_init
  -------         PROC          PWM_INIT
  C:1369H         LINE#         11
BL51 BANKED LINKER/LOCATER V6.22.4.0                                                  04/16/2025  11:22:41  PAGE 7


  C:1369H         LINE#         12
  C:1369H         LINE#         13
  C:136FH         LINE#         15
  C:1374H         LINE#         16
  C:1379H         LINE#         17
  C:137DH         LINE#         18
  C:1381H         LINE#         19
  C:1383H         LINE#         20
  C:1389H         LINE#         22
  C:138FH         LINE#         23
  C:1395H         LINE#         24
  C:139BH         LINE#         25
  C:13A1H         LINE#         26
  C:13A7H         LINE#         27
  C:13ADH         LINE#         28
  C:13B1H         LINE#         29
  C:13B5H         LINE#         30
  C:13B9H         LINE#         31
  C:13BEH         LINE#         32
  C:13C4H         LINE#         33
  -------         ENDPROC       PWM_INIT
  -------         PROC          SET_PWM_DUTY
  C:1653H         LINE#         36
  C:1653H         LINE#         37
  C:1653H         LINE#         38
  C:165AH         LINE#         39
  C:165EH         LINE#         40
  C:1664H         LINE#         41
  -------         ENDPROC       SET_PWM_DUTY
  -------         PROC          __MY_ADJUST_PWM
  X:6048H         SYMBOL        Val
  -------         DO            
  X:604CH         SYMBOL        P9_Vol
  -------         ENDDO         
  C:1055H         LINE#         44
  C:105BH         LINE#         45
  C:105BH         LINE#         46
  C:107AH         LINE#         59
  C:1097H         LINE#         60
  C:1097H         LINE#         63
  C:109DH         LINE#         64
  C:109DH         LINE#         65
  C:10A4H         LINE#         66
  C:10A6H         LINE#         67
  C:10A8H         LINE#         69
  C:10A8H         LINE#         70
  C:10AFH         LINE#         71
  C:10B1H         LINE#         72
  C:10B1H         LINE#         73
  C:10B3H         LINE#         94
  C:10CEH         LINE#         95
  C:10CEH         LINE#         101
  C:10D8H         LINE#         102
  C:10DAH         LINE#         103
  C:10EFH         LINE#         104
  C:10F1H         LINE#         105
  C:10F1H         LINE#         110
BL51 BANKED LINKER/LOCATER V6.22.4.0                                                  04/16/2025  11:22:41  PAGE 8


  C:110DH         LINE#         111
  C:110DH         LINE#         112
  C:110FH         LINE#         113
  C:1110H         LINE#         115
  C:1110H         LINE#         116
  C:1112H         LINE#         117
  C:1112H         LINE#         118
  -------         ENDPROC       __MY_ADJUST_PWM
  -------         PROC          ACCORDING_PIN9_TO_ADJUST_PIN16
  -------         DO            
  X:6043H         SYMBOL        i
  X:6044H         SYMBOL        cnt
  X:6045H         SYMBOL        adc_aver_val
  -------         ENDDO         
  C:13C5H         LINE#         121
  C:13C5H         LINE#         122
  C:13C5H         LINE#         123
  C:13CAH         LINE#         124
  C:13CCH         LINE#         125
  C:13D4H         LINE#         126
  C:13D9H         LINE#         154
  C:13DEH         LINE#         155
  C:13DEH         LINE#         156
  C:13E7H         LINE#         157
  C:1402H         LINE#         158
  C:1402H         LINE#         160
  C:1408H         LINE#         161
  C:1408H         LINE#         162
  C:1414H         LINE#         165
  C:141BH         LINE#         166
  C:141BH         LINE#         168
  C:141DH         LINE#         169
  C:141EH         LINE#         171
  C:141EH         LINE#         172
  C:1420H         LINE#         173
  C:1420H         LINE#         175
  -------         ENDPROC       ACCORDING_PIN9_TO_ADJUST_PIN16
  -------         PROC          ADAPTIVE_DUTY
  C:1665H         LINE#         178
  C:1665H         LINE#         179
  C:1665H         LINE#         206
  C:1674H         LINE#         207
  -------         ENDPROC       ADAPTIVE_DUTY
  -------         ENDMOD        PWM

  -------         MODULE        ADC
  C:0000H         SYMBOL        _ICE_DUMMY_
  X:6002H         PUBLIC        adc0_val
  X:6004H         PUBLIC        index
  C:06EAH         PUBLIC        adc_scan_according_pin9
  C:000FH         PUBLIC        adc_pin_config
  B:0020H.2       PUBLIC        flag_is_pin_9_vol_bounce
  C:0D7BH         PUBLIC        adc_scan
  D:0099H         PUBLIC        ADC_CHS0
  X:6005H         PUBLIC        index_jump
  D:0093H         PUBLIC        ADC_DATAH0
  X:6006H         PUBLIC        temp_status
BL51 BANKED LINKER/LOCATER V6.22.4.0                                                  04/16/2025  11:22:41  PAGE 9


  D:0094H         PUBLIC        ADC_DATAL0
  C:15D1H         PUBLIC        __clear_buff
  X:6007H         PUBLIC        Vol_val
  C:124AH         PUBLIC        get_voltage_from_pin
  C:0B1FH         PUBLIC        _Pubble_Sort
  X:600BH         PUBLIC        Vol_val_all
  X:601FH         PUBLIC        Vol_val_jump
  C:1113H         PUBLIC        set_duty
  C:15A7H         PUBLIC        adc_single_getval
  C:14BCH         PUBLIC        _adc_sel_pin
  -------         PROC          _PUBBLE_SORT
  D:0001H         SYMBOL        arr
  X:6048H         SYMBOL        length
  -------         DO            
  X:6049H         SYMBOL        i
  X:604BH         SYMBOL        j
  -------         DO            
  X:604DH         SYMBOL        temp
  -------         ENDDO         
  -------         ENDDO         
  C:0B1FH         LINE#         17
  C:0B24H         LINE#         18
  C:0B24H         LINE#         19
  C:0B29H         LINE#         20
  C:0B2DH         LINE#         21
  C:0B54H         LINE#         22
  C:0B54H         LINE#         23
  C:0B88H         LINE#         24
  C:0B88H         LINE#         25
  C:0BB9H         LINE#         26
  C:0BB9H         LINE#         27
  C:0BD7H         LINE#         28
  C:0C03H         LINE#         29
  C:0C29H         LINE#         30
  C:0C29H         LINE#         31
  C:0C3DH         LINE#         32
  C:0C51H         LINE#         33
  -------         ENDPROC       _PUBBLE_SORT
  -------         PROC          ADC_PIN_CONFIG
  C:000FH         LINE#         36
  C:000FH         LINE#         37
  C:000FH         LINE#         39
  C:0015H         LINE#         42
  C:001BH         LINE#         43
  -------         ENDPROC       ADC_PIN_CONFIG
  -------         PROC          _ADC_SEL_PIN
  D:0007H         SYMBOL        adc_sel
  C:14BCH         LINE#         49
  C:14BCH         LINE#         50
  C:14BCH         LINE#         52
  C:14C3H         LINE#         54
  C:14CBH         LINE#         55
  C:14CBH         LINE#         56
  C:14CBH         LINE#         59
  C:14D2H         LINE#         60
  C:14D6H         LINE#         62
  C:14DCH         LINE#         66
BL51 BANKED LINKER/LOCATER V6.22.4.0                                                  04/16/2025  11:22:41  PAGE 10


  C:14DFH         LINE#         68
  C:14DFH         LINE#         70
  C:14E1H         LINE#         72
  C:14E1H         LINE#         75
  C:14E8H         LINE#         76
  C:14ECH         LINE#         78
  C:14F2H         LINE#         81
  C:14F5H         LINE#         83
  C:14FBH         LINE#         85
  C:14FBH         LINE#         86
  C:14FBH         LINE#         88
  -------         ENDPROC       _ADC_SEL_PIN
  -------         PROC          ADC_SINGLE_GETVAL
  C:15A7H         LINE#         94
  C:15A7H         LINE#         95
  C:15A7H         LINE#         96
  C:15ADH         LINE#         97
  C:15B3H         LINE#         99
  C:15CDH         LINE#         100
  C:15D0H         LINE#         101
  -------         ENDPROC       ADC_SINGLE_GETVAL
  -------         PROC          __CLEAR_BUFF
  C:15D1H         LINE#         105
  C:15D1H         LINE#         106
  C:15D1H         LINE#         108
  C:15E0H         LINE#         109
  C:15E5H         LINE#         111
  C:15F2H         LINE#         112
  C:15F7H         LINE#         113
  -------         ENDPROC       __CLEAR_BUFF
  -------         PROC          ADC_SCAN_ACCORDING_PIN9
  -------         DO            
  X:6000H         SYMBOL        flag_filter
  X:6043H         SYMBOL        tmp
  X:6045H         SYMBOL        cnt
  X:6043H         SYMBOL        sum
  X:6047H         SYMBOL        i
  -------         DO            
  X:6046H         SYMBOL        i
  -------         ENDDO         
  -------         ENDDO         
  -------         DO            
  X:6043H         SYMBOL        sum
  X:6047H         SYMBOL        i
  -------         ENDDO         
  -------         DO            
  X:6043H         SYMBOL        sum
  X:6047H         SYMBOL        i
  -------         ENDDO         
  C:06EAH         LINE#         116
  C:06EAH         LINE#         117
  C:06EAH         LINE#         118
  C:06F0H         LINE#         119
  C:06F6H         LINE#         121
  C:06F9H         LINE#         122
  C:0713H         LINE#         128
  C:0713H         LINE#         130
BL51 BANKED LINKER/LOCATER V6.22.4.0                                                  04/16/2025  11:22:41  PAGE 11


  C:0722H         LINE#         131
  C:0725H         LINE#         132
  C:0732H         LINE#         134
  C:074BH         LINE#         135
  C:074BH         LINE#         136
  C:0752H         LINE#         137
  C:0752H         LINE#         139
  C:0752H         LINE#         140
  C:0752H         LINE#         142
  C:0752H         LINE#         144
  C:0761H         LINE#         145
  C:0761H         LINE#         146
  C:0777H         LINE#         147
  C:0777H         LINE#         148
  C:077DH         LINE#         149
  C:077DH         LINE#         150
  C:0785H         LINE#         151
  C:0785H         LINE#         153
  C:078FH         LINE#         154
  C:078FH         LINE#         155
  C:0791H         LINE#         156
  C:0793H         LINE#         157
  C:0796H         LINE#         158
  C:0796H         LINE#         159
  C:0798H         LINE#         160
  C:0798H         LINE#         161
  C:0798H         LINE#         164
  C:07F2H         LINE#         165
  C:07F2H         LINE#         166
  C:080EH         LINE#         167
  C:0814H         LINE#         168
  C:0816H         LINE#         170
  C:0816H         LINE#         171
  C:0832H         LINE#         172
  C:0838H         LINE#         175
  C:0847H         LINE#         176
  C:084CH         LINE#         177
  C:084CH         LINE#         180
  C:0858H         LINE#         181
  C:0858H         LINE#         182
  C:0862H         LINE#         183
  C:0867H         LINE#         185
  C:0874H         LINE#         186
  C:0879H         LINE#         188
  C:0884H         LINE#         197
  C:088AH         LINE#         198
  C:088AH         LINE#         199
  C:08BFH         LINE#         200
  C:08C9H         LINE#         202
  C:08E6H         LINE#         204
  C:08F0H         LINE#         205
  C:08F4H         LINE#         206
  C:08F4H         LINE#         207
  C:08F7H         LINE#         209
  C:08F7H         LINE#         210
  C:0903H         LINE#         211
  C:0903H         LINE#         212
BL51 BANKED LINKER/LOCATER V6.22.4.0                                                  04/16/2025  11:22:41  PAGE 12


  C:090DH         LINE#         213
  C:0912H         LINE#         215
  C:091FH         LINE#         216
  C:0924H         LINE#         218
  C:092FH         LINE#         220
  C:0935H         LINE#         221
  C:0935H         LINE#         222
  C:096AH         LINE#         223
  C:0974H         LINE#         225
  C:0991H         LINE#         227
  C:099BH         LINE#         228
  C:09A0H         LINE#         229
  C:09B1H         LINE#         230
  C:09B1H         LINE#         231
  C:09B1H         LINE#         233
  C:09B8H         LINE#         234
  -------         ENDPROC       ADC_SCAN_ACCORDING_PIN9
  -------         PROC          GET_VOLTAGE_FROM_PIN
  -------         DO            
  X:6049H         SYMBOL        i
  X:604AH         SYMBOL        adc_aver_val
  -------         ENDDO         
  C:124AH         LINE#         237
  C:124AH         LINE#         238
  C:124AH         LINE#         239
  C:124FH         LINE#         240
  C:1257H         LINE#         242
  C:125CH         LINE#         243
  C:125CH         LINE#         244
  C:125FH         LINE#         247
  C:128AH         LINE#         248
  C:1293H         LINE#         249
  C:1293H         LINE#         250
  C:12AAH         LINE#         251
  C:12AAH         LINE#         252
  C:12B1H         LINE#         253
  C:12BDH         LINE#         260
  -------         ENDPROC       GET_VOLTAGE_FROM_PIN
  -------         PROC          ADC_SCAN
  -------         DO            
  X:6043H         SYMBOL        voltage
  -------         DO            
  X:6047H         SYMBOL        i
  -------         ENDDO         
  -------         DO            
  B:0020H.0       SYMBOL        tmr1_is_open
  -------         DO            
  X:6047H         SYMBOL        i
  -------         ENDDO         
  -------         ENDDO         
  -------         ENDDO         
  C:0D7BH         LINE#         263
  C:0D7BH         LINE#         264
  C:0D7BH         LINE#         265
  C:0D85H         LINE#         270
  C:0D90H         LINE#         271
  C:0D90H         LINE#         273
BL51 BANKED LINKER/LOCATER V6.22.4.0                                                  04/16/2025  11:22:41  PAGE 13


  C:0D90H         LINE#         275
  C:0D97H         LINE#         276
  C:0D9CH         LINE#         277
  C:0DA5H         LINE#         284
  C:0DC5H         LINE#         285
  C:0DC5H         LINE#         289
  C:0DCAH         LINE#         290
  C:0DCBH         LINE#         291
  C:0DCBH         LINE#         292
  C:0DD4H         LINE#         293
  C:0DEFH         LINE#         294
  C:0DEFH         LINE#         296
  C:0DF5H         LINE#         298
  C:0DF5H         LINE#         299
  C:0E01H         LINE#         306
  C:0E07H         LINE#         307
  C:0E0AH         LINE#         309
  C:0E0AH         LINE#         310
  C:0E15H         LINE#         311
  C:0E15H         LINE#         315
  C:0E18H         LINE#         316
  C:0E18H         LINE#         317
  C:0E1AH         LINE#         318
  C:0E24H         LINE#         319
  C:0E27H         LINE#         320
  C:0E27H         LINE#         342
  C:0E42H         LINE#         343
  C:0E42H         LINE#         344
  C:0E47H         LINE#         350
  C:0E48H         LINE#         351
  C:0E48H         LINE#         352
  C:0E51H         LINE#         353
  C:0E6CH         LINE#         354
  C:0E6CH         LINE#         356
  C:0E73H         LINE#         358
  C:0E73H         LINE#         359
  C:0E7FH         LINE#         363
  C:0E85H         LINE#         364
  C:0E88H         LINE#         365
  C:0E92H         LINE#         366
  C:0E94H         LINE#         368
  C:0E94H         LINE#         370
  C:0E94H         LINE#         371
  -------         ENDPROC       ADC_SCAN
  -------         PROC          SET_DUTY
  -------         DO            
  B:0020H.1       SYMBOL        tmr0_is_open
  -------         ENDDO         
  C:1113H         LINE#         374
  C:1113H         LINE#         375
  C:1113H         LINE#         379
  C:1119H         LINE#         380
  C:1119H         LINE#         381
  C:111CH         LINE#         382
  C:111CH         LINE#         383
  C:111EH         LINE#         384
  C:1121H         LINE#         385
BL51 BANKED LINKER/LOCATER V6.22.4.0                                                  04/16/2025  11:22:41  PAGE 14


  C:1121H         LINE#         387
  C:1127H         LINE#         388
  C:1127H         LINE#         389
  C:1129H         LINE#         390
  C:1130H         LINE#         391
  C:1135H         LINE#         392
  C:1138H         LINE#         394
  C:114CH         LINE#         395
  C:114CH         LINE#         396
  C:114FH         LINE#         397
  C:1151H         LINE#         398
  C:1151H         LINE#         403
  C:1151H         LINE#         404
  C:1158H         LINE#         405
  C:1158H         LINE#         407
  C:115BH         LINE#         408
  C:115DH         LINE#         410
  C:1167H         LINE#         411
  C:117BH         LINE#         412
  C:117BH         LINE#         413
  C:117EH         LINE#         414
  C:1180H         LINE#         415
  C:1180H         LINE#         417
  C:1187H         LINE#         418
  C:1187H         LINE#         419
  C:118AH         LINE#         420
  C:118CH         LINE#         422
  C:1196H         LINE#         423
  C:11AAH         LINE#         424
  C:11AAH         LINE#         425
  C:11ADH         LINE#         426
  C:11AFH         LINE#         427
  C:11AFH         LINE#         428
  -------         ENDPROC       SET_DUTY
  -------         ENDMOD        ADC

  -------         MODULE        TIME0
  C:0000H         SYMBOL        _ICE_DUMMY_
  C:1575H         PUBLIC        TIMR0_IRQHandler
  B:0020H.5       PUBLIC        tmr0_flag
  X:605CH         PUBLIC        ms_cnt
  D:00D1H         PUBLIC        TMR_ALLCON
  C:162BH         PUBLIC        tmr0_disable
  D:00A8H         PUBLIC        IE0
  D:00A9H         PUBLIC        IE1
  D:00AAH         PUBLIC        IE2
  D:00ABH         PUBLIC        IE3
  D:00B8H         PUBLIC        IP0
  D:00B1H         PUBLIC        IP1
  D:00B2H         PUBLIC        IP2
  D:00B3H         PUBLIC        IP3
  D:00B4H         PUBLIC        IP4
  D:00B5H         PUBLIC        IP5
  D:00B6H         PUBLIC        IP6
  C:1677H         PUBLIC        tmr0_enable
  D:00B7H         PUBLIC        IP7
  C:15F8H         PUBLIC        tmr0_config
BL51 BANKED LINKER/LOCATER V6.22.4.0                                                  04/16/2025  11:22:41  PAGE 15


  B:00A8H.7       PUBLIC        IE_EA
  -------         PROC          TMR0_CONFIG
  C:15F8H         LINE#         10
  C:15F8H         LINE#         11
  C:15F8H         LINE#         12
  C:15FBH         LINE#         13
  C:15FDH         LINE#         17
  C:1600H         LINE#         18
  C:1605H         LINE#         19
  C:1609H         LINE#         20
  C:160EH         LINE#         21
  C:1612H         LINE#         22
  -------         ENDPROC       TMR0_CONFIG
  -------         PROC          TMR0_ENABLE
  C:1677H         LINE#         27
  C:1677H         LINE#         28
  C:1677H         LINE#         30
  C:167DH         LINE#         31
  C:1681H         LINE#         33
  C:1684H         LINE#         34
  C:1686H         LINE#         35
  -------         ENDPROC       TMR0_ENABLE
  -------         PROC          TMR0_DISABLE
  C:162BH         LINE#         40
  C:162BH         LINE#         41
  C:162BH         LINE#         43
  C:1631H         LINE#         44
  C:1635H         LINE#         47
  C:1639H         LINE#         48
  C:163BH         LINE#         50
  C:163EH         LINE#         51
  -------         ENDPROC       TMR0_DISABLE
  -------         PROC          TIMR0_IRQHANDLER
  C:1575H         LINE#         54
  C:1582H         LINE#         57
  C:1582H         LINE#         62
  C:1588H         LINE#         63
  C:1588H         LINE#         64
  C:158CH         LINE#         66
  C:1592H         LINE#         68
  C:1598H         LINE#         69
  C:1598H         LINE#         71
  C:159AH         LINE#         72
  C:159CH         LINE#         73
  C:159CH         LINE#         74
  C:159CH         LINE#         77
  C:159CH         LINE#         78
  -------         ENDPROC       TIMR0_IRQHANDLER
  -------         ENDMOD        TIME0

  -------         MODULE        DEBUG
  C:0000H         SYMBOL        _ICE_DUMMY_
  C:001CH         PUBLIC        debug_init
  D:00F4H         PUBLIC        UART1_STA
  C:1542H         PUBLIC        _user_printf
  C:1697H         PUBLIC        _debug_putchar
  D:00F7H         PUBLIC        UART1_DATA
BL51 BANKED LINKER/LOCATER V6.22.4.0                                                  04/16/2025  11:22:41  PAGE 16


  -------         PROC          _DEBUG_PUTCHAR
  D:0007H         SYMBOL        uart_data
  C:1697H         LINE#         51
  C:1697H         LINE#         52
  C:1697H         LINE#         53
  C:169CH         LINE#         55
  C:169EH         LINE#         56
  C:16A3H         LINE#         58
  -------         ENDPROC       _DEBUG_PUTCHAR
  -------         PROC          DEBUG_INIT
  C:001CH         LINE#         65
  C:001CH         LINE#         66
  C:001CH         LINE#         78
  -------         ENDPROC       DEBUG_INIT
  -------         PROC          _USER_PRINTF
  X:6059H         SYMBOL        p_data
  C:1542H         LINE#         85
  C:154DH         LINE#         86
  C:154DH         LINE#         87
  C:155DH         LINE#         88
  C:155DH         LINE#         89
  C:1572H         LINE#         90
  C:1574H         LINE#         91
  -------         ENDPROC       _USER_PRINTF
  -------         ENDMOD        DEBUG

  -------         MODULE        TIMER1
  C:0000H         SYMBOL        _ICE_DUMMY_
  C:1421H         PUBLIC        TIMR1_IRQHandler
  X:6055H         PUBLIC        tmr1_cnt
  D:00A8H         PUBLIC        IE0
  C:163FH         PUBLIC        tmr1_disable
  D:00A9H         PUBLIC        IE1
  D:00AAH         PUBLIC        IE2
  D:00ABH         PUBLIC        IE3
  D:00B8H         PUBLIC        IP0
  D:00B1H         PUBLIC        IP1
  D:00B2H         PUBLIC        IP2
  D:00B3H         PUBLIC        IP3
  D:00B4H         PUBLIC        IP4
  D:00B5H         PUBLIC        IP5
  D:00B6H         PUBLIC        IP6
  D:00B7H         PUBLIC        IP7
  C:1687H         PUBLIC        tmr1_enable
  C:1502H         PUBLIC        tmr1_config
  B:00A8H.7       PUBLIC        IE_EA
  -------         PROC          TMR1_CONFIG
  C:1502H         LINE#         10
  C:1502H         LINE#         11
  C:1502H         LINE#         12
  C:1508H         LINE#         14
  C:150EH         LINE#         17
  C:1512H         LINE#         18
  C:1516H         LINE#         19
  C:151AH         LINE#         21
  C:151FH         LINE#         22
  C:1523H         LINE#         25
BL51 BANKED LINKER/LOCATER V6.22.4.0                                                  04/16/2025  11:22:41  PAGE 17


  C:1528H         LINE#         26
  C:152CH         LINE#         29
  C:1530H         LINE#         30
  C:1532H         LINE#         32
  C:1538H         LINE#         34
  C:153CH         LINE#         37
  C:153FH         LINE#         38
  C:1541H         LINE#         39
  -------         ENDPROC       TMR1_CONFIG
  -------         PROC          TMR1_ENABLE
  C:1687H         LINE#         44
  C:1687H         LINE#         45
  C:1687H         LINE#         47
  C:168DH         LINE#         48
  C:1691H         LINE#         50
  C:1694H         LINE#         51
  C:1696H         LINE#         52
  -------         ENDPROC       TMR1_ENABLE
  -------         PROC          TMR1_DISABLE
  C:163FH         LINE#         57
  C:163FH         LINE#         58
  C:163FH         LINE#         60
  C:1645H         LINE#         61
  C:1649H         LINE#         64
  C:164DH         LINE#         65
  C:164FH         LINE#         67
  C:1652H         LINE#         68
  -------         ENDPROC       TMR1_DISABLE
  -------         PROC          TIMR1_IRQHANDLER
  C:1421H         LINE#         71
  C:1438H         LINE#         74
  C:1438H         LINE#         79
  C:143EH         LINE#         80
  C:143EH         LINE#         81
  C:1442H         LINE#         83
  C:1461H         LINE#         84
  C:1461H         LINE#         87
  C:1461H         LINE#         88
  -------         ENDPROC       TIMR1_IRQHANDLER
  -------         ENDMOD        TIMER1

  -------         MODULE        ?C?FPADD
  C:002BH         PUBLIC        ?C?FPADD
  C:0027H         PUBLIC        ?C?FPSUB
  -------         ENDMOD        ?C?FPADD

  -------         MODULE        ?C?FPMUL
  C:011CH         PUBLIC        ?C?FPMUL
  -------         ENDMOD        ?C?FPMUL

  -------         MODULE        ?C?FPDIV
  C:0225H         PUBLIC        ?C?FPDIV
  -------         ENDMOD        ?C?FPDIV

  -------         MODULE        ?C?FPCMP
  C:02C4H         PUBLIC        ?C?FPCMP
  C:02C2H         PUBLIC        ?C?FPCMP3
BL51 BANKED LINKER/LOCATER V6.22.4.0                                                  04/16/2025  11:22:41  PAGE 18


  -------         ENDMOD        ?C?FPCMP

  -------         MODULE        ?C?FCAST
  C:0345H         PUBLIC        ?C?FCASTC
  C:0340H         PUBLIC        ?C?FCASTI
  C:033BH         PUBLIC        ?C?FCASTL
  -------         ENDMOD        ?C?FCAST

  -------         MODULE        ?C?CASTF
  C:0379H         PUBLIC        ?C?CASTF
  -------         ENDMOD        ?C?CASTF

  -------         MODULE        POW
  X:6043H         PUBLIC        ?_pow?BYTE
  C:09B9H         PUBLIC        _pow
  -------         ENDMOD        POW

  -------         MODULE        ?C?CHKFLOAT
  C:03FAH         PUBLIC        ?C?CHKFLOAT
  -------         ENDMOD        ?C?CHKFLOAT

  -------         MODULE        ?C?FPNEG
  C:0414H         PUBLIC        ?C?FPNEG
  -------         ENDMOD        ?C?FPNEG

  -------         MODULE        EXP
  C:11E8H         PUBLIC        _EXP
  -------         ENDMOD        EXP

  -------         MODULE        LOG
  C:0C86H         PUBLIC        _LOG
  C:0C82H         PUBLIC        _LOG10
  -------         ENDMOD        LOG

  -------         MODULE        ?C?CLDPTR
  C:0472H         PUBLIC        ?C?CLDPTR
  -------         ENDMOD        ?C?CLDPTR

  -------         MODULE        ?C?ILDIX
  C:048BH         PUBLIC        ?C?ILDIX
  -------         ENDMOD        ?C?ILDIX

  -------         MODULE        ?C?ILDOPTR
  C:04A1H         PUBLIC        ?C?ILDOPTR
  -------         ENDMOD        ?C?ILDOPTR

  -------         MODULE        ?C?ISTOPTR
  C:04D9H         PUBLIC        ?C?ISTOPTR
  -------         ENDMOD        ?C?ISTOPTR

  -------         MODULE        ?C?LMUL
  C:0506H         PUBLIC        ?C?LMUL
  -------         ENDMOD        ?C?LMUL

  -------         MODULE        ?C?ULDIV
  C:0591H         PUBLIC        ?C?ULDIV
  -------         ENDMOD        ?C?ULDIV
BL51 BANKED LINKER/LOCATER V6.22.4.0                                                  04/16/2025  11:22:41  PAGE 19



  -------         MODULE        ?C?LNEG
  C:0623H         PUBLIC        ?C?LNEG
  -------         ENDMOD        ?C?LNEG

  -------         MODULE        ?C?ULCMP
  C:0631H         PUBLIC        ?C?ULCMP
  -------         ENDMOD        ?C?ULCMP

  -------         MODULE        ?C?ULSHR
  C:0642H         PUBLIC        ?C?ULSHR
  -------         ENDMOD        ?C?ULSHR

  -------         MODULE        ?C?LLDCODE
  C:0655H         PUBLIC        ?C?LLDCODE
  -------         ENDMOD        ?C?LLDCODE

  -------         MODULE        ?C?LLDXDATA0
  C:0665H         PUBLIC        ?C?LLDXDATA0
  -------         ENDMOD        ?C?LLDXDATA0

  -------         MODULE        ?C?LLDCODE0
  C:0671H         PUBLIC        ?C?LLDCODE0
  -------         ENDMOD        ?C?LLDCODE0

  -------         MODULE        ?C?LSTXDATA
  C:0681H         PUBLIC        ?C?LSTXDATA
  -------         ENDMOD        ?C?LSTXDATA

  -------         MODULE        ?C?LSTKXDATA
  C:068DH         PUBLIC        ?C?LSTKXDATA
  -------         ENDMOD        ?C?LSTKXDATA

  -------         MODULE        ?C?MEMSET
  C:06BEH         PUBLIC        ?C?MEMSET
  -------         ENDMOD        ?C?MEMSET

*** WARNING L16: UNCALLED SEGMENT, IGNORED FOR OVERLAY PROCESS
    SEGMENT: ?PR?DEBUG_INIT?DEBUG

*** WARNING L16: UNCALLED SEGMENT, IGNORED FOR OVERLAY PROCESS
    SEGMENT: ?PR?_USER_PRINTF?DEBUG

Program Size: data=9.7 xdata=93 code=5806
LINK/LOCATE RUN COMPLETE.  2 WARNING(S),  0 ERROR(S)
