BL51 BANKED LINKER/LOCATER V6.22.4.0                                                    04/17/2025  18:33:25  PAGE 1


BL51 BANKED LINKER/LOCATER V6.22.4.0, INVOKED BY:
C:\KEIL_V5\C51\BIN\BL51.EXE .\Release\Objects\STARTUP.obj, .\Release\Objects\system.obj, .\Release\Objects\main.obj, .\R
>> elease\Objects\pwm.obj, .\Release\Objects\adc.obj, .\Release\Objects\time0.obj, .\Release\Objects\debug.obj, .\Releas
>> e\Objects\timer1.obj TO .\Release\Objects\Demo PRINT (.\Release\Listings\Demo.m51) RAMSIZE (256) CODE (0X0000-0X3EEF)
>>  XDATA (0X6000-0X66FF)


MEMORY MODEL: LARGE WITH FLOATING POINT ARITHMETIC


INPUT MODULES INCLUDED:
  .\Release\Objects\STARTUP.obj (?C_STARTUP)
  .\Release\Objects\system.obj (SYSTEM)
  .\Release\Objects\main.obj (MAIN)
  .\Release\Objects\pwm.obj (PWM)
  .\Release\Objects\adc.obj (ADC)
  .\Release\Objects\time0.obj (TIME0)
  .\Release\Objects\debug.obj (DEBUG)
  .\Release\Objects\timer1.obj (TIMER1)
  C:\KEIL_V5\C51\LIB\C51FPL.LIB (?C?FPADD)
  C:\KEIL_V5\C51\LIB\C51FPL.LIB (?C?FPMUL)
  C:\KEIL_V5\C51\LIB\C51FPL.LIB (?C?FPDIV)
  C:\KEIL_V5\C51\LIB\C51FPL.LIB (?C?CASTF)
  C:\KEIL_V5\C51\LIB\C51FPL.LIB (POW)
  C:\KEIL_V5\C51\LIB\C51FPL.LIB (?C?FPGETOPN)
  C:\KEIL_V5\C51\LIB\C51FPL.LIB (?C?CHKFLOAT)
  C:\KEIL_V5\C51\LIB\C51FPL.LIB (?C?FPCMP)
  C:\KEIL_V5\C51\LIB\C51FPL.LIB (?C?FPNEG)
  C:\KEIL_V5\C51\LIB\C51FPL.LIB (?C?FCAST)
  C:\KEIL_V5\C51\LIB\C51FPL.LIB (EXP)
  C:\KEIL_V5\C51\LIB\C51FPL.LIB (LOG)
  C:\KEIL_V5\C51\LIB\C51FPL.LIB (?C?FPSERIES)
  C:\KEIL_V5\C51\LIB\C51L.LIB (?C_INIT)
  C:\KEIL_V5\C51\LIB\C51L.LIB (?C?CLDPTR)
  C:\KEIL_V5\C51\LIB\C51L.LIB (?C?ILDIX)
  C:\KEIL_V5\C51\LIB\C51L.LIB (?C?ILDOPTR)
  C:\KEIL_V5\C51\LIB\C51L.LIB (?C?ISTOPTR)
  C:\KEIL_V5\C51\LIB\C51L.LIB (?C?LMUL)
  C:\KEIL_V5\C51\LIB\C51L.LIB (?C?ULDIV)
  C:\KEIL_V5\C51\LIB\C51L.LIB (?C?LNEG)
  C:\KEIL_V5\C51\LIB\C51L.LIB (?C?ULCMP)
  C:\KEIL_V5\C51\LIB\C51L.LIB (?C?ULSHR)
  C:\KEIL_V5\C51\LIB\C51L.LIB (?C?LLDCODE)
  C:\KEIL_V5\C51\LIB\C51L.LIB (?C?LLDXDATA0)
  C:\KEIL_V5\C51\LIB\C51L.LIB (?C?LLDCODE0)
  C:\KEIL_V5\C51\LIB\C51L.LIB (?C?LSTXDATA)
  C:\KEIL_V5\C51\LIB\C51L.LIB (?C?LSTKXDATA)
  C:\KEIL_V5\C51\LIB\C51L.LIB (?C?MEMSET)


LINK MAP OF MODULE:  .\Release\Objects\Demo (?C_STARTUP)


            TYPE    BASE      LENGTH    RELOCATION   SEGMENT NAME
            -----------------------------------------------------

            * * * * * * *   D A T A   M E M O R Y   * * * * * * *
            REG     0000H     0008H     ABSOLUTE     "REG BANK 0"
BL51 BANKED LINKER/LOCATER V6.22.4.0                                                  04/17/2025  18:33:25  PAGE 2


                    0008H     0018H                  *** GAP ***
            BIT     0020H.0   0000H.3   UNIT         ?BI?ADC
            BIT     0020H.3   0000H.2   UNIT         ?BI?PWM
            BIT     0020H.5   0000H.1   UNIT         ?BI?TIME0
            BIT     0020H.6   0000H.1   UNIT         _BIT_GROUP_
                    0020H.7   0000H.1                *** GAP ***
            IDATA   0021H     0001H     UNIT         ?STACK

            * * * * * * *  X D A T A   M E M O R Y  * * * * * * *
                    0000H     6000H                  *** GAP ***
            XDATA   6000H     0031H     UNIT         ?XD?ADC
            XDATA   6031H     0011H     UNIT         _XDATA_GROUP_
            XDATA   6042H     0010H     UNIT         ?XD?MAIN
            XDATA   6052H     0004H     UNIT         ?XD?PWM
            XDATA   6056H     0004H     UNIT         ?XD?TIMER1
            XDATA   605AH     0003H     UNIT         ?XD?_USER_PRINTF?DEBUG
            XDATA   605DH     0001H     UNIT         ?XD?TIME0

            * * * * * * *   C O D E   M E M O R Y   * * * * * * *
            CODE    0000H     0003H     ABSOLUTE     
            CODE    0003H     000CH     ABSOLUTE     
            CODE    000FH     000DH     UNIT         ?PR?ADC_PIN_CONFIG?ADC
            CODE    001CH     0001H     UNIT         ?PR?DEBUG_INIT?DEBUG
                    001DH     0001H                  *** GAP ***
            CODE    001EH     0003H     ABSOLUTE     
            CODE    0021H     0003H     ABSOLUTE     
            CODE    0024H     06C6H     UNIT         ?C?LIB_CODE
            CODE    06EAH     029EH     UNIT         ?PR?ADC_SCAN_ACCORDING_PIN9?ADC
            CODE    0988H     0166H     UNIT         ?PR?_POW?POW
            CODE    0AEEH     0162H     UNIT         ?PR?ADC_GET_VAL?ADC
            CODE    0C50H     0133H     UNIT         ?PR?_PUBBLE_SORT?ADC
            CODE    0D83H     0129H     UNIT         ?PR?LOG?LOG
            CODE    0EACH     011AH     UNIT         ?PR?ADC_SCAN?ADC
            CODE    0FC6H     00F1H     UNIT         ?PR?MAIN?MAIN
            CODE    10B7H     00CFH     UNIT         ?PR?SYSTEM_INIT?SYSTEM
            CODE    1186H     009DH     UNIT         ?PR?SET_DUTY?ADC
            CODE    1223H     009AH     UNIT         ?PR?EXP?EXP
            CODE    12BDH     0093H     UNIT         ?PR?GET_VOLTAGE_FROM_PIN?ADC
            CODE    1350H     008CH     UNIT         ?C_C51STARTUP
            CODE    13DCH     0060H     UNIT         ?PR?__MY_ADJUST_PWM?PWM
            CODE    143CH     005FH     UNIT         ?PR?ACCORDING_PIN9_TO_ADJUST_PIN16?PWM
            CODE    149BH     005CH     UNIT         ?PR?PWM_INIT?PWM
            CODE    14F7H     0055H     UNIT         ?PR?TIMR1_IRQHANDLER?TIMER1
            CODE    154CH     0046H     UNIT         ?PR?_ADC_SEL_PIN?ADC
            CODE    1592H     0044H     UNIT         ?C_INITSEG
            CODE    15D6H     0040H     UNIT         ?PR?TMR1_CONFIG?TIMER1
            CODE    1616H     0033H     UNIT         ?PR?_USER_PRINTF?DEBUG
            CODE    1649H     0032H     UNIT         ?PR?TIMR0_IRQHANDLER?TIME0
            CODE    167BH     002AH     UNIT         ?PR?ADC_SINGLE_GETVAL?ADC
            CODE    16A5H     0027H     UNIT         ?PR?__CLEAR_BUFF?ADC
            CODE    16CCH     001BH     UNIT         ?PR?TMR0_CONFIG?TIME0
            CODE    16E7H     0018H     UNIT         ?PR?_DELAY_MS?SYSTEM
            CODE    16FFH     0014H     UNIT         ?PR?TMR0_DISABLE?TIME0
            CODE    1713H     0014H     UNIT         ?PR?TMR1_DISABLE?TIMER1
            CODE    1727H     0012H     UNIT         ?PR?SET_PWM_DUTY?PWM
            CODE    1739H     0012H     UNIT         ?PR?ADAPTIVE_DUTY?PWM
            CODE    174BH     0010H     UNIT         ?PR?TMR0_ENABLE?TIME0
BL51 BANKED LINKER/LOCATER V6.22.4.0                                                  04/17/2025  18:33:25  PAGE 3


            CODE    175BH     0010H     UNIT         ?PR?TMR1_ENABLE?TIMER1
            CODE    176BH     000DH     UNIT         ?PR?_DEBUG_PUTCHAR?DEBUG
            CODE    1778H     000BH     UNIT         ?PR?_DELAY?SYSTEM



OVERLAY MAP OF MODULE:   .\Release\Objects\Demo (?C_STARTUP)


SEGMENT                                           BIT_GROUP          XDATA_GROUP
  +--> CALLED SEGMENT                          START    LENGTH     START    LENGTH
----------------------------------------------------------------------------------
?C_C51STARTUP                                  -----    -----      -----    -----
  +--> ?PR?MAIN?MAIN
  +--> ?C_INITSEG

?PR?MAIN?MAIN                                  -----    -----      -----    -----
  +--> ?PR?SYSTEM_INIT?SYSTEM
  +--> ?PR?ADC_PIN_CONFIG?ADC
  +--> ?PR?TMR0_CONFIG?TIME0
  +--> ?PR?PWM_INIT?PWM
  +--> ?PR?TMR1_CONFIG?TIMER1
  +--> ?PR?_POW?POW
  +--> ?PR?SET_PWM_DUTY?PWM
  +--> ?PR?_DELAY_MS?SYSTEM
  +--> ?PR?ADC_SCAN?ADC
  +--> ?PR?SET_DUTY?ADC
  +--> ?PR?ACCORDING_PIN9_TO_ADJUST_PIN16?PWM

?PR?SYSTEM_INIT?SYSTEM                         -----    -----      -----    -----
  +--> ?PR?_DELAY?SYSTEM
  +--> ?PR?_DELAY_MS?SYSTEM

?PR?_DELAY_MS?SYSTEM                           -----    -----      -----    -----
  +--> ?PR?_DELAY?SYSTEM

?PR?_POW?POW                                   -----    -----      6031H    000AH
  +--> ?PR?LOG?LOG
  +--> ?PR?EXP?EXP

?PR?LOG?LOG                                    0020H.6  0000H.1    603BH    0004H

?PR?ADC_SCAN?ADC                               -----    -----      6031H    0005H
  +--> ?PR?_ADC_SEL_PIN?ADC
  +--> ?PR?GET_VOLTAGE_FROM_PIN?ADC
  +--> ?PR?__CLEAR_BUFF?ADC
  +--> ?PR?TMR1_ENABLE?TIMER1
  +--> ?PR?TMR1_DISABLE?TIMER1

?PR?_ADC_SEL_PIN?ADC                           -----    -----      -----    -----
  +--> ?PR?_DELAY_MS?SYSTEM

?PR?GET_VOLTAGE_FROM_PIN?ADC                   -----    -----      6036H    0005H
  +--> ?PR?ADC_SINGLE_GETVAL?ADC
  +--> ?PR?_DELAY_MS?SYSTEM

?PR?SET_DUTY?ADC                               -----    -----      -----    -----
BL51 BANKED LINKER/LOCATER V6.22.4.0                                                  04/17/2025  18:33:25  PAGE 4


  +--> ?PR?TMR0_ENABLE?TIME0
  +--> ?PR?_ADC_SEL_PIN?ADC
  +--> ?PR?ADC_SCAN_ACCORDING_PIN9?ADC
  +--> ?PR?ADAPTIVE_DUTY?PWM
  +--> ?PR?TMR0_DISABLE?TIME0

?PR?ADC_SCAN_ACCORDING_PIN9?ADC                -----    -----      6031H    0005H
  +--> ?PR?_PUBBLE_SORT?ADC
  +--> ?PR?__MY_ADJUST_PWM?PWM

?PR?_PUBBLE_SORT?ADC                           -----    -----      6036H    0007H

?PR?ADAPTIVE_DUTY?PWM                          -----    -----      -----    -----
  +--> ?PR?SET_PWM_DUTY?PWM

?PR?ACCORDING_PIN9_TO_ADJUST_PIN16?PWM         -----    -----      6031H    0006H
  +--> ?PR?_ADC_SEL_PIN?ADC
  +--> ?PR?ADC_GET_VAL?ADC

?PR?ADC_GET_VAL?ADC                            -----    -----      6037H    000BH



SYMBOL TABLE OF MODULE:  .\Release\Objects\Demo (?C_STARTUP)

  VALUE           TYPE          NAME
  ----------------------------------

  -------         MODULE        ?C_STARTUP
  C:1350H         SEGMENT       ?C_C51STARTUP
  I:0021H         SEGMENT       ?STACK
  C:0000H         PUBLIC        ?C_STARTUP
  D:00E0H         SYMBOL        ACC
  D:00F0H         SYMBOL        B
  D:0083H         SYMBOL        DPH
  D:0082H         SYMBOL        DPL
  N:0000H         SYMBOL        IBPSTACK
  N:0100H         SYMBOL        IBPSTACKTOP
  N:0080H         SYMBOL        IDATALEN
  C:1353H         SYMBOL        IDATALOOP
  N:0000H         SYMBOL        PBPSTACK
  N:0100H         SYMBOL        PBPSTACKTOP
  N:0000H         SYMBOL        PDATALEN
  N:0000H         SYMBOL        PDATASTART
  N:0000H         SYMBOL        PPAGE
  N:0000H         SYMBOL        PPAGEENABLE
  D:00A0H         SYMBOL        PPAGE_SFR
  D:0081H         SYMBOL        SP
  C:1350H         SYMBOL        STARTUP1
  N:0000H         SYMBOL        XBPSTACK
  N:0000H         SYMBOL        XBPSTACKTOP
  N:0000H         SYMBOL        XDATALEN
  N:0000H         SYMBOL        XDATASTART
  C:0000H         LINE#         126
  C:1350H         LINE#         133
  C:1352H         LINE#         134
  C:1353H         LINE#         135
BL51 BANKED LINKER/LOCATER V6.22.4.0                                                  04/17/2025  18:33:25  PAGE 5


  C:1354H         LINE#         136
  C:1356H         LINE#         185
  C:1359H         LINE#         196
  -------         ENDMOD        ?C_STARTUP

  -------         MODULE        SYSTEM
  C:0000H         SYMBOL        _ICE_DUMMY_
  D:00A7H         PUBLIC        FLASH_TIMEREG0
  C:1778H         PUBLIC        _delay
  D:00ACH         PUBLIC        FLASH_TIMEREG1
  C:10B7H         PUBLIC        system_init
  C:16E7H         PUBLIC        _delay_ms
  -------         PROC          _DELAY
  D:0006H         SYMBOL        cnt
  C:1778H         LINE#         37
  C:1778H         LINE#         38
  C:1778H         LINE#         39
  C:1782H         LINE#         40
  C:1782H         LINE#         41
  C:1782H         LINE#         42
  -------         ENDPROC       _DELAY
  -------         PROC          _DELAY_MS
  D:0002H         SYMBOL        ms
  C:16E7H         LINE#         49
  C:16EBH         LINE#         50
  C:16EBH         LINE#         51
  C:16F5H         LINE#         52
  C:16F5H         LINE#         53
  C:16FCH         LINE#         54
  C:16FEH         LINE#         55
  -------         ENDPROC       _DELAY_MS
  -------         PROC          SYSTEM_INIT
  -------         DO            
  D:0007H         SYMBOL        i
  -------         ENDDO         
  C:10B7H         LINE#         62
  C:10B7H         LINE#         63
  C:10B7H         LINE#         66
  C:10BEH         LINE#         67
  C:10CBH         LINE#         68
  C:10CEH         LINE#         69
  C:10D1H         LINE#         70
  C:10D7H         LINE#         71
  C:10DDH         LINE#         72
  C:10E3H         LINE#         76
  C:10E5H         LINE#         77
  C:10E5H         LINE#         78
  C:10F2H         LINE#         79
  C:10F7H         LINE#         81
  C:1185H         LINE#         82
  -------         ENDPROC       SYSTEM_INIT
  -------         ENDMOD        SYSTEM

  -------         MODULE        MAIN
  C:0000H         SYMBOL        _ICE_DUMMY_
  C:0FC6H         PUBLIC        main
  X:6042H         PUBLIC        r_ms
BL51 BANKED LINKER/LOCATER V6.22.4.0                                                  04/17/2025  18:33:25  PAGE 6


  B:0090H.4       PUBLIC        P14
  D:00D9H         PUBLIC        WDT_KEY
  X:6046H         PUBLIC        step
  X:604AH         PUBLIC        mi
  X:604EH         PUBLIC        rus
  -------         PROC          MAIN
  C:0FC6H         LINE#         57
  C:0FC6H         LINE#         58
  C:0FC6H         LINE#         60
  C:0FC9H         LINE#         62
  C:0FCCH         LINE#         77
  C:0FCFH         LINE#         79
  C:0FD2H         LINE#         80
  C:0FD5H         LINE#         81
  C:0FD8H         LINE#         86
  C:0FDAH         LINE#         87
  C:0FE1H         LINE#         88
  C:0FF4H         LINE#         89
  C:0FF4H         LINE#         90
  C:0FFAH         LINE#         91
  C:0FFAH         LINE#         92
  C:0FFAH         LINE#         93
  C:0FFAH         LINE#         94
  C:1006H         LINE#         95
  C:1006H         LINE#         96
  C:1038H         LINE#         97
  C:1055H         LINE#         98
  C:1089H         LINE#         99
  C:1089H         LINE#         100
  C:1098H         LINE#         101
  C:1098H         LINE#         102
  C:109FH         LINE#         103
  C:109FH         LINE#         105
  C:10A2H         LINE#         106
  C:10A9H         LINE#         108
  C:10ACH         LINE#         112
  C:10ACH         LINE#         113
  C:10ACH         LINE#         114
  C:10AFH         LINE#         115
  C:10B2H         LINE#         116
  C:10B5H         LINE#         118
  -------         ENDPROC       MAIN
  -------         ENDMOD        MAIN

  -------         MODULE        PWM
  C:0000H         SYMBOL        _ICE_DUMMY_
  C:13DCH         PUBLIC        __My_Adjust_Pwm
  X:6052H         PUBLIC        c_duty
  C:1727H         PUBLIC        set_pwm_duty
  B:0090H.4       PUBLIC        P14
  X:6054H         PUBLIC        adjust_duty
  B:0020H.3       PUBLIC        jump_flag
  C:1739H         PUBLIC        Adaptive_Duty
  B:0020H.4       PUBLIC        max_flag
  C:143CH         PUBLIC        according_pin9_to_adjust_pin16
  C:149BH         PUBLIC        pwm_init
  -------         PROC          PWM_INIT
BL51 BANKED LINKER/LOCATER V6.22.4.0                                                  04/17/2025  18:33:25  PAGE 7


  C:149BH         LINE#         11
  C:149BH         LINE#         12
  C:149BH         LINE#         13
  C:14A1H         LINE#         15
  C:14A6H         LINE#         16
  C:14ABH         LINE#         17
  C:14AFH         LINE#         18
  C:14B3H         LINE#         19
  C:14B5H         LINE#         20
  C:14BBH         LINE#         22
  C:14C1H         LINE#         23
  C:14C7H         LINE#         24
  C:14CDH         LINE#         25
  C:14D3H         LINE#         26
  C:14D9H         LINE#         27
  C:14DFH         LINE#         28
  C:14E3H         LINE#         29
  C:14E7H         LINE#         30
  C:14EBH         LINE#         31
  C:14F0H         LINE#         32
  C:14F6H         LINE#         33
  -------         ENDPROC       PWM_INIT
  -------         PROC          SET_PWM_DUTY
  C:1727H         LINE#         36
  C:1727H         LINE#         37
  C:1727H         LINE#         38
  C:172EH         LINE#         39
  C:1732H         LINE#         40
  C:1738H         LINE#         41
  -------         ENDPROC       SET_PWM_DUTY
  -------         PROC          __MY_ADJUST_PWM
  D:0006H         SYMBOL        Val
  -------         DO            
  D:0006H         SYMBOL        P9_Vol
  -------         ENDDO         
  C:13DCH         LINE#         45
  C:13DCH         LINE#         46
  C:13DCH         LINE#         48
  C:13DCH         LINE#         63
  C:13E5H         LINE#         64
  C:13E5H         LINE#         67
  C:13EBH         LINE#         68
  C:13EBH         LINE#         69
  C:13F2H         LINE#         70
  C:13F4H         LINE#         71
  C:13F6H         LINE#         73
  C:13F6H         LINE#         74
  C:13FDH         LINE#         75
  C:13FFH         LINE#         76
  C:13FFH         LINE#         77
  C:1401H         LINE#         100
  C:140AH         LINE#         101
  C:140AH         LINE#         104
  C:1414H         LINE#         105
  C:1416H         LINE#         106
  C:142BH         LINE#         107
  C:142DH         LINE#         108
BL51 BANKED LINKER/LOCATER V6.22.4.0                                                  04/17/2025  18:33:25  PAGE 8


  C:142DH         LINE#         114
  C:1436H         LINE#         115
  C:1436H         LINE#         116
  C:1438H         LINE#         117
  C:1439H         LINE#         119
  C:1439H         LINE#         120
  C:143BH         LINE#         121
  C:143BH         LINE#         122
  -------         ENDPROC       __MY_ADJUST_PWM
  -------         PROC          ACCORDING_PIN9_TO_ADJUST_PIN16
  -------         DO            
  X:6031H         SYMBOL        i
  X:6032H         SYMBOL        cnt
  X:6033H         SYMBOL        adc_aver_val
  -------         ENDDO         
  C:143CH         LINE#         125
  C:143CH         LINE#         126
  C:143CH         LINE#         127
  C:1441H         LINE#         128
  C:1443H         LINE#         129
  C:144BH         LINE#         130
  C:1450H         LINE#         158
  C:1455H         LINE#         159
  C:1455H         LINE#         161
  C:1461H         LINE#         163
  C:147CH         LINE#         164
  C:147CH         LINE#         166
  C:1482H         LINE#         167
  C:1482H         LINE#         168
  C:148EH         LINE#         171
  C:1495H         LINE#         172
  C:1495H         LINE#         174
  C:1497H         LINE#         175
  C:1498H         LINE#         177
  C:1498H         LINE#         178
  C:149AH         LINE#         179
  C:149AH         LINE#         181
  -------         ENDPROC       ACCORDING_PIN9_TO_ADJUST_PIN16
  -------         PROC          ADAPTIVE_DUTY
  C:1739H         LINE#         184
  C:1739H         LINE#         185
  C:1739H         LINE#         212
  C:1748H         LINE#         213
  -------         ENDPROC       ADAPTIVE_DUTY
  -------         ENDMOD        PWM

  -------         MODULE        ADC
  C:0000H         SYMBOL        _ICE_DUMMY_
  X:6002H         PUBLIC        adc0_val
  X:6004H         PUBLIC        index
  C:06EAH         PUBLIC        adc_scan_according_pin9
  C:000FH         PUBLIC        adc_pin_config
  B:0020H.2       PUBLIC        flag_is_pin_9_vol_bounce
  C:0EACH         PUBLIC        adc_scan
  D:0099H         PUBLIC        ADC_CHS0
  X:6005H         PUBLIC        index_jump
  D:0093H         PUBLIC        ADC_DATAH0
BL51 BANKED LINKER/LOCATER V6.22.4.0                                                  04/17/2025  18:33:25  PAGE 9


  X:6006H         PUBLIC        temp_status
  D:0094H         PUBLIC        ADC_DATAL0
  C:16A5H         PUBLIC        __clear_buff
  X:6007H         PUBLIC        Vol_val
  C:12BDH         PUBLIC        get_voltage_from_pin
  C:0C50H         PUBLIC        _Pubble_Sort
  C:0AEEH         PUBLIC        adc_get_val
  X:6009H         PUBLIC        Vol_val_all
  X:601DH         PUBLIC        Vol_val_jump
  C:1186H         PUBLIC        set_duty
  C:167BH         PUBLIC        adc_single_getval
  C:154CH         PUBLIC        _adc_sel_pin
  -------         PROC          _PUBBLE_SORT
  D:0001H         SYMBOL        arr
  X:6036H         SYMBOL        length
  -------         DO            
  X:6037H         SYMBOL        i
  X:6039H         SYMBOL        j
  -------         DO            
  X:603BH         SYMBOL        temp
  -------         ENDDO         
  -------         ENDDO         
  C:0C50H         LINE#         18
  C:0C55H         LINE#         19
  C:0C55H         LINE#         20
  C:0C5AH         LINE#         21
  C:0C5EH         LINE#         22
  C:0C85H         LINE#         23
  C:0C85H         LINE#         24
  C:0CB9H         LINE#         25
  C:0CB9H         LINE#         26
  C:0CEAH         LINE#         27
  C:0CEAH         LINE#         28
  C:0D08H         LINE#         29
  C:0D34H         LINE#         30
  C:0D5AH         LINE#         31
  C:0D5AH         LINE#         32
  C:0D6EH         LINE#         33
  C:0D82H         LINE#         34
  -------         ENDPROC       _PUBBLE_SORT
  -------         PROC          ADC_PIN_CONFIG
  C:000FH         LINE#         37
  C:000FH         LINE#         38
  C:000FH         LINE#         40
  C:0015H         LINE#         43
  C:001BH         LINE#         44
  -------         ENDPROC       ADC_PIN_CONFIG
  -------         PROC          _ADC_SEL_PIN
  D:0007H         SYMBOL        adc_sel
  C:154CH         LINE#         50
  C:154CH         LINE#         51
  C:154CH         LINE#         53
  C:1553H         LINE#         55
  C:155BH         LINE#         56
  C:155BH         LINE#         57
  C:155BH         LINE#         60
  C:1562H         LINE#         61
BL51 BANKED LINKER/LOCATER V6.22.4.0                                                  04/17/2025  18:33:25  PAGE 10


  C:1566H         LINE#         63
  C:156CH         LINE#         67
  C:156FH         LINE#         69
  C:156FH         LINE#         71
  C:1571H         LINE#         73
  C:1571H         LINE#         76
  C:1578H         LINE#         79
  C:157CH         LINE#         81
  C:1582H         LINE#         84
  C:1585H         LINE#         86
  C:158BH         LINE#         89
  C:158BH         LINE#         90
  C:158BH         LINE#         92
  -------         ENDPROC       _ADC_SEL_PIN
  -------         PROC          ADC_SINGLE_GETVAL
  C:167BH         LINE#         98
  C:167BH         LINE#         99
  C:167BH         LINE#         100
  C:1681H         LINE#         101
  C:1687H         LINE#         103
  C:16A1H         LINE#         104
  C:16A4H         LINE#         105
  -------         ENDPROC       ADC_SINGLE_GETVAL
  -------         PROC          ADC_GET_VAL
  -------         DO            
  X:6037H         SYMBOL        i
  X:6038H         SYMBOL        g_temp_value
  X:603AH         SYMBOL        g_tmpbuff
  X:603EH         SYMBOL        g_adcmax
  X:6040H         SYMBOL        g_adcmin
  -------         ENDDO         
  C:0AEEH         LINE#         108
  C:0AEEH         LINE#         109
  C:0AEEH         LINE#         110
  C:0AF3H         LINE#         111
  C:0AF7H         LINE#         112
  C:0B01H         LINE#         113
  C:0B08H         LINE#         114
  C:0B10H         LINE#         117
  C:0B15H         LINE#         118
  C:0B15H         LINE#         119
  C:0B1BH         LINE#         120
  C:0B21H         LINE#         122
  C:0B3BH         LINE#         123
  C:0B3EH         LINE#         125
  C:0B47H         LINE#         126
  C:0B47H         LINE#         127
  C:0B5CH         LINE#         128
  C:0B68H         LINE#         129
  C:0B7DH         LINE#         130
  C:0B89H         LINE#         132
  C:0BB4H         LINE#         133
  C:0BC2H         LINE#         135
  C:0BF7H         LINE#         136
  C:0C2CH         LINE#         137
  C:0C47H         LINE#         139
  C:0C4FH         LINE#         140
BL51 BANKED LINKER/LOCATER V6.22.4.0                                                  04/17/2025  18:33:25  PAGE 11


  -------         ENDPROC       ADC_GET_VAL
  -------         PROC          __CLEAR_BUFF
  C:16A5H         LINE#         144
  C:16A5H         LINE#         145
  C:16A5H         LINE#         147
  C:16B4H         LINE#         148
  C:16B9H         LINE#         150
  C:16C6H         LINE#         151
  C:16CBH         LINE#         152
  -------         ENDPROC       __CLEAR_BUFF
  -------         PROC          ADC_SCAN_ACCORDING_PIN9
  -------         DO            
  X:6000H         SYMBOL        flag_filter
  X:6031H         SYMBOL        tmp
  X:6033H         SYMBOL        cnt
  X:6031H         SYMBOL        sum
  X:6035H         SYMBOL        i
  -------         DO            
  X:6034H         SYMBOL        i
  -------         ENDDO         
  -------         ENDDO         
  -------         DO            
  X:6031H         SYMBOL        sum
  X:6035H         SYMBOL        i
  -------         ENDDO         
  -------         DO            
  X:6031H         SYMBOL        sum
  X:6035H         SYMBOL        i
  -------         ENDDO         
  C:06EAH         LINE#         155
  C:06EAH         LINE#         156
  C:06EAH         LINE#         157
  C:06F0H         LINE#         158
  C:06F6H         LINE#         160
  C:06F9H         LINE#         161
  C:0713H         LINE#         167
  C:0713H         LINE#         169
  C:0722H         LINE#         170
  C:0725H         LINE#         171
  C:0732H         LINE#         172
  C:074BH         LINE#         173
  C:074BH         LINE#         174
  C:0752H         LINE#         175
  C:0752H         LINE#         177
  C:0752H         LINE#         178
  C:0752H         LINE#         180
  C:0752H         LINE#         182
  C:0761H         LINE#         183
  C:0761H         LINE#         184
  C:0777H         LINE#         185
  C:0777H         LINE#         186
  C:077DH         LINE#         187
  C:077DH         LINE#         188
  C:0785H         LINE#         189
  C:0785H         LINE#         191
  C:078FH         LINE#         192
  C:078FH         LINE#         193
BL51 BANKED LINKER/LOCATER V6.22.4.0                                                  04/17/2025  18:33:25  PAGE 12


  C:0791H         LINE#         194
  C:0793H         LINE#         195
  C:0796H         LINE#         196
  C:0796H         LINE#         197
  C:0798H         LINE#         198
  C:0798H         LINE#         199
  C:0798H         LINE#         203
  C:07CBH         LINE#         204
  C:07CBH         LINE#         205
  C:07E7H         LINE#         206
  C:07EDH         LINE#         207
  C:07EFH         LINE#         209
  C:07EFH         LINE#         210
  C:080BH         LINE#         211
  C:0811H         LINE#         214
  C:0820H         LINE#         215
  C:0825H         LINE#         216
  C:0825H         LINE#         219
  C:0831H         LINE#         220
  C:0831H         LINE#         221
  C:083BH         LINE#         222
  C:0840H         LINE#         224
  C:084DH         LINE#         225
  C:0852H         LINE#         227
  C:085DH         LINE#         236
  C:0863H         LINE#         237
  C:0863H         LINE#         238
  C:0898H         LINE#         239
  C:08A2H         LINE#         241
  C:08BFH         LINE#         243
  C:08C9H         LINE#         244
  C:08CDH         LINE#         245
  C:08CDH         LINE#         246
  C:08D0H         LINE#         248
  C:08D0H         LINE#         249
  C:08DCH         LINE#         250
  C:08DCH         LINE#         251
  C:08E6H         LINE#         252
  C:08EBH         LINE#         254
  C:08F8H         LINE#         255
  C:08FDH         LINE#         257
  C:0908H         LINE#         259
  C:090EH         LINE#         260
  C:090EH         LINE#         261
  C:0943H         LINE#         262
  C:094DH         LINE#         264
  C:096AH         LINE#         266
  C:0974H         LINE#         267
  C:0979H         LINE#         268
  C:0980H         LINE#         269
  C:0980H         LINE#         270
  C:0980H         LINE#         272
  C:0987H         LINE#         273
  -------         ENDPROC       ADC_SCAN_ACCORDING_PIN9
  -------         PROC          GET_VOLTAGE_FROM_PIN
  -------         DO            
  X:6036H         SYMBOL        i
BL51 BANKED LINKER/LOCATER V6.22.4.0                                                  04/17/2025  18:33:25  PAGE 13


  X:6037H         SYMBOL        adc_aver_val
  -------         ENDDO         
  C:12BDH         LINE#         276
  C:12BDH         LINE#         277
  C:12BDH         LINE#         278
  C:12C2H         LINE#         279
  C:12CAH         LINE#         281
  C:12CFH         LINE#         282
  C:12CFH         LINE#         283
  C:12D2H         LINE#         286
  C:12FDH         LINE#         287
  C:1306H         LINE#         288
  C:1306H         LINE#         289
  C:131DH         LINE#         290
  C:131DH         LINE#         291
  C:1324H         LINE#         292
  C:1330H         LINE#         299
  -------         ENDPROC       GET_VOLTAGE_FROM_PIN
  -------         PROC          ADC_SCAN
  -------         DO            
  X:6031H         SYMBOL        voltage
  -------         DO            
  X:6035H         SYMBOL        i
  -------         ENDDO         
  -------         DO            
  B:0020H.0       SYMBOL        tmr1_is_open
  -------         DO            
  X:6035H         SYMBOL        i
  -------         ENDDO         
  -------         ENDDO         
  -------         ENDDO         
  C:0EACH         LINE#         302
  C:0EACH         LINE#         303
  C:0EACH         LINE#         304
  C:0EB6H         LINE#         309
  C:0EC1H         LINE#         310
  C:0EC1H         LINE#         312
  C:0EC1H         LINE#         314
  C:0EC8H         LINE#         315
  C:0ECDH         LINE#         316
  C:0ED6H         LINE#         323
  C:0EF6H         LINE#         324
  C:0EF6H         LINE#         328
  C:0EFBH         LINE#         329
  C:0EFCH         LINE#         330
  C:0EFCH         LINE#         331
  C:0F05H         LINE#         332
  C:0F20H         LINE#         333
  C:0F20H         LINE#         335
  C:0F26H         LINE#         337
  C:0F26H         LINE#         338
  C:0F32H         LINE#         345
  C:0F38H         LINE#         346
  C:0F3BH         LINE#         348
  C:0F3BH         LINE#         349
  C:0F46H         LINE#         350
  C:0F46H         LINE#         354
BL51 BANKED LINKER/LOCATER V6.22.4.0                                                  04/17/2025  18:33:25  PAGE 14


  C:0F49H         LINE#         355
  C:0F49H         LINE#         356
  C:0F4BH         LINE#         357
  C:0F55H         LINE#         358
  C:0F58H         LINE#         359
  C:0F58H         LINE#         381
  C:0F73H         LINE#         382
  C:0F73H         LINE#         383
  C:0F78H         LINE#         389
  C:0F79H         LINE#         390
  C:0F79H         LINE#         391
  C:0F82H         LINE#         392
  C:0F9DH         LINE#         393
  C:0F9DH         LINE#         395
  C:0FA4H         LINE#         397
  C:0FA4H         LINE#         398
  C:0FB0H         LINE#         402
  C:0FB6H         LINE#         403
  C:0FB9H         LINE#         404
  C:0FC3H         LINE#         405
  C:0FC5H         LINE#         407
  C:0FC5H         LINE#         409
  C:0FC5H         LINE#         410
  -------         ENDPROC       ADC_SCAN
  -------         PROC          SET_DUTY
  -------         DO            
  B:0020H.1       SYMBOL        tmr0_is_open
  -------         ENDDO         
  C:1186H         LINE#         413
  C:1186H         LINE#         414
  C:1186H         LINE#         418
  C:118CH         LINE#         419
  C:118CH         LINE#         420
  C:118FH         LINE#         421
  C:118FH         LINE#         422
  C:1191H         LINE#         423
  C:1194H         LINE#         424
  C:1194H         LINE#         426
  C:119AH         LINE#         427
  C:119AH         LINE#         428
  C:119CH         LINE#         429
  C:11A3H         LINE#         430
  C:11A8H         LINE#         431
  C:11ABH         LINE#         433
  C:11BFH         LINE#         434
  C:11BFH         LINE#         435
  C:11C2H         LINE#         436
  C:11C4H         LINE#         437
  C:11C4H         LINE#         442
  C:11C4H         LINE#         443
  C:11CBH         LINE#         444
  C:11CBH         LINE#         446
  C:11CEH         LINE#         447
  C:11D0H         LINE#         449
  C:11DAH         LINE#         450
  C:11EEH         LINE#         451
  C:11EEH         LINE#         452
BL51 BANKED LINKER/LOCATER V6.22.4.0                                                  04/17/2025  18:33:25  PAGE 15


  C:11F1H         LINE#         453
  C:11F3H         LINE#         454
  C:11F3H         LINE#         456
  C:11FAH         LINE#         457
  C:11FAH         LINE#         458
  C:11FDH         LINE#         459
  C:11FFH         LINE#         461
  C:1209H         LINE#         462
  C:121DH         LINE#         463
  C:121DH         LINE#         464
  C:1220H         LINE#         465
  C:1222H         LINE#         466
  C:1222H         LINE#         467
  -------         ENDPROC       SET_DUTY
  -------         ENDMOD        ADC

  -------         MODULE        TIME0
  C:0000H         SYMBOL        _ICE_DUMMY_
  C:1649H         PUBLIC        TIMR0_IRQHandler
  B:0020H.5       PUBLIC        tmr0_flag
  X:605DH         PUBLIC        ms_cnt
  D:00D1H         PUBLIC        TMR_ALLCON
  C:16FFH         PUBLIC        tmr0_disable
  D:00A8H         PUBLIC        IE0
  D:00A9H         PUBLIC        IE1
  D:00AAH         PUBLIC        IE2
  D:00ABH         PUBLIC        IE3
  D:00B8H         PUBLIC        IP0
  D:00B1H         PUBLIC        IP1
  D:00B2H         PUBLIC        IP2
  D:00B3H         PUBLIC        IP3
  D:00B4H         PUBLIC        IP4
  D:00B5H         PUBLIC        IP5
  D:00B6H         PUBLIC        IP6
  C:174BH         PUBLIC        tmr0_enable
  D:00B7H         PUBLIC        IP7
  C:16CCH         PUBLIC        tmr0_config
  B:00A8H.7       PUBLIC        IE_EA
  -------         PROC          TMR0_CONFIG
  C:16CCH         LINE#         10
  C:16CCH         LINE#         11
  C:16CCH         LINE#         12
  C:16CFH         LINE#         13
  C:16D1H         LINE#         17
  C:16D4H         LINE#         18
  C:16D9H         LINE#         19
  C:16DDH         LINE#         20
  C:16E2H         LINE#         21
  C:16E6H         LINE#         22
  -------         ENDPROC       TMR0_CONFIG
  -------         PROC          TMR0_ENABLE
  C:174BH         LINE#         27
  C:174BH         LINE#         28
  C:174BH         LINE#         30
  C:1751H         LINE#         31
  C:1755H         LINE#         33
  C:1758H         LINE#         34
BL51 BANKED LINKER/LOCATER V6.22.4.0                                                  04/17/2025  18:33:25  PAGE 16


  C:175AH         LINE#         35
  -------         ENDPROC       TMR0_ENABLE
  -------         PROC          TMR0_DISABLE
  C:16FFH         LINE#         40
  C:16FFH         LINE#         41
  C:16FFH         LINE#         43
  C:1705H         LINE#         44
  C:1709H         LINE#         47
  C:170DH         LINE#         48
  C:170FH         LINE#         50
  C:1712H         LINE#         51
  -------         ENDPROC       TMR0_DISABLE
  -------         PROC          TIMR0_IRQHANDLER
  C:1649H         LINE#         54
  C:1656H         LINE#         57
  C:1656H         LINE#         62
  C:165CH         LINE#         63
  C:165CH         LINE#         64
  C:1660H         LINE#         66
  C:1666H         LINE#         68
  C:166CH         LINE#         69
  C:166CH         LINE#         71
  C:166EH         LINE#         72
  C:1670H         LINE#         73
  C:1670H         LINE#         74
  C:1670H         LINE#         77
  C:1670H         LINE#         78
  -------         ENDPROC       TIMR0_IRQHANDLER
  -------         ENDMOD        TIME0

  -------         MODULE        DEBUG
  C:0000H         SYMBOL        _ICE_DUMMY_
  C:001CH         PUBLIC        debug_init
  D:00F4H         PUBLIC        UART1_STA
  C:1616H         PUBLIC        _user_printf
  C:176BH         PUBLIC        _debug_putchar
  D:00F7H         PUBLIC        UART1_DATA
  -------         PROC          _DEBUG_PUTCHAR
  D:0007H         SYMBOL        uart_data
  C:176BH         LINE#         51
  C:176BH         LINE#         52
  C:176BH         LINE#         53
  C:1770H         LINE#         55
  C:1772H         LINE#         56
  C:1777H         LINE#         58
  -------         ENDPROC       _DEBUG_PUTCHAR
  -------         PROC          DEBUG_INIT
  C:001CH         LINE#         65
  C:001CH         LINE#         66
  C:001CH         LINE#         78
  -------         ENDPROC       DEBUG_INIT
  -------         PROC          _USER_PRINTF
  X:605AH         SYMBOL        p_data
  C:1616H         LINE#         85
  C:1621H         LINE#         86
  C:1621H         LINE#         87
  C:1631H         LINE#         88
BL51 BANKED LINKER/LOCATER V6.22.4.0                                                  04/17/2025  18:33:25  PAGE 17


  C:1631H         LINE#         89
  C:1646H         LINE#         90
  C:1648H         LINE#         91
  -------         ENDPROC       _USER_PRINTF
  -------         ENDMOD        DEBUG

  -------         MODULE        TIMER1
  C:0000H         SYMBOL        _ICE_DUMMY_
  C:14F7H         PUBLIC        TIMR1_IRQHandler
  X:6056H         PUBLIC        tmr1_cnt
  D:00A8H         PUBLIC        IE0
  C:1713H         PUBLIC        tmr1_disable
  D:00A9H         PUBLIC        IE1
  D:00AAH         PUBLIC        IE2
  D:00ABH         PUBLIC        IE3
  D:00B8H         PUBLIC        IP0
  D:00B1H         PUBLIC        IP1
  D:00B2H         PUBLIC        IP2
  D:00B3H         PUBLIC        IP3
  D:00B4H         PUBLIC        IP4
  D:00B5H         PUBLIC        IP5
  D:00B6H         PUBLIC        IP6
  D:00B7H         PUBLIC        IP7
  C:175BH         PUBLIC        tmr1_enable
  C:15D6H         PUBLIC        tmr1_config
  B:00A8H.7       PUBLIC        IE_EA
  -------         PROC          TMR1_CONFIG
  C:15D6H         LINE#         10
  C:15D6H         LINE#         11
  C:15D6H         LINE#         12
  C:15DCH         LINE#         14
  C:15E2H         LINE#         17
  C:15E6H         LINE#         18
  C:15EAH         LINE#         19
  C:15EEH         LINE#         21
  C:15F3H         LINE#         22
  C:15F7H         LINE#         25
  C:15FCH         LINE#         26
  C:1600H         LINE#         29
  C:1604H         LINE#         30
  C:1606H         LINE#         32
  C:160CH         LINE#         34
  C:1610H         LINE#         37
  C:1613H         LINE#         38
  C:1615H         LINE#         39
  -------         ENDPROC       TMR1_CONFIG
  -------         PROC          TMR1_ENABLE
  C:175BH         LINE#         44
  C:175BH         LINE#         45
  C:175BH         LINE#         47
  C:1761H         LINE#         48
  C:1765H         LINE#         50
  C:1768H         LINE#         51
  C:176AH         LINE#         52
  -------         ENDPROC       TMR1_ENABLE
  -------         PROC          TMR1_DISABLE
  C:1713H         LINE#         57
BL51 BANKED LINKER/LOCATER V6.22.4.0                                                  04/17/2025  18:33:25  PAGE 18


  C:1713H         LINE#         58
  C:1713H         LINE#         60
  C:1719H         LINE#         61
  C:171DH         LINE#         64
  C:1721H         LINE#         65
  C:1723H         LINE#         67
  C:1726H         LINE#         68
  -------         ENDPROC       TMR1_DISABLE
  -------         PROC          TIMR1_IRQHANDLER
  C:14F7H         LINE#         71
  C:150EH         LINE#         74
  C:150EH         LINE#         79
  C:1514H         LINE#         80
  C:1514H         LINE#         81
  C:1518H         LINE#         83
  C:1537H         LINE#         84
  C:1537H         LINE#         87
  C:1537H         LINE#         88
  -------         ENDPROC       TIMR1_IRQHANDLER
  -------         ENDMOD        TIMER1

  -------         MODULE        ?C?FPADD
  C:002BH         PUBLIC        ?C?FPADD
  C:0027H         PUBLIC        ?C?FPSUB
  -------         ENDMOD        ?C?FPADD

  -------         MODULE        ?C?FPMUL
  C:011CH         PUBLIC        ?C?FPMUL
  -------         ENDMOD        ?C?FPMUL

  -------         MODULE        ?C?FPDIV
  C:0225H         PUBLIC        ?C?FPDIV
  -------         ENDMOD        ?C?FPDIV

  -------         MODULE        ?C?CASTF
  C:02C2H         PUBLIC        ?C?CASTF
  -------         ENDMOD        ?C?CASTF

  -------         MODULE        POW
  X:6031H         PUBLIC        ?_pow?BYTE
  C:0988H         PUBLIC        _pow
  -------         ENDMOD        POW

  -------         MODULE        ?C?CHKFLOAT
  C:0343H         PUBLIC        ?C?CHKFLOAT
  -------         ENDMOD        ?C?CHKFLOAT

  -------         MODULE        ?C?FPCMP
  C:035FH         PUBLIC        ?C?FPCMP
  C:035DH         PUBLIC        ?C?FPCMP3
  -------         ENDMOD        ?C?FPCMP

  -------         MODULE        ?C?FPNEG
  C:03D6H         PUBLIC        ?C?FPNEG
  -------         ENDMOD        ?C?FPNEG

  -------         MODULE        ?C?FCAST
BL51 BANKED LINKER/LOCATER V6.22.4.0                                                  04/17/2025  18:33:25  PAGE 19


  C:03F1H         PUBLIC        ?C?FCASTC
  C:03ECH         PUBLIC        ?C?FCASTI
  C:03E7H         PUBLIC        ?C?FCASTL
  -------         ENDMOD        ?C?FCAST

  -------         MODULE        EXP
  C:125BH         PUBLIC        _EXP
  -------         ENDMOD        EXP

  -------         MODULE        LOG
  C:0DB7H         PUBLIC        _LOG
  C:0DB3H         PUBLIC        _LOG10
  -------         ENDMOD        LOG

  -------         MODULE        ?C?CLDPTR
  C:0472H         PUBLIC        ?C?CLDPTR
  -------         ENDMOD        ?C?CLDPTR

  -------         MODULE        ?C?ILDIX
  C:048BH         PUBLIC        ?C?ILDIX
  -------         ENDMOD        ?C?ILDIX

  -------         MODULE        ?C?ILDOPTR
  C:04A1H         PUBLIC        ?C?ILDOPTR
  -------         ENDMOD        ?C?ILDOPTR

  -------         MODULE        ?C?ISTOPTR
  C:04D9H         PUBLIC        ?C?ISTOPTR
  -------         ENDMOD        ?C?ISTOPTR

  -------         MODULE        ?C?LMUL
  C:0506H         PUBLIC        ?C?LMUL
  -------         ENDMOD        ?C?LMUL

  -------         MODULE        ?C?ULDIV
  C:0591H         PUBLIC        ?C?ULDIV
  -------         ENDMOD        ?C?ULDIV

  -------         MODULE        ?C?LNEG
  C:0623H         PUBLIC        ?C?LNEG
  -------         ENDMOD        ?C?LNEG

  -------         MODULE        ?C?ULCMP
  C:0631H         PUBLIC        ?C?ULCMP
  -------         ENDMOD        ?C?ULCMP

  -------         MODULE        ?C?ULSHR
  C:0642H         PUBLIC        ?C?ULSHR
  -------         ENDMOD        ?C?ULSHR

  -------         MODULE        ?C?LLDCODE
  C:0655H         PUBLIC        ?C?LLDCODE
  -------         ENDMOD        ?C?LLDCODE

  -------         MODULE        ?C?LLDXDATA0
  C:0665H         PUBLIC        ?C?LLDXDATA0
  -------         ENDMOD        ?C?LLDXDATA0
BL51 BANKED LINKER/LOCATER V6.22.4.0                                                  04/17/2025  18:33:25  PAGE 20



  -------         MODULE        ?C?LLDCODE0
  C:0671H         PUBLIC        ?C?LLDCODE0
  -------         ENDMOD        ?C?LLDCODE0

  -------         MODULE        ?C?LSTXDATA
  C:0681H         PUBLIC        ?C?LSTXDATA
  -------         ENDMOD        ?C?LSTXDATA

  -------         MODULE        ?C?LSTKXDATA
  C:068DH         PUBLIC        ?C?LSTKXDATA
  -------         ENDMOD        ?C?LSTKXDATA

  -------         MODULE        ?C?MEMSET
  C:06BEH         PUBLIC        ?C?MEMSET
  -------         ENDMOD        ?C?MEMSET

*** WARNING L16: UNCALLED SEGMENT, IGNORED FOR OVERLAY PROCESS
    SEGMENT: ?PR?DEBUG_INIT?DEBUG

*** WARNING L16: UNCALLED SEGMENT, IGNORED FOR OVERLAY PROCESS
    SEGMENT: ?PR?_USER_PRINTF?DEBUG

Program Size: data=9.7 xdata=94 code=6018
LINK/LOCATE RUN COMPLETE.  2 WARNING(S),  0 ERROR(S)
