BL51 BANKED LINKER/LOCATER V6.22.4.0                                                    10/14/2024  11:47:03  PAGE 1


BL51 BANKED LINKER/LOCATER V6.22.4.0, INVOKED BY:
C:\KEIL_V5\C51\BIN\BL51.EXE .\Release\Objects\STARTUP.obj, .\Release\Objects\system.obj, .\Release\Objects\main.obj, .\R
>> elease\Objects\pwm.obj, .\Release\Objects\adc.obj, .\Release\Objects\time0.obj, .\Release\Objects\debug.obj, .\Releas
>> e\Objects\timer1.obj, .\Release\Objects\rfdecode.obj TO .\Release\Objects\Demo PRINT (.\Release\Listings\Demo.m51) RA
>> MSIZE (256) CODE (0X0000-0X3EEF) XDATA (0X6000-0X66FF)


MEMORY MODEL: LARGE WITH FLOATING POINT ARITHMETIC


INPUT MODULES INCLUDED:
  .\Release\Objects\STARTUP.obj (?C_STARTUP)
  .\Release\Objects\system.obj (SYSTEM)
  .\Release\Objects\main.obj (MAIN)
  .\Release\Objects\pwm.obj (PWM)
  .\Release\Objects\adc.obj (ADC)
  .\Release\Objects\time0.obj (TIME0)
  .\Release\Objects\debug.obj (DEBUG)
  .\Release\Objects\timer1.obj (TIMER1)
  .\Release\Objects\rfdecode.obj (RFDECODE)
  C:\KEIL_V5\C51\LIB\C51FPL.LIB (?C?FPADD)
  C:\KEIL_V5\C51\LIB\C51FPL.LIB (?C?FPMUL)
  C:\KEIL_V5\C51\LIB\C51FPL.LIB (?C?FPDIV)
  C:\KEIL_V5\C51\LIB\C51FPL.LIB (?C?FPCMP)
  C:\KEIL_V5\C51\LIB\C51FPL.LIB (?C?FCAST)
  C:\KEIL_V5\C51\LIB\C51FPL.LIB (?C?CASTF)
  C:\KEIL_V5\C51\LIB\C51FPL.LIB (POW)
  C:\KEIL_V5\C51\LIB\C51FPL.LIB (?C?FPGETOPN)
  C:\KEIL_V5\C51\LIB\C51FPL.LIB (?C?CHKFLOAT)
  C:\KEIL_V5\C51\LIB\C51FPL.LIB (?C?FPNEG)
  C:\KEIL_V5\C51\LIB\C51FPL.LIB (EXP)
  C:\KEIL_V5\C51\LIB\C51FPL.LIB (LOG)
  C:\KEIL_V5\C51\LIB\C51FPL.LIB (?C?FPSERIES)
  C:\KEIL_V5\C51\LIB\C51L.LIB (?C_INIT)
  C:\KEIL_V5\C51\LIB\C51L.LIB (?C?ILDOPTR)
  C:\KEIL_V5\C51\LIB\C51L.LIB (?C?ISTOPTR)
  C:\KEIL_V5\C51\LIB\C51L.LIB (?C?LMUL)
  C:\KEIL_V5\C51\LIB\C51L.LIB (?C?ULDIV)
  C:\KEIL_V5\C51\LIB\C51L.LIB (?C?LNEG)
  C:\KEIL_V5\C51\LIB\C51L.LIB (?C?ULCMP)
  C:\KEIL_V5\C51\LIB\C51L.LIB (?C?ULSHR)
  C:\KEIL_V5\C51\LIB\C51L.LIB (?C?LSHL)
  C:\KEIL_V5\C51\LIB\C51L.LIB (?C?LLDCODE)
  C:\KEIL_V5\C51\LIB\C51L.LIB (?C?LLDXDATA0)
  C:\KEIL_V5\C51\LIB\C51L.LIB (?C?LLDCODE0)
  C:\KEIL_V5\C51\LIB\C51L.LIB (?C?LSTXDATA)
  C:\KEIL_V5\C51\LIB\C51L.LIB (?C?LSTKXDATA)
  C:\KEIL_V5\C51\LIB\C51L.LIB (?C?MEMSET)


LINK MAP OF MODULE:  .\Release\Objects\Demo (?C_STARTUP)


            TYPE    BASE      LENGTH    RELOCATION   SEGMENT NAME
            -----------------------------------------------------

            * * * * * * *   D A T A   M E M O R Y   * * * * * * *
            REG     0000H     0008H     ABSOLUTE     "REG BANK 0"
BL51 BANKED LINKER/LOCATER V6.22.4.0                                                  10/14/2024  11:47:03  PAGE 2


                    0008H     0018H                  *** GAP ***
            BIT     0020H.0   0000H.4   UNIT         ?BI?RFDECODE
            BIT     0020H.4   0000H.3   UNIT         _BIT_GROUP_
            BIT     0020H.7   0000H.2   UNIT         ?BI?PWM
            BIT     0021H.1   0000H.2   UNIT         ?BI?ADC
            BIT     0021H.3   0000H.1   UNIT         ?BI?TIME0
                    0021H.4   0000H.4                *** GAP ***
            IDATA   0022H     0001H     UNIT         ?STACK

            * * * * * * *  X D A T A   M E M O R Y  * * * * * * *
                    0000H     6000H                  *** GAP ***
            XDATA   6000H     0031H     UNIT         ?XD?ADC
            XDATA   6031H     0011H     UNIT         ?XD?MAIN
            XDATA   6042H     000EH     UNIT         _XDATA_GROUP_
            XDATA   6050H     0008H     UNIT         ?XD?RFDECODE
            XDATA   6058H     0004H     UNIT         ?XD?PWM
            XDATA   605CH     0004H     UNIT         ?XD?TIMER1
            XDATA   6060H     0001H     UNIT         ?XD?TIME0

            * * * * * * *   C O D E   M E M O R Y   * * * * * * *
            CODE    0000H     0003H     ABSOLUTE     
            CODE    0003H     000CH     ABSOLUTE     
            CODE    000FH     000DH     UNIT         ?PR?ADC_PIN_CONFIG?ADC
            CODE    001CH     0001H     UNIT         ?PR?RF_HANDLE?RFDECODE
                    001DH     0001H                  *** GAP ***
            CODE    001EH     0003H     ABSOLUTE     
            CODE    0021H     0003H     ABSOLUTE     
            CODE    0024H     0003H     ABSOLUTE     
            CODE    0027H     06AAH     UNIT         ?C?LIB_CODE
            CODE    06D1H     024AH     UNIT         ?PR?ADC_SCAN_ACCORDING_PIN9?ADC
            CODE    091BH     01DBH     UNIT         ?PR?MAIN?MAIN
            CODE    0AF6H     0166H     UNIT         ?PR?_POW?POW
            CODE    0C5CH     014CH     UNIT         ?PR?TIMR2_IRQHANDLER?RFDECODE
            CODE    0DA8H     0133H     UNIT         ?PR?_PUBBLE_SORT?ADC
            CODE    0EDBH     0129H     UNIT         ?PR?LOG?LOG
            CODE    1004H     011AH     UNIT         ?PR?ADC_SCAN?ADC
            CODE    111EH     0112H     UNIT         ?PR?SET_DUTY?ADC
            CODE    1230H     00ECH     UNIT         ?PR?__MY_ADJUST_PWM?PWM
            CODE    131CH     00CFH     UNIT         ?PR?SYSTEM_INIT?SYSTEM
            CODE    13EBH     00A7H     UNIT         ?PR?ADJUST_PWM_DUTY?PWM
            CODE    1492H     009AH     UNIT         ?PR?EXP?EXP
            CODE    152CH     0093H     UNIT         ?PR?GET_VOLTAGE_FROM_PIN?ADC
            CODE    15BFH     008CH     UNIT         ?C_C51STARTUP
            CODE    164BH     008CH     UNIT         ?PR?PWM_INIT?PWM
            CODE    16D7H     005CH     UNIT         ?PR?ACCORDING_PIN9_TO_ADJUST_PIN16?PWM
            CODE    1733H     0055H     UNIT         ?PR?TIMR1_IRQHANDLER?TIMER1
            CODE    1788H     004EH     UNIT         ?C_INITSEG
            CODE    17D6H     0046H     UNIT         ?PR?_ADC_SEL_PIN?ADC
            CODE    181CH     0040H     UNIT         ?PR?TMR1_CONFIG?TIMER1
            CODE    185CH     0032H     UNIT         ?PR?TIMR0_IRQHANDLER?TIME0
            CODE    188EH     002AH     UNIT         ?PR?ADC_SINGLE_GETVAL?ADC
            CODE    18B8H     0028H     UNIT         ?PR?TMR2_CONFIG?RFDECODE
            CODE    18E0H     0027H     UNIT         ?PR?__CLEAR_BUFF?ADC
            CODE    1907H     001BH     UNIT         ?PR?TMR0_CONFIG?TIME0
            CODE    1922H     0018H     UNIT         ?PR?_DELAY_MS?SYSTEM
            CODE    193AH     0014H     UNIT         ?PR?TMR0_DISABLE?TIME0
            CODE    194EH     0014H     UNIT         ?PR?TMR1_DISABLE?TIMER1
BL51 BANKED LINKER/LOCATER V6.22.4.0                                                  10/14/2024  11:47:03  PAGE 3


            CODE    1962H     0012H     UNIT         ?PR?REFRESH_PIN15_PWM_DUTY?PWM
            CODE    1974H     0012H     UNIT         ?PR?REFRESH_PIN14_PWM_DUTY?PWM
            CODE    1986H     0010H     UNIT         ?PR?TMR0_ENABLE?TIME0
            CODE    1996H     0010H     UNIT         ?PR?TMR1_ENABLE?TIMER1
            CODE    19A6H     000BH     UNIT         ?PR?_DELAY?SYSTEM
            CODE    19B1H     0006H     UNIT         ?PR?RF_SCAN?RFDECODE



OVERLAY MAP OF MODULE:   .\Release\Objects\Demo (?C_STARTUP)


SEGMENT                                           BIT_GROUP          XDATA_GROUP
  +--> CALLED SEGMENT                          START    LENGTH     START    LENGTH
----------------------------------------------------------------------------------
?C_C51STARTUP                                  -----    -----      -----    -----
  +--> ?PR?MAIN?MAIN
  +--> ?C_INITSEG

?PR?MAIN?MAIN                                  -----    -----      -----    -----
  +--> ?PR?SYSTEM_INIT?SYSTEM
  +--> ?PR?ADC_PIN_CONFIG?ADC
  +--> ?PR?TMR0_CONFIG?TIME0
  +--> ?PR?PWM_INIT?PWM
  +--> ?PR?TMR1_CONFIG?TIMER1
  +--> ?PR?TMR2_CONFIG?RFDECODE
  +--> ?PR?_POW?POW
  +--> ?PR?REFRESH_PIN14_PWM_DUTY?PWM
  +--> ?PR?_DELAY_MS?SYSTEM
  +--> ?PR?REFRESH_PIN15_PWM_DUTY?PWM
  +--> ?PR?ADC_SCAN?ADC
  +--> ?PR?SET_DUTY?ADC
  +--> ?PR?ACCORDING_PIN9_TO_ADJUST_PIN16?PWM

?PR?SYSTEM_INIT?SYSTEM                         -----    -----      -----    -----
  +--> ?PR?_DELAY?SYSTEM
  +--> ?PR?_DELAY_MS?SYSTEM

?PR?_DELAY_MS?SYSTEM                           -----    -----      -----    -----
  +--> ?PR?_DELAY?SYSTEM

?PR?_POW?POW                                   -----    -----      6042H    000AH
  +--> ?PR?LOG?LOG
  +--> ?PR?EXP?EXP

?PR?LOG?LOG                                    0020H.4  0000H.1    604CH    0004H

?PR?ADC_SCAN?ADC                               -----    -----      6042H    0005H
  +--> ?PR?_ADC_SEL_PIN?ADC
  +--> ?PR?GET_VOLTAGE_FROM_PIN?ADC
  +--> ?PR?__CLEAR_BUFF?ADC
  +--> ?PR?TMR1_ENABLE?TIMER1
  +--> ?PR?TMR1_DISABLE?TIMER1

?PR?_ADC_SEL_PIN?ADC                           -----    -----      -----    -----
  +--> ?PR?_DELAY_MS?SYSTEM

BL51 BANKED LINKER/LOCATER V6.22.4.0                                                  10/14/2024  11:47:03  PAGE 4


?PR?GET_VOLTAGE_FROM_PIN?ADC                   -----    -----      6048H    0005H
  +--> ?PR?ADC_SINGLE_GETVAL?ADC
  +--> ?PR?_DELAY_MS?SYSTEM

?PR?SET_DUTY?ADC                               -----    -----      -----    -----
  +--> ?PR?TMR0_ENABLE?TIME0
  +--> ?PR?_ADC_SEL_PIN?ADC
  +--> ?PR?ADC_SCAN_ACCORDING_PIN9?ADC
  +--> ?PR?ADJUST_PWM_DUTY?PWM
  +--> ?PR?TMR0_DISABLE?TIME0

?PR?ADC_SCAN_ACCORDING_PIN9?ADC                -----    -----      6042H    0005H
  +--> ?PR?_PUBBLE_SORT?ADC
  +--> ?PR?__MY_ADJUST_PWM?PWM

?PR?_PUBBLE_SORT?ADC                           -----    -----      6047H    0007H

?PR?__MY_ADJUST_PWM?PWM                        -----    -----      6047H    0008H

?PR?ADJUST_PWM_DUTY?PWM                        -----    -----      -----    -----
  +--> ?PR?REFRESH_PIN14_PWM_DUTY?PWM
  +--> ?PR?REFRESH_PIN15_PWM_DUTY?PWM
  +--> ?PR?_DELAY_MS?SYSTEM

?PR?ACCORDING_PIN9_TO_ADJUST_PIN16?PWM         -----    -----      6042H    0006H
  +--> ?PR?_ADC_SEL_PIN?ADC
  +--> ?PR?GET_VOLTAGE_FROM_PIN?ADC

*** NEW ROOT ***************************************************

?PR?TIMR2_IRQHANDLER?RFDECODE                  0020H.5  0000H.2    -----    -----



SYMBOL TABLE OF MODULE:  .\Release\Objects\Demo (?C_STARTUP)

  VALUE           TYPE          NAME
  ----------------------------------

  -------         MODULE        ?C_STARTUP
  C:15BFH         SEGMENT       ?C_C51STARTUP
  I:0022H         SEGMENT       ?STACK
  C:0000H         PUBLIC        ?C_STARTUP
  D:00E0H         SYMBOL        ACC
  D:00F0H         SYMBOL        B
  D:0083H         SYMBOL        DPH
  D:0082H         SYMBOL        DPL
  N:0000H         SYMBOL        IBPSTACK
  N:0100H         SYMBOL        IBPSTACKTOP
  N:0080H         SYMBOL        IDATALEN
  C:15C2H         SYMBOL        IDATALOOP
  N:0000H         SYMBOL        PBPSTACK
  N:0100H         SYMBOL        PBPSTACKTOP
  N:0000H         SYMBOL        PDATALEN
  N:0000H         SYMBOL        PDATASTART
  N:0000H         SYMBOL        PPAGE
  N:0000H         SYMBOL        PPAGEENABLE
BL51 BANKED LINKER/LOCATER V6.22.4.0                                                  10/14/2024  11:47:03  PAGE 5


  D:00A0H         SYMBOL        PPAGE_SFR
  D:0081H         SYMBOL        SP
  C:15BFH         SYMBOL        STARTUP1
  N:0000H         SYMBOL        XBPSTACK
  N:0000H         SYMBOL        XBPSTACKTOP
  N:0000H         SYMBOL        XDATALEN
  N:0000H         SYMBOL        XDATASTART
  C:0000H         LINE#         126
  C:15BFH         LINE#         133
  C:15C1H         LINE#         134
  C:15C2H         LINE#         135
  C:15C3H         LINE#         136
  C:15C5H         LINE#         185
  C:15C8H         LINE#         196
  -------         ENDMOD        ?C_STARTUP

  -------         MODULE        SYSTEM
  C:0000H         SYMBOL        _ICE_DUMMY_
  D:00A7H         PUBLIC        FLASH_TIMEREG0
  C:19A6H         PUBLIC        _delay
  D:00ACH         PUBLIC        FLASH_TIMEREG1
  C:131CH         PUBLIC        system_init
  C:1922H         PUBLIC        _delay_ms
  -------         PROC          _DELAY
  D:0006H         SYMBOL        cnt
  C:19A6H         LINE#         37
  C:19A6H         LINE#         38
  C:19A6H         LINE#         39
  C:19B0H         LINE#         40
  C:19B0H         LINE#         41
  C:19B0H         LINE#         42
  -------         ENDPROC       _DELAY
  -------         PROC          _DELAY_MS
  D:0002H         SYMBOL        ms
  C:1922H         LINE#         49
  C:1926H         LINE#         50
  C:1926H         LINE#         51
  C:1930H         LINE#         52
  C:1930H         LINE#         53
  C:1937H         LINE#         54
  C:1939H         LINE#         55
  -------         ENDPROC       _DELAY_MS
  -------         PROC          SYSTEM_INIT
  -------         DO            
  D:0007H         SYMBOL        i
  -------         ENDDO         
  C:131CH         LINE#         62
  C:131CH         LINE#         63
  C:131CH         LINE#         66
  C:1323H         LINE#         67
  C:1330H         LINE#         68
  C:1333H         LINE#         69
  C:1336H         LINE#         70
  C:133CH         LINE#         71
  C:1342H         LINE#         72
  C:1348H         LINE#         76
  C:134AH         LINE#         77
BL51 BANKED LINKER/LOCATER V6.22.4.0                                                  10/14/2024  11:47:03  PAGE 6


  C:134AH         LINE#         78
  C:1357H         LINE#         79
  C:135CH         LINE#         81
  C:13EAH         LINE#         82
  -------         ENDPROC       SYSTEM_INIT
  -------         ENDMOD        SYSTEM

  -------         MODULE        MAIN
  C:0000H         SYMBOL        _ICE_DUMMY_
  C:091BH         PUBLIC        main
  X:6031H         PUBLIC        flag_cur_use_pwm
  X:6032H         PUBLIC        r_ms
  B:0090H.4       PUBLIC        P14
  D:00D9H         PUBLIC        WDT_KEY
  X:6036H         PUBLIC        step
  X:603AH         PUBLIC        mi
  X:603EH         PUBLIC        rus
  -------         PROC          MAIN
  C:091BH         LINE#         59
  C:091BH         LINE#         60
  C:091BH         LINE#         62
  C:091EH         LINE#         64
  C:0921H         LINE#         79
  C:0924H         LINE#         81
  C:0927H         LINE#         82
  C:092AH         LINE#         83
  C:092DH         LINE#         84
  C:0930H         LINE#         89
  C:0932H         LINE#         90
  C:0939H         LINE#         92
  C:0949H         LINE#         93
  C:0949H         LINE#         94
  C:095CH         LINE#         95
  C:095CH         LINE#         96
  C:0962H         LINE#         97
  C:0962H         LINE#         98
  C:0962H         LINE#         99
  C:0962H         LINE#         100
  C:096EH         LINE#         101
  C:096EH         LINE#         102
  C:09A0H         LINE#         103
  C:09BDH         LINE#         104
  C:09F1H         LINE#         105
  C:09F1H         LINE#         106
  C:0A00H         LINE#         107
  C:0A00H         LINE#         108
  C:0A07H         LINE#         109
  C:0A07H         LINE#         111
  C:0A0AH         LINE#         112
  C:0A11H         LINE#         113
  C:0A14H         LINE#         114
  C:0A14H         LINE#         115
  C:0A1DH         LINE#         116
  C:0A1DH         LINE#         117
  C:0A30H         LINE#         118
  C:0A30H         LINE#         119
  C:0A36H         LINE#         120
BL51 BANKED LINKER/LOCATER V6.22.4.0                                                  10/14/2024  11:47:03  PAGE 7


  C:0A36H         LINE#         121
  C:0A36H         LINE#         122
  C:0A36H         LINE#         123
  C:0A42H         LINE#         124
  C:0A42H         LINE#         125
  C:0A74H         LINE#         126
  C:0A91H         LINE#         127
  C:0AC5H         LINE#         128
  C:0AC5H         LINE#         129
  C:0AD4H         LINE#         130
  C:0AD4H         LINE#         131
  C:0ADBH         LINE#         132
  C:0ADBH         LINE#         134
  C:0ADEH         LINE#         135
  C:0AE1H         LINE#         136
  C:0AE8H         LINE#         137
  C:0AEBH         LINE#         138
  C:0AEBH         LINE#         143
  C:0AEBH         LINE#         144
  C:0AEBH         LINE#         147
  C:0AEEH         LINE#         148
  C:0AF1H         LINE#         149
  C:0AF4H         LINE#         150
  -------         ENDPROC       MAIN
  -------         ENDMOD        MAIN

  -------         MODULE        PWM
  C:0000H         SYMBOL        _ICE_DUMMY_
  C:1230H         PUBLIC        __My_Adjust_Pwm
  B:0090H.4       PUBLIC        P14
  X:6058H         PUBLIC        adjust_duty
  B:0020H.7       PUBLIC        jump_flag
  B:0021H.0       PUBLIC        max_flag
  C:16D7H         PUBLIC        according_pin9_to_adjust_pin16
  C:1974H         PUBLIC        refresh_pin14_pwm_duty
  C:1962H         PUBLIC        refresh_pin15_pwm_duty
  C:164BH         PUBLIC        pwm_init
  C:13EBH         PUBLIC        adjust_pwm_duty
  X:605AH         PUBLIC        cur_duty
  -------         PROC          PWM_INIT
  C:164BH         LINE#         9
  C:164BH         LINE#         10
  C:164BH         LINE#         11
  C:1651H         LINE#         13
  C:1656H         LINE#         14
  C:165BH         LINE#         15
  C:165FH         LINE#         16
  C:1663H         LINE#         17
  C:1665H         LINE#         18
  C:166BH         LINE#         20
  C:1671H         LINE#         21
  C:1677H         LINE#         22
  C:167DH         LINE#         23
  C:1683H         LINE#         24
  C:1689H         LINE#         25
  C:168FH         LINE#         26
  C:1693H         LINE#         27
BL51 BANKED LINKER/LOCATER V6.22.4.0                                                  10/14/2024  11:47:03  PAGE 8


  C:1697H         LINE#         28
  C:169BH         LINE#         29
  C:16A0H         LINE#         30
  C:16A6H         LINE#         33
  C:16ACH         LINE#         34
  C:16B1H         LINE#         35
  C:16B6H         LINE#         36
  C:16BAH         LINE#         37
  C:16BEH         LINE#         38
  C:16C0H         LINE#         39
  C:16C6H         LINE#         40
  C:16CCH         LINE#         41
  C:16D0H         LINE#         42
  C:16D6H         LINE#         43
  -------         ENDPROC       PWM_INIT
  -------         PROC          REFRESH_PIN15_PWM_DUTY
  C:1962H         LINE#         46
  C:1962H         LINE#         47
  C:1962H         LINE#         48
  C:1969H         LINE#         49
  C:196DH         LINE#         50
  C:1973H         LINE#         51
  -------         ENDPROC       REFRESH_PIN15_PWM_DUTY
  -------         PROC          REFRESH_PIN14_PWM_DUTY
  C:1974H         LINE#         54
  C:1974H         LINE#         55
  C:1974H         LINE#         56
  C:197BH         LINE#         57
  C:197FH         LINE#         58
  C:1985H         LINE#         59
  -------         ENDPROC       REFRESH_PIN14_PWM_DUTY
  -------         PROC          __MY_ADJUST_PWM
  X:6047H         SYMBOL        Val
  -------         DO            
  X:604BH         SYMBOL        P9_Vol
  -------         ENDDO         
  C:1230H         LINE#         62
  C:1236H         LINE#         63
  C:1236H         LINE#         64
  C:1255H         LINE#         74
  C:1272H         LINE#         75
  C:1272H         LINE#         77
  C:127EH         LINE#         79
  C:127EH         LINE#         80
  C:1288H         LINE#         81
  C:128AH         LINE#         82
  C:1290H         LINE#         83
  C:1290H         LINE#         84
  C:129AH         LINE#         85
  C:129AH         LINE#         87
  C:129CH         LINE#         88
  C:129EH         LINE#         111
  C:12B9H         LINE#         112
  C:12B9H         LINE#         117
  C:12C5H         LINE#         119
  C:12C5H         LINE#         120
  C:12CEH         LINE#         121
BL51 BANKED LINKER/LOCATER V6.22.4.0                                                  10/14/2024  11:47:03  PAGE 9


  C:12CEH         LINE#         122
  C:12D0H         LINE#         123
  C:12D6H         LINE#         124
  C:12D6H         LINE#         125
  C:12E0H         LINE#         126
  C:12E2H         LINE#         127
  C:12E2H         LINE#         129
  C:12F7H         LINE#         130
  C:12F9H         LINE#         131
  C:12F9H         LINE#         135
  C:1316H         LINE#         136
  C:1316H         LINE#         137
  C:1318H         LINE#         138
  C:1319H         LINE#         140
  C:1319H         LINE#         141
  C:131BH         LINE#         142
  C:131BH         LINE#         143
  -------         ENDPROC       __MY_ADJUST_PWM
  -------         PROC          ACCORDING_PIN9_TO_ADJUST_PIN16
  -------         DO            
  X:6042H         SYMBOL        i
  X:6043H         SYMBOL        cnt
  X:6044H         SYMBOL        adc_aver_val
  -------         ENDDO         
  C:16D7H         LINE#         146
  C:16D7H         LINE#         147
  C:16D7H         LINE#         148
  C:16DCH         LINE#         149
  C:16DEH         LINE#         150
  C:16E6H         LINE#         151
  C:16EBH         LINE#         154
  C:16F0H         LINE#         155
  C:16F0H         LINE#         156
  C:16F9H         LINE#         157
  C:1714H         LINE#         158
  C:1714H         LINE#         160
  C:171AH         LINE#         161
  C:171AH         LINE#         162
  C:1726H         LINE#         165
  C:172DH         LINE#         166
  C:172DH         LINE#         168
  C:172FH         LINE#         169
  C:1730H         LINE#         171
  C:1730H         LINE#         172
  C:1732H         LINE#         173
  C:1732H         LINE#         174
  -------         ENDPROC       ACCORDING_PIN9_TO_ADJUST_PIN16
  -------         PROC          ADJUST_PWM_DUTY
  C:13EBH         LINE#         177
  C:13EBH         LINE#         178
  C:13EBH         LINE#         179
  C:1400H         LINE#         180
  C:1400H         LINE#         181
  C:140CH         LINE#         182
  C:140CH         LINE#         183
  C:1421H         LINE#         184
  C:1421H         LINE#         185
BL51 BANKED LINKER/LOCATER V6.22.4.0                                                  10/14/2024  11:47:03  PAGE 10


  C:142DH         LINE#         186
  C:142DH         LINE#         188
  C:1434H         LINE#         189
  C:1434H         LINE#         190
  C:1437H         LINE#         191
  C:1439H         LINE#         192
  C:1440H         LINE#         193
  C:1440H         LINE#         194
  C:1440H         LINE#         195
  C:1442H         LINE#         196
  C:1448H         LINE#         197
  C:1448H         LINE#         198
  C:144BH         LINE#         199
  C:144EH         LINE#         200
  C:144EH         LINE#         202
  C:145AH         LINE#         203
  C:145AH         LINE#         204
  C:1469H         LINE#         205
  C:1469H         LINE#         207
  C:146BH         LINE#         208
  C:146DH         LINE#         210
  C:146DH         LINE#         212
  C:146FH         LINE#         213
  C:146FH         LINE#         214
  C:1471H         LINE#         215
  C:1477H         LINE#         216
  C:1477H         LINE#         217
  C:1486H         LINE#         218
  C:1486H         LINE#         219
  C:1488H         LINE#         220
  C:148AH         LINE#         222
  C:148AH         LINE#         223
  C:1491H         LINE#         224
  C:1491H         LINE#         225
  C:1491H         LINE#         226
  -------         ENDPROC       ADJUST_PWM_DUTY
  -------         ENDMOD        PWM

  -------         MODULE        ADC
  C:0000H         SYMBOL        _ICE_DUMMY_
  X:6000H         PUBLIC        adc0_val
  X:6002H         PUBLIC        index
  C:06D1H         PUBLIC        adc_scan_according_pin9
  C:000FH         PUBLIC        adc_pin_config
  C:1004H         PUBLIC        adc_scan
  D:0099H         PUBLIC        ADC_CHS0
  X:6003H         PUBLIC        index_jump
  D:0093H         PUBLIC        ADC_DATAH0
  X:6004H         PUBLIC        temp_status
  D:0094H         PUBLIC        ADC_DATAL0
  C:18E0H         PUBLIC        __clear_buff
  X:6005H         PUBLIC        Vol_val
  C:152CH         PUBLIC        get_voltage_from_pin
  C:0DA8H         PUBLIC        _Pubble_Sort
  X:6009H         PUBLIC        Vol_val_all
  X:601DH         PUBLIC        Vol_val_jump
  C:111EH         PUBLIC        set_duty
BL51 BANKED LINKER/LOCATER V6.22.4.0                                                  10/14/2024  11:47:03  PAGE 11


  C:188EH         PUBLIC        adc_single_getval
  C:17D6H         PUBLIC        _adc_sel_pin
  -------         PROC          _PUBBLE_SORT
  D:0001H         SYMBOL        arr
  X:6047H         SYMBOL        length
  -------         DO            
  X:6048H         SYMBOL        i
  X:604AH         SYMBOL        j
  -------         DO            
  X:604CH         SYMBOL        temp
  -------         ENDDO         
  -------         ENDDO         
  C:0DA8H         LINE#         15
  C:0DADH         LINE#         16
  C:0DADH         LINE#         17
  C:0DB2H         LINE#         18
  C:0DB6H         LINE#         19
  C:0DDDH         LINE#         20
  C:0DDDH         LINE#         21
  C:0E11H         LINE#         22
  C:0E11H         LINE#         23
  C:0E42H         LINE#         24
  C:0E42H         LINE#         25
  C:0E60H         LINE#         26
  C:0E8CH         LINE#         27
  C:0EB2H         LINE#         28
  C:0EB2H         LINE#         29
  C:0EC6H         LINE#         30
  C:0EDAH         LINE#         31
  -------         ENDPROC       _PUBBLE_SORT
  -------         PROC          ADC_PIN_CONFIG
  C:000FH         LINE#         34
  C:000FH         LINE#         35
  C:000FH         LINE#         37
  C:0015H         LINE#         40
  C:001BH         LINE#         41
  -------         ENDPROC       ADC_PIN_CONFIG
  -------         PROC          _ADC_SEL_PIN
  D:0007H         SYMBOL        adc_sel
  C:17D6H         LINE#         47
  C:17D6H         LINE#         48
  C:17D6H         LINE#         50
  C:17DDH         LINE#         52
  C:17E5H         LINE#         53
  C:17E5H         LINE#         54
  C:17E5H         LINE#         57
  C:17ECH         LINE#         58
  C:17F0H         LINE#         60
  C:17F6H         LINE#         64
  C:17F9H         LINE#         66
  C:17F9H         LINE#         68
  C:17FBH         LINE#         70
  C:17FBH         LINE#         73
  C:1802H         LINE#         74
  C:1806H         LINE#         76
  C:180CH         LINE#         79
  C:180FH         LINE#         81
BL51 BANKED LINKER/LOCATER V6.22.4.0                                                  10/14/2024  11:47:03  PAGE 12


  C:1815H         LINE#         83
  C:1815H         LINE#         84
  C:1815H         LINE#         86
  -------         ENDPROC       _ADC_SEL_PIN
  -------         PROC          ADC_SINGLE_GETVAL
  C:188EH         LINE#         92
  C:188EH         LINE#         93
  C:188EH         LINE#         94
  C:1894H         LINE#         95
  C:189AH         LINE#         97
  C:18B4H         LINE#         98
  C:18B7H         LINE#         99
  -------         ENDPROC       ADC_SINGLE_GETVAL
  -------         PROC          __CLEAR_BUFF
  C:18E0H         LINE#         103
  C:18E0H         LINE#         104
  C:18E0H         LINE#         106
  C:18EFH         LINE#         107
  C:18F4H         LINE#         109
  C:1901H         LINE#         110
  C:1906H         LINE#         111
  -------         ENDPROC       __CLEAR_BUFF
  -------         PROC          ADC_SCAN_ACCORDING_PIN9
  -------         DO            
  X:6042H         SYMBOL        sum
  X:6046H         SYMBOL        i
  -------         ENDDO         
  -------         DO            
  X:6042H         SYMBOL        sum
  X:6046H         SYMBOL        i
  -------         ENDDO         
  C:06D1H         LINE#         114
  C:06D1H         LINE#         115
  C:06D1H         LINE#         116
  C:06D7H         LINE#         117
  C:06DDH         LINE#         119
  C:06E0H         LINE#         120
  C:06FAH         LINE#         123
  C:0754H         LINE#         124
  C:0754H         LINE#         125
  C:0770H         LINE#         126
  C:0776H         LINE#         127
  C:0778H         LINE#         129
  C:0778H         LINE#         130
  C:0794H         LINE#         131
  C:079AH         LINE#         134
  C:07A9H         LINE#         135
  C:07AEH         LINE#         136
  C:07AEH         LINE#         139
  C:07BAH         LINE#         140
  C:07BAH         LINE#         141
  C:07C4H         LINE#         142
  C:07C9H         LINE#         144
  C:07D6H         LINE#         145
  C:07DBH         LINE#         147
  C:07E6H         LINE#         156
  C:07ECH         LINE#         157
BL51 BANKED LINKER/LOCATER V6.22.4.0                                                  10/14/2024  11:47:03  PAGE 13


  C:07ECH         LINE#         158
  C:0821H         LINE#         159
  C:082BH         LINE#         161
  C:0848H         LINE#         163
  C:0852H         LINE#         164
  C:0856H         LINE#         165
  C:0856H         LINE#         166
  C:0859H         LINE#         168
  C:0859H         LINE#         169
  C:0865H         LINE#         170
  C:0865H         LINE#         171
  C:086FH         LINE#         172
  C:0874H         LINE#         174
  C:0881H         LINE#         175
  C:0886H         LINE#         177
  C:0891H         LINE#         179
  C:0897H         LINE#         180
  C:0897H         LINE#         181
  C:08CCH         LINE#         182
  C:08D6H         LINE#         184
  C:08F3H         LINE#         186
  C:08FDH         LINE#         187
  C:0902H         LINE#         188
  C:0913H         LINE#         189
  C:0913H         LINE#         190
  C:0913H         LINE#         192
  C:091AH         LINE#         193
  -------         ENDPROC       ADC_SCAN_ACCORDING_PIN9
  -------         PROC          GET_VOLTAGE_FROM_PIN
  -------         DO            
  X:6048H         SYMBOL        i
  X:6049H         SYMBOL        adc_aver_val
  -------         ENDDO         
  C:152CH         LINE#         196
  C:152CH         LINE#         197
  C:152CH         LINE#         198
  C:1531H         LINE#         199
  C:1539H         LINE#         201
  C:153EH         LINE#         202
  C:153EH         LINE#         203
  C:1541H         LINE#         206
  C:156CH         LINE#         207
  C:1575H         LINE#         208
  C:1575H         LINE#         209
  C:158CH         LINE#         210
  C:158CH         LINE#         211
  C:1593H         LINE#         212
  C:159FH         LINE#         219
  -------         ENDPROC       GET_VOLTAGE_FROM_PIN
  -------         PROC          ADC_SCAN
  -------         DO            
  X:6042H         SYMBOL        voltage
  -------         DO            
  X:6046H         SYMBOL        i
  -------         ENDDO         
  -------         DO            
  B:0021H.1       SYMBOL        tmr1_is_open
BL51 BANKED LINKER/LOCATER V6.22.4.0                                                  10/14/2024  11:47:03  PAGE 14


  -------         DO            
  X:6046H         SYMBOL        i
  -------         ENDDO         
  -------         ENDDO         
  -------         ENDDO         
  C:1004H         LINE#         222
  C:1004H         LINE#         223
  C:1004H         LINE#         224
  C:100EH         LINE#         229
  C:1019H         LINE#         230
  C:1019H         LINE#         232
  C:1019H         LINE#         234
  C:1020H         LINE#         235
  C:1025H         LINE#         236
  C:102EH         LINE#         243
  C:104EH         LINE#         244
  C:104EH         LINE#         248
  C:1053H         LINE#         249
  C:1054H         LINE#         250
  C:1054H         LINE#         251
  C:105DH         LINE#         252
  C:1078H         LINE#         253
  C:1078H         LINE#         255
  C:107EH         LINE#         257
  C:107EH         LINE#         258
  C:108AH         LINE#         265
  C:1090H         LINE#         266
  C:1093H         LINE#         268
  C:1093H         LINE#         269
  C:109EH         LINE#         270
  C:109EH         LINE#         274
  C:10A1H         LINE#         275
  C:10A1H         LINE#         276
  C:10A3H         LINE#         277
  C:10ADH         LINE#         278
  C:10B0H         LINE#         279
  C:10B0H         LINE#         301
  C:10CBH         LINE#         302
  C:10CBH         LINE#         303
  C:10D0H         LINE#         309
  C:10D1H         LINE#         310
  C:10D1H         LINE#         311
  C:10DAH         LINE#         312
  C:10F5H         LINE#         313
  C:10F5H         LINE#         315
  C:10FCH         LINE#         317
  C:10FCH         LINE#         318
  C:1108H         LINE#         322
  C:110EH         LINE#         323
  C:1111H         LINE#         324
  C:111BH         LINE#         325
  C:111DH         LINE#         327
  C:111DH         LINE#         329
  C:111DH         LINE#         330
  -------         ENDPROC       ADC_SCAN
  -------         PROC          SET_DUTY
  -------         DO            
BL51 BANKED LINKER/LOCATER V6.22.4.0                                                  10/14/2024  11:47:03  PAGE 15


  B:0021H.2       SYMBOL        tmr0_is_open
  -------         ENDDO         
  C:111EH         LINE#         333
  C:111EH         LINE#         334
  C:111EH         LINE#         338
  C:1124H         LINE#         339
  C:1124H         LINE#         340
  C:1127H         LINE#         341
  C:1127H         LINE#         342
  C:1129H         LINE#         343
  C:112CH         LINE#         344
  C:112CH         LINE#         346
  C:1132H         LINE#         347
  C:1132H         LINE#         348
  C:1134H         LINE#         349
  C:113BH         LINE#         350
  C:1140H         LINE#         351
  C:1143H         LINE#         353
  C:115AH         LINE#         354
  C:115AH         LINE#         355
  C:115DH         LINE#         356
  C:115FH         LINE#         357
  C:115FH         LINE#         362
  C:115FH         LINE#         363
  C:1167H         LINE#         364
  C:1167H         LINE#         366
  C:116AH         LINE#         367
  C:116CH         LINE#         370
  C:1178H         LINE#         372
  C:1178H         LINE#         373
  C:1182H         LINE#         374
  C:1199H         LINE#         375
  C:1199H         LINE#         376
  C:119CH         LINE#         377
  C:119EH         LINE#         378
  C:119EH         LINE#         379
  C:11A7H         LINE#         380
  C:11A7H         LINE#         382
  C:11B1H         LINE#         383
  C:11C5H         LINE#         384
  C:11C5H         LINE#         385
  C:11C8H         LINE#         386
  C:11CAH         LINE#         387
  C:11CAH         LINE#         388
  C:11CAH         LINE#         389
  C:11D2H         LINE#         390
  C:11D2H         LINE#         391
  C:11D5H         LINE#         392
  C:11D7H         LINE#         395
  C:11E3H         LINE#         397
  C:11E3H         LINE#         398
  C:11EDH         LINE#         399
  C:1201H         LINE#         400
  C:1201H         LINE#         401
  C:1204H         LINE#         402
  C:1206H         LINE#         403
  C:1206H         LINE#         404
BL51 BANKED LINKER/LOCATER V6.22.4.0                                                  10/14/2024  11:47:03  PAGE 16


  C:120CH         LINE#         405
  C:120CH         LINE#         407
  C:1216H         LINE#         408
  C:122AH         LINE#         409
  C:122AH         LINE#         410
  C:122DH         LINE#         411
  C:122FH         LINE#         412
  C:122FH         LINE#         413
  C:122FH         LINE#         414
  -------         ENDPROC       SET_DUTY
  -------         ENDMOD        ADC

  -------         MODULE        TIME0
  C:0000H         SYMBOL        _ICE_DUMMY_
  C:185CH         PUBLIC        TIMR0_IRQHandler
  B:0021H.3       PUBLIC        tmr0_flag
  X:6060H         PUBLIC        ms_cnt
  D:00D1H         PUBLIC        TMR_ALLCON
  C:193AH         PUBLIC        tmr0_disable
  D:00A8H         PUBLIC        IE0
  D:00A9H         PUBLIC        IE1
  D:00AAH         PUBLIC        IE2
  D:00ABH         PUBLIC        IE3
  D:00B8H         PUBLIC        IP0
  D:00B1H         PUBLIC        IP1
  D:00B2H         PUBLIC        IP2
  D:00B3H         PUBLIC        IP3
  D:00B4H         PUBLIC        IP4
  D:00B5H         PUBLIC        IP5
  D:00B6H         PUBLIC        IP6
  C:1986H         PUBLIC        tmr0_enable
  D:00B7H         PUBLIC        IP7
  C:1907H         PUBLIC        tmr0_config
  B:00A8H.7       PUBLIC        IE_EA
  -------         PROC          TMR0_CONFIG
  C:1907H         LINE#         12
  C:1907H         LINE#         13
  C:1907H         LINE#         14
  C:190AH         LINE#         15
  C:190CH         LINE#         19
  C:190FH         LINE#         20
  C:1914H         LINE#         21
  C:1918H         LINE#         22
  C:191DH         LINE#         23
  C:1921H         LINE#         24
  -------         ENDPROC       TMR0_CONFIG
  -------         PROC          TMR0_ENABLE
  C:1986H         LINE#         29
  C:1986H         LINE#         30
  C:1986H         LINE#         32
  C:198CH         LINE#         33
  C:1990H         LINE#         35
  C:1993H         LINE#         36
  C:1995H         LINE#         37
  -------         ENDPROC       TMR0_ENABLE
  -------         PROC          TMR0_DISABLE
  C:193AH         LINE#         42
BL51 BANKED LINKER/LOCATER V6.22.4.0                                                  10/14/2024  11:47:03  PAGE 17


  C:193AH         LINE#         43
  C:193AH         LINE#         45
  C:1940H         LINE#         46
  C:1944H         LINE#         49
  C:1948H         LINE#         50
  C:194AH         LINE#         52
  C:194DH         LINE#         53
  -------         ENDPROC       TMR0_DISABLE
  -------         PROC          TIMR0_IRQHANDLER
  C:185CH         LINE#         56
  C:1869H         LINE#         59
  C:1869H         LINE#         64
  C:186FH         LINE#         65
  C:186FH         LINE#         66
  C:1873H         LINE#         68
  C:1879H         LINE#         70
  C:187FH         LINE#         71
  C:187FH         LINE#         73
  C:1881H         LINE#         74
  C:1883H         LINE#         75
  C:1883H         LINE#         76
  C:1883H         LINE#         79
  C:1883H         LINE#         80
  -------         ENDPROC       TIMR0_IRQHANDLER
  -------         ENDMOD        TIME0

  -------         MODULE        DEBUG
  C:0000H         SYMBOL        _ICE_DUMMY_
  -------         ENDMOD        DEBUG

  -------         MODULE        TIMER1
  C:0000H         SYMBOL        _ICE_DUMMY_
  C:1733H         PUBLIC        TIMR1_IRQHandler
  X:605CH         PUBLIC        tmr1_cnt
  D:00A8H         PUBLIC        IE0
  C:194EH         PUBLIC        tmr1_disable
  D:00A9H         PUBLIC        IE1
  D:00AAH         PUBLIC        IE2
  D:00ABH         PUBLIC        IE3
  D:00B8H         PUBLIC        IP0
  D:00B1H         PUBLIC        IP1
  D:00B2H         PUBLIC        IP2
  D:00B3H         PUBLIC        IP3
  D:00B4H         PUBLIC        IP4
  D:00B5H         PUBLIC        IP5
  D:00B6H         PUBLIC        IP6
  D:00B7H         PUBLIC        IP7
  C:1996H         PUBLIC        tmr1_enable
  C:181CH         PUBLIC        tmr1_config
  B:00A8H.7       PUBLIC        IE_EA
  -------         PROC          TMR1_CONFIG
  C:181CH         LINE#         12
  C:181CH         LINE#         13
  C:181CH         LINE#         14
  C:1822H         LINE#         16
  C:1828H         LINE#         19
  C:182CH         LINE#         20
BL51 BANKED LINKER/LOCATER V6.22.4.0                                                  10/14/2024  11:47:03  PAGE 18


  C:1830H         LINE#         21
  C:1834H         LINE#         23
  C:1839H         LINE#         24
  C:183DH         LINE#         27
  C:1842H         LINE#         28
  C:1846H         LINE#         31
  C:184AH         LINE#         32
  C:184CH         LINE#         34
  C:1852H         LINE#         36
  C:1856H         LINE#         39
  C:1859H         LINE#         40
  C:185BH         LINE#         41
  -------         ENDPROC       TMR1_CONFIG
  -------         PROC          TMR1_ENABLE
  C:1996H         LINE#         46
  C:1996H         LINE#         47
  C:1996H         LINE#         49
  C:199CH         LINE#         50
  C:19A0H         LINE#         52
  C:19A3H         LINE#         53
  C:19A5H         LINE#         54
  -------         ENDPROC       TMR1_ENABLE
  -------         PROC          TMR1_DISABLE
  C:194EH         LINE#         59
  C:194EH         LINE#         60
  C:194EH         LINE#         62
  C:1954H         LINE#         63
  C:1958H         LINE#         66
  C:195CH         LINE#         67
  C:195EH         LINE#         69
  C:1961H         LINE#         70
  -------         ENDPROC       TMR1_DISABLE
  -------         PROC          TIMR1_IRQHANDLER
  C:1733H         LINE#         73
  C:174AH         LINE#         76
  C:174AH         LINE#         81
  C:1750H         LINE#         82
  C:1750H         LINE#         83
  C:1754H         LINE#         85
  C:1773H         LINE#         86
  C:1773H         LINE#         89
  C:1773H         LINE#         90
  -------         ENDPROC       TIMR1_IRQHANDLER
  -------         ENDMOD        TIMER1

  -------         MODULE        RFDECODE
  C:0000H         SYMBOL        _ICE_DUMMY_
  C:0C5CH         PUBLIC        TIMR2_IRQHandler
  D:00D1H         PUBLIC        TMR_ALLCON
  B:0020H.3       PUBLIC        is_recv_rf_data
  C:001CH         PUBLIC        rf_handle
  B:0080H.0       PUBLIC        P00
  D:00A8H         PUBLIC        IE0
  D:00A9H         PUBLIC        IE1
  D:00AAH         PUBLIC        IE2
  D:00ABH         PUBLIC        IE3
  D:00B8H         PUBLIC        IP0
BL51 BANKED LINKER/LOCATER V6.22.4.0                                                  10/14/2024  11:47:03  PAGE 19


  D:00B1H         PUBLIC        IP1
  D:00B2H         PUBLIC        IP2
  D:00B3H         PUBLIC        IP3
  D:00B4H         PUBLIC        IP4
  D:00B5H         PUBLIC        IP5
  D:00B6H         PUBLIC        IP6
  D:00B7H         PUBLIC        IP7
  X:6054H         PUBLIC        rf_data
  C:19B1H         PUBLIC        rf_scan
  C:18B8H         PUBLIC        tmr2_config
  B:00A8H.7       PUBLIC        IE_EA
  -------         PROC          TMR2_CONFIG
  C:18B8H         LINE#         14
  C:18B8H         LINE#         15
  C:18B8H         LINE#         16
  C:18BBH         LINE#         17
  C:18BDH         LINE#         21
  C:18C0H         LINE#         22
  C:18C5H         LINE#         23
  C:18CBH         LINE#         24
  C:18D1H         LINE#         25
  C:18D7H         LINE#         27
  C:18DBH         LINE#         28
  C:18DFH         LINE#         29
  -------         ENDPROC       TMR2_CONFIG
  -------         PROC          RF_SCAN
  C:19B1H         LINE#         32
  C:19B1H         LINE#         33
  C:19B1H         LINE#         34
  C:19B4H         LINE#         35
  C:19B4H         LINE#         38
  C:19B6H         LINE#         39
  C:19B6H         LINE#         40
  -------         ENDPROC       RF_SCAN
  -------         PROC          RF_HANDLE
  C:001CH         LINE#         43
  C:001CH         LINE#         44
  C:001CH         LINE#         46
  -------         ENDPROC       RF_HANDLE
  -------         PROC          TIMR2_IRQHANDLER
  -------         DO            
  B:0020H.0       SYMBOL        bit_end
  X:6050H         SYMBOL        Pluse_H_cnt
  X:6051H         SYMBOL        Pluse_L_cnt
  X:6052H         SYMBOL        rf_bit_cnt
  B:0020H.1       SYMBOL        f_levelbuf
  B:0020H.5       SYMBOL        flagerror
  B:0020H.6       SYMBOL        flagsuccess
  X:6053H         SYMBOL        filter
  B:0020H.2       SYMBOL        f_level
  -------         ENDDO         
  C:0C5CH         LINE#         49
  C:0C75H         LINE#         56
  C:0C77H         LINE#         57
  C:0C79H         LINE#         66
  C:0C79H         LINE#         70
  C:0C83H         LINE#         71
BL51 BANKED LINKER/LOCATER V6.22.4.0                                                  10/14/2024  11:47:03  PAGE 20


  C:0C83H         LINE#         72
  C:0C87H         LINE#         75
  C:0C8EH         LINE#         76
  C:0C91H         LINE#         77
  C:0C95H         LINE#         79
  C:0C9DH         LINE#         80
  C:0CA0H         LINE#         81
  C:0CA0H         LINE#         82
  C:0CA2H         LINE#         83
  C:0CA4H         LINE#         84
  C:0CAAH         LINE#         85
  C:0CAAH         LINE#         86
  C:0CACH         LINE#         87
  C:0CACH         LINE#         89
  C:0CAFH         LINE#         90
  C:0CAFH         LINE#         91
  C:0CB2H         LINE#         92
  C:0CB2H         LINE#         93
  C:0CB4H         LINE#         94
  C:0CBEH         LINE#         95
  C:0CBEH         LINE#         96
  C:0CD7H         LINE#         97
  C:0CECH         LINE#         98
  C:0CECH         LINE#         99
  C:0CEEH         LINE#         100
  C:0CF0H         LINE#         102
  C:0CF0H         LINE#         103
  C:0CFAH         LINE#         104
  C:0CFAH         LINE#         105
  C:0CFFH         LINE#         106
  C:0D01H         LINE#         108
  C:0D01H         LINE#         109
  C:0D03H         LINE#         110
  C:0D03H         LINE#         111
  C:0D05H         LINE#         113
  C:0D05H         LINE#         114
  C:0D07H         LINE#         115
  C:0D0DH         LINE#         116
  C:0D13H         LINE#         117
  C:0D13H         LINE#         118
  C:0D15H         LINE#         119
  C:0D15H         LINE#         120
  C:0D1AH         LINE#         121
  C:0D1AH         LINE#         122
  C:0D1CH         LINE#         124
  C:0D1CH         LINE#         125
  C:0D22H         LINE#         126
  C:0D28H         LINE#         127
  C:0D28H         LINE#         128
  C:0D2EH         LINE#         129
  C:0D2EH         LINE#         130
  C:0D30H         LINE#         131
  C:0D3AH         LINE#         132
  C:0D3CH         LINE#         134
  C:0D3CH         LINE#         135
  C:0D50H         LINE#         136
  C:0D52H         LINE#         137
BL51 BANKED LINKER/LOCATER V6.22.4.0                                                  10/14/2024  11:47:03  PAGE 21


  C:0D54H         LINE#         138
  C:0D54H         LINE#         139
  C:0D56H         LINE#         141
  C:0D56H         LINE#         142
  C:0D59H         LINE#         143
  C:0D59H         LINE#         144
  C:0D5BH         LINE#         145
  C:0D60H         LINE#         146
  C:0D62H         LINE#         147
  C:0D6BH         LINE#         148
  C:0D6BH         LINE#         149
  C:0D71H         LINE#         150
  C:0D76H         LINE#         151
  C:0D76H         LINE#         152
  C:0D78H         LINE#         153
  C:0D78H         LINE#         154
  C:0D7AH         LINE#         156
  C:0D7AH         LINE#         157
  C:0D7CH         LINE#         158
  C:0D7CH         LINE#         159
  C:0D7CH         LINE#         160
  C:0D7CH         LINE#         161
  C:0D7CH         LINE#         163
  C:0D82H         LINE#         164
  C:0D82H         LINE#         165
  C:0D87H         LINE#         166
  C:0D8BH         LINE#         167
  C:0D8DH         LINE#         168
  C:0D8FH         LINE#         169
  C:0D91H         LINE#         170
  C:0D91H         LINE#         172
  C:0D91H         LINE#         175
  C:0D91H         LINE#         176
  -------         ENDPROC       TIMR2_IRQHANDLER
  -------         ENDMOD        RFDECODE

  -------         MODULE        ?C?FPADD
  C:002EH         PUBLIC        ?C?FPADD
  C:002AH         PUBLIC        ?C?FPSUB
  -------         ENDMOD        ?C?FPADD

  -------         MODULE        ?C?FPMUL
  C:011FH         PUBLIC        ?C?FPMUL
  -------         ENDMOD        ?C?FPMUL

  -------         MODULE        ?C?FPDIV
  C:0228H         PUBLIC        ?C?FPDIV
  -------         ENDMOD        ?C?FPDIV

  -------         MODULE        ?C?FPCMP
  C:02C7H         PUBLIC        ?C?FPCMP
  C:02C5H         PUBLIC        ?C?FPCMP3
  -------         ENDMOD        ?C?FPCMP

  -------         MODULE        ?C?FCAST
  C:0348H         PUBLIC        ?C?FCASTC
  C:0343H         PUBLIC        ?C?FCASTI
BL51 BANKED LINKER/LOCATER V6.22.4.0                                                  10/14/2024  11:47:03  PAGE 22


  C:033EH         PUBLIC        ?C?FCASTL
  -------         ENDMOD        ?C?FCAST

  -------         MODULE        ?C?CASTF
  C:037CH         PUBLIC        ?C?CASTF
  -------         ENDMOD        ?C?CASTF

  -------         MODULE        POW
  X:6042H         PUBLIC        ?_pow?BYTE
  C:0AF6H         PUBLIC        _pow
  -------         ENDMOD        POW

  -------         MODULE        ?C?CHKFLOAT
  C:03FDH         PUBLIC        ?C?CHKFLOAT
  -------         ENDMOD        ?C?CHKFLOAT

  -------         MODULE        ?C?FPNEG
  C:0417H         PUBLIC        ?C?FPNEG
  -------         ENDMOD        ?C?FPNEG

  -------         MODULE        EXP
  C:14CAH         PUBLIC        _EXP
  -------         ENDMOD        EXP

  -------         MODULE        LOG
  C:0F0FH         PUBLIC        _LOG
  C:0F0BH         PUBLIC        _LOG10
  -------         ENDMOD        LOG

  -------         MODULE        ?C?ILDOPTR
  C:0475H         PUBLIC        ?C?ILDOPTR
  -------         ENDMOD        ?C?ILDOPTR

  -------         MODULE        ?C?ISTOPTR
  C:04ADH         PUBLIC        ?C?ISTOPTR
  -------         ENDMOD        ?C?ISTOPTR

  -------         MODULE        ?C?LMUL
  C:04DAH         PUBLIC        ?C?LMUL
  -------         ENDMOD        ?C?LMUL

  -------         MODULE        ?C?ULDIV
  C:0565H         PUBLIC        ?C?ULDIV
  -------         ENDMOD        ?C?ULDIV

  -------         MODULE        ?C?LNEG
  C:05F7H         PUBLIC        ?C?LNEG
  -------         ENDMOD        ?C?LNEG

  -------         MODULE        ?C?ULCMP
  C:0605H         PUBLIC        ?C?ULCMP
  -------         ENDMOD        ?C?ULCMP

  -------         MODULE        ?C?ULSHR
  C:0616H         PUBLIC        ?C?ULSHR
  -------         ENDMOD        ?C?ULSHR

BL51 BANKED LINKER/LOCATER V6.22.4.0                                                  10/14/2024  11:47:03  PAGE 23


  -------         MODULE        ?C?LSHL
  C:0629H         PUBLIC        ?C?LSHL
  -------         ENDMOD        ?C?LSHL

  -------         MODULE        ?C?LLDCODE
  C:063CH         PUBLIC        ?C?LLDCODE
  -------         ENDMOD        ?C?LLDCODE

  -------         MODULE        ?C?LLDXDATA0
  C:064CH         PUBLIC        ?C?LLDXDATA0
  -------         ENDMOD        ?C?LLDXDATA0

  -------         MODULE        ?C?LLDCODE0
  C:0658H         PUBLIC        ?C?LLDCODE0
  -------         ENDMOD        ?C?LLDCODE0

  -------         MODULE        ?C?LSTXDATA
  C:0668H         PUBLIC        ?C?LSTXDATA
  -------         ENDMOD        ?C?LSTXDATA

  -------         MODULE        ?C?LSTKXDATA
  C:0674H         PUBLIC        ?C?LSTKXDATA
  -------         ENDMOD        ?C?LSTKXDATA

  -------         MODULE        ?C?MEMSET
  C:06A5H         PUBLIC        ?C?MEMSET
  -------         ENDMOD        ?C?MEMSET

*** WARNING L16: UNCALLED SEGMENT, IGNORED FOR OVERLAY PROCESS
    SEGMENT: ?PR?RF_SCAN?RFDECODE

*** WARNING L16: UNCALLED SEGMENT, IGNORED FOR OVERLAY PROCESS
    SEGMENT: ?PR?RF_HANDLE?RFDECODE

Program Size: data=10.4 xdata=97 code=6582
LINK/LOCATE RUN COMPLETE.  2 WARNING(S),  0 ERROR(S)
